Archive member included to satisfy reference by file (symbol)

c:/nxp/s32ds.3.6.1/s32ds/build_tools/gcc_v10.2/gcc-10.2-arm32-eabi/bin/../lib/gcc/arm-none-eabi/10.2.0/../../../../arm-none-eabi/lib/thumb/v7e-m+fp/hard\libc_nano.a(lib_a-atoi.o)
                              ./BSW/ecu/DRIVER_IRIDIUM/Src/Iridium9603.o (atoi)
c:/nxp/s32ds.3.6.1/s32ds/build_tools/gcc_v10.2/gcc-10.2-arm32-eabi/bin/../lib/gcc/arm-none-eabi/10.2.0/../../../../arm-none-eabi/lib/thumb/v7e-m+fp/hard\libc_nano.a(lib_a-atol.o)
                              ./BSW/ecu/DRIVER_IRIDIUM/Src/Iridium9603.o (atol)
c:/nxp/s32ds.3.6.1/s32ds/build_tools/gcc_v10.2/gcc-10.2-arm32-eabi/bin/../lib/gcc/arm-none-eabi/10.2.0/../../../../arm-none-eabi/lib/thumb/v7e-m+fp/hard\libc_nano.a(lib_a-memcpy-stub.o)
                              ./BSW/ecu/DRIVER_IRIDIUM/Src/Iridium9603.o (memcpy)
c:/nxp/s32ds.3.6.1/s32ds/build_tools/gcc_v10.2/gcc-10.2-arm32-eabi/bin/../lib/gcc/arm-none-eabi/10.2.0/../../../../arm-none-eabi/lib/thumb/v7e-m+fp/hard\libc_nano.a(lib_a-memmove.o)
                              ./RTD/src/Siul2_Port_Ip.o (memmove)
c:/nxp/s32ds.3.6.1/s32ds/build_tools/gcc_v10.2/gcc-10.2-arm32-eabi/bin/../lib/gcc/arm-none-eabi/10.2.0/../../../../arm-none-eabi/lib/thumb/v7e-m+fp/hard\libc_nano.a(lib_a-memset.o)
                              ./ASW/SWC_Main_Controller/Src/swc_os.o (memset)
c:/nxp/s32ds.3.6.1/s32ds/build_tools/gcc_v10.2/gcc-10.2-arm32-eabi/bin/../lib/gcc/arm-none-eabi/10.2.0/../../../../arm-none-eabi/lib/thumb/v7e-m+fp/hard\libc_nano.a(lib_a-strchr.o)
                              ./BSW/ecu/DRIVER_IRIDIUM/Src/Iridium9603.o (strchr)
c:/nxp/s32ds.3.6.1/s32ds/build_tools/gcc_v10.2/gcc-10.2-arm32-eabi/bin/../lib/gcc/arm-none-eabi/10.2.0/../../../../arm-none-eabi/lib/thumb/v7e-m+fp/hard\libc_nano.a(lib_a-strstr.o)
                              ./BSW/ecu/DRIVER_IRIDIUM/Src/Iridium9603.o (strstr)
c:/nxp/s32ds.3.6.1/s32ds/build_tools/gcc_v10.2/gcc-10.2-arm32-eabi/bin/../lib/gcc/arm-none-eabi/10.2.0/../../../../arm-none-eabi/lib/thumb/v7e-m+fp/hard\libc_nano.a(lib_a-strtol.o)
                              c:/nxp/s32ds.3.6.1/s32ds/build_tools/gcc_v10.2/gcc-10.2-arm32-eabi/bin/../lib/gcc/arm-none-eabi/10.2.0/../../../../arm-none-eabi/lib/thumb/v7e-m+fp/hard\libc_nano.a(lib_a-atoi.o) (_strtol_r)
c:/nxp/s32ds.3.6.1/s32ds/build_tools/gcc_v10.2/gcc-10.2-arm32-eabi/bin/../lib/gcc/arm-none-eabi/10.2.0/../../../../arm-none-eabi/lib/thumb/v7e-m+fp/hard\libc_nano.a(lib_a-ctype_.o)
                              c:/nxp/s32ds.3.6.1/s32ds/build_tools/gcc_v10.2/gcc-10.2-arm32-eabi/bin/../lib/gcc/arm-none-eabi/10.2.0/../../../../arm-none-eabi/lib/thumb/v7e-m+fp/hard\libc_nano.a(lib_a-strtol.o) (_ctype_)
c:/nxp/s32ds.3.6.1/s32ds/build_tools/gcc_v10.2/gcc-10.2-arm32-eabi/bin/../lib/gcc/arm-none-eabi/10.2.0/../../../../arm-none-eabi/lib/thumb/v7e-m+fp/hard\libc_nano.a(lib_a-errno.o)
                              c:/nxp/s32ds.3.6.1/s32ds/build_tools/gcc_v10.2/gcc-10.2-arm32-eabi/bin/../lib/gcc/arm-none-eabi/10.2.0/../../../../arm-none-eabi/lib/thumb/v7e-m+fp/hard\libc_nano.a(lib_a-strtol.o) (__errno)
c:/nxp/s32ds.3.6.1/s32ds/build_tools/gcc_v10.2/gcc-10.2-arm32-eabi/bin/../lib/gcc/arm-none-eabi/10.2.0/../../../../arm-none-eabi/lib/thumb/v7e-m+fp/hard\libc_nano.a(lib_a-impure.o)
                              c:/nxp/s32ds.3.6.1/s32ds/build_tools/gcc_v10.2/gcc-10.2-arm32-eabi/bin/../lib/gcc/arm-none-eabi/10.2.0/../../../../arm-none-eabi/lib/thumb/v7e-m+fp/hard\libc_nano.a(lib_a-strtol.o) (_impure_ptr)
c:/nxp/s32ds.3.6.1/s32ds/build_tools/gcc_v10.2/gcc-10.2-arm32-eabi/bin/../lib/gcc/arm-none-eabi/10.2.0/thumb/v7e-m+fp/hard\libgcc.a(_arm_addsubsf3.o)
                              ./BSW/ecu/DRIVER_MS8607/SER/Src/MS8607_PTH.o (__aeabi_l2f)
c:/nxp/s32ds.3.6.1/s32ds/build_tools/gcc_v10.2/gcc-10.2-arm32-eabi/bin/../lib/gcc/arm-none-eabi/10.2.0/thumb/v7e-m+fp/hard\libgcc.a(_aeabi_ldivmod.o)
                              ./RTD/src/Clock_Ip_Frequency.o (__aeabi_ldivmod)
c:/nxp/s32ds.3.6.1/s32ds/build_tools/gcc_v10.2/gcc-10.2-arm32-eabi/bin/../lib/gcc/arm-none-eabi/10.2.0/thumb/v7e-m+fp/hard\libgcc.a(_aeabi_uldivmod.o)
                              ./RTD/src/Clock_Ip_Frequency.o (__aeabi_uldivmod)
c:/nxp/s32ds.3.6.1/s32ds/build_tools/gcc_v10.2/gcc-10.2-arm32-eabi/bin/../lib/gcc/arm-none-eabi/10.2.0/thumb/v7e-m+fp/hard\libgcc.a(_udivmoddi4.o)
                              c:/nxp/s32ds.3.6.1/s32ds/build_tools/gcc_v10.2/gcc-10.2-arm32-eabi/bin/../lib/gcc/arm-none-eabi/10.2.0/thumb/v7e-m+fp/hard\libgcc.a(_aeabi_ldivmod.o) (__udivmoddi4)
c:/nxp/s32ds.3.6.1/s32ds/build_tools/gcc_v10.2/gcc-10.2-arm32-eabi/bin/../lib/gcc/arm-none-eabi/10.2.0/thumb/v7e-m+fp/hard\libgcc.a(_dvmd_tls.o)
                              c:/nxp/s32ds.3.6.1/s32ds/build_tools/gcc_v10.2/gcc-10.2-arm32-eabi/bin/../lib/gcc/arm-none-eabi/10.2.0/thumb/v7e-m+fp/hard\libgcc.a(_aeabi_ldivmod.o) (__aeabi_ldiv0)

Discarded input sections

[...]
Memory Configuration

Name             Origin             Length             Attributes
int_pflash       0x00400000         0x001d4000
int_dflash       0x10000000         0x00020000
int_itcm         0x00000000         0x00008000
int_dtcm         0x20000000         0x0000f000
int_stack_dtcm   0x2000f000         0x00001000
int_sram         0x20400000         0x00007f00
int_sram_fls_rsv 0x20407f00         0x00000100
int_sram_no_cacheable 0x20408000         0x00007f00
int_sram_results 0x2040ff00         0x00000100
int_sram_shareable 0x20410000         0x00008000
ram_rsvd2        0x20418000         0x00000000
*default*        0x00000000         0xffffffff

Linker script and memory map

LOAD ./ASW/SWC_Main_Controller/Src/Init_Modules.o
LOAD ./ASW/SWC_Main_Controller/Src/swc_main_controller.o
LOAD ./ASW/SWC_Main_Controller/Src/swc_os.o
LOAD ./ASW/SWC_Memory/Src/swc_memory.o
LOAD ./ASW/SWC_Tem_Pre_Hum/Src/swc_tem_pre_hum.o
LOAD ./BSW/ecu/DRIVER_BME280/bme280.o
LOAD ./BSW/ecu/DRIVER_HUM/IF/Src/humidity.o
LOAD ./BSW/ecu/DRIVER_IOHWAB/DIO/IF/Src/Init_DRV.o
LOAD ./BSW/ecu/DRIVER_IRIDIUM/Src/Iridium9603.o
LOAD ./BSW/ecu/DRIVER_MEM/IF/Src/mem.o
LOAD ./BSW/ecu/DRIVER_MEM/MAL/Src/SPIF_Driver.o
LOAD ./BSW/ecu/DRIVER_MS8607/SER/Src/MS8607_PTH.o
LOAD ./BSW/ecu/TimeCounter/IF/Src/timeCounter.o
LOAD ./BSW/mcal/Delay/Delay.o
LOAD ./BSW/mcal/GPIO/GPIO.o
LOAD ./BSW/mcal/I2C_MCAL/I2C.o
LOAD ./BSW/mcal/SPI_MCAL/SPI_MCAL.o
LOAD ./Project_Settings/Startup_Code/Vector_Table.o
LOAD ./Project_Settings/Startup_Code/exceptions.o
LOAD ./Project_Settings/Startup_Code/nvic.o
LOAD ./Project_Settings/Startup_Code/startup.o
LOAD ./Project_Settings/Startup_Code/startup_cm7.o
LOAD ./Project_Settings/Startup_Code/system.o
LOAD ./RTD/src/Clock_Ip.o
LOAD ./RTD/src/Clock_Ip_Data.o
LOAD ./RTD/src/Clock_Ip_Divider.o
LOAD ./RTD/src/Clock_Ip_DividerTrigger.o
LOAD ./RTD/src/Clock_Ip_ExtOsc.o
LOAD ./RTD/src/Clock_Ip_FracDiv.o
LOAD ./RTD/src/Clock_Ip_Frequency.o
LOAD ./RTD/src/Clock_Ip_Gate.o
LOAD ./RTD/src/Clock_Ip_IntOsc.o
LOAD ./RTD/src/Clock_Ip_Irq.o
LOAD ./RTD/src/Clock_Ip_Monitor.o
LOAD ./RTD/src/Clock_Ip_Pll.o
LOAD ./RTD/src/Clock_Ip_ProgFreqSwitch.o
LOAD ./RTD/src/Clock_Ip_Selector.o
LOAD ./RTD/src/Clock_Ip_Specific.o
LOAD ./RTD/src/Det.o
LOAD ./RTD/src/Det_stub.o
LOAD ./RTD/src/Igf_Port_Ip.o
LOAD ./RTD/src/Lpi2c_Ip.o
LOAD ./RTD/src/Lpi2c_Ip_Irq.o
LOAD ./RTD/src/Lpspi_Ip.o
LOAD ./RTD/src/Lpspi_Ip_Irq.o
LOAD ./RTD/src/OsIf_Interrupts.o
LOAD ./RTD/src/OsIf_Software_Semaphore.o
LOAD ./RTD/src/OsIf_Timer.o
LOAD ./RTD/src/OsIf_Timer_System.o
LOAD ./RTD/src/OsIf_Timer_System_Internal_Systick.o
LOAD ./RTD/src/SchM_BaseNXP.o
LOAD ./RTD/src/SchM_Dio.o
LOAD ./RTD/src/SchM_I2c.o
LOAD ./RTD/src/SchM_Mcu.o
LOAD ./RTD/src/SchM_Port.o
LOAD ./RTD/src/SchM_Spi.o
LOAD ./RTD/src/Siul2_Dio_Ip.o
LOAD ./RTD/src/Siul2_Port_Ip.o
LOAD ./RTD/src/Tspc_Port_Ip.o
LOAD ./board/Siul2_Port_Ip_Cfg.o
LOAD ./board/Tspc_Port_Ip_Cfg.o
LOAD ./generate/src/Clock_Ip_Cfg.o
LOAD ./generate/src/Igf_Port_Ip_Cfg.o
LOAD ./generate/src/Lpi2c_Ip_Sa_PBcfg.o
LOAD ./generate/src/Lpspi_Ip_Sa_PBcfg.o
LOAD ./generate/src/OsIf_Cfg.o
LOAD ./src/main.o
LOAD c:/nxp/s32ds.3.6.1/s32ds/build_tools/gcc_v10.2/gcc-10.2-arm32-eabi/bin/../lib/gcc/arm-none-eabi/10.2.0/../../../../arm-none-eabi/lib/thumb/v7e-m+fp/hard\libc_nano.a
LOAD c:/nxp/s32ds.3.6.1/s32ds/build_tools/gcc_v10.2/gcc-10.2-arm32-eabi/bin/../lib/gcc/arm-none-eabi/10.2.0/../../../../arm-none-eabi/lib/thumb/v7e-m+fp/hard\libm.a
LOAD c:/nxp/s32ds.3.6.1/s32ds/build_tools/gcc_v10.2/gcc-10.2-arm32-eabi/bin/../lib/gcc/arm-none-eabi/10.2.0/thumb/v7e-m+fp/hard\libgcc.a
START GROUP
LOAD c:/nxp/s32ds.3.6.1/s32ds/build_tools/gcc_v10.2/gcc-10.2-arm32-eabi/bin/../lib/gcc/arm-none-eabi/10.2.0/thumb/v7e-m+fp/hard\libgcc.a
LOAD c:/nxp/s32ds.3.6.1/s32ds/build_tools/gcc_v10.2/gcc-10.2-arm32-eabi/bin/../lib/gcc/arm-none-eabi/10.2.0/../../../../arm-none-eabi/lib/thumb/v7e-m+fp/hard\libg_nano.a
LOAD c:/nxp/s32ds.3.6.1/s32ds/build_tools/gcc_v10.2/gcc-10.2-arm32-eabi/bin/../lib/gcc/arm-none-eabi/10.2.0/../../../../arm-none-eabi/lib/thumb/v7e-m+fp/hard\libc_nano.a
END GROUP
START GROUP
LOAD c:/nxp/s32ds.3.6.1/s32ds/build_tools/gcc_v10.2/gcc-10.2-arm32-eabi/bin/../lib/gcc/arm-none-eabi/10.2.0/thumb/v7e-m+fp/hard\libgcc.a
LOAD c:/nxp/s32ds.3.6.1/s32ds/build_tools/gcc_v10.2/gcc-10.2-arm32-eabi/bin/../lib/gcc/arm-none-eabi/10.2.0/../../../../arm-none-eabi/lib/thumb/v7e-m+fp/hard\libc_nano.a
LOAD c:/nxp/s32ds.3.6.1/s32ds/build_tools/gcc_v10.2/gcc-10.2-arm32-eabi/bin/../lib/gcc/arm-none-eabi/10.2.0/../../../../arm-none-eabi/lib/thumb/v7e-m+fp/hard\libnosys.a
END GROUP
START GROUP
LOAD c:/nxp/s32ds.3.6.1/s32ds/build_tools/gcc_v10.2/gcc-10.2-arm32-eabi/bin/../lib/gcc/arm-none-eabi/10.2.0/thumb/v7e-m+fp/hard\libgcc.a
LOAD c:/nxp/s32ds.3.6.1/s32ds/build_tools/gcc_v10.2/gcc-10.2-arm32-eabi/bin/../lib/gcc/arm-none-eabi/10.2.0/../../../../arm-none-eabi/lib/thumb/v7e-m+fp/hard\libc_nano.a
LOAD c:/nxp/s32ds.3.6.1/s32ds/build_tools/gcc_v10.2/gcc-10.2-arm32-eabi/bin/../lib/gcc/arm-none-eabi/10.2.0/../../../../arm-none-eabi/lib/thumb/v7e-m+fp/hard\libnosys.a
END GROUP
                0x00000200                HEAP_SIZE = DEFINED (__heap_size__)?__heap_size__:0x200
                0x20407fff                __STANDBY_RAM_LIMIT_END = 0x20407fff

.pflash         0x00400000     0xe7a4
 *(.boot_header)
 .boot_header   0x00400000      0x100 ./Project_Settings/Startup_Code/startup_cm7.o
                0x00402000                . = ALIGN (0x2000)
 *fill*         0x00400100     0x1f00 
                0x00402000                __text_start = .
                0x00402000                __interrupts_init_start = .
 *(.intc_vector)
 .intc_vector   0x00402000      0x408 ./Project_Settings/Startup_Code/Vector_Table.o
                0x00402000                VTABLE
                0x00402408                . = ALIGN (0x4)
                0x00402408                __interrupts_init_end = .
 *(.core_loop)
 .core_loop     0x00402408        0xc ./Project_Settings/Startup_Code/startup_cm7.o
                0x00402408                _core_loop
                0x00402414                . = ALIGN (0x4)
 *(.startup)
 *fill*         0x00402414        0xc 
 .startup       0x00402420      0x214 ./Project_Settings/Startup_Code/startup_cm7.o
                0x00402420                Reset_Handler
                0x00402420                _start
                0x004025b4                MCAL_LTB_TRACE_OFF
                0x004025b6                _end_of_eunit_test
                0x00402634                . = ALIGN (0x4)
 *(.systeminit)
                0x00402634                . = ALIGN (0x4)
 *(.text.startup)
 .text.startup  0x00402634       0x74 ./src/main.o
                0x00402634                main
                0x004026a8                . = ALIGN (0x4)
 *(.text)
 .text          0x004026a8        0x4 ./ASW/SWC_Main_Controller/Src/Init_Modules.o
                0x004026a8                modules_init
 .text          0x004026ac        0xa ./ASW/SWC_Main_Controller/Src/swc_main_controller.o
                0x004026ac                request_data_sensors
                0x004026ae                save_data_memory
                0x004026b0                init_controller
                0x004026b4                controller
 *fill*         0x004026b6        0x2 
 .text          0x004026b8      0x224 ./ASW/SWC_Main_Controller/Src/swc_os.o
                0x004027ce                Task_1s
                0x004027d2                Task_1m
                0x00402864                test_iridium
 .text          0x004028dc        0x2 ./ASW/SWC_Memory/Src/swc_memory.o
                0x004028dc                store_sensor_data_structure
 .text          0x004028de       0x1a ./ASW/SWC_Tem_Pre_Hum/Src/swc_tem_pre_hum.o
                0x004028de                sensor_vInit
                0x004028ec                getTemperaturePressureHumidity
 .text          0x004028f8      0x394 ./BSW/ecu/DRIVER_BME280/bme280.o
                0x004028f8                BME280_is_connected
                0x00402924                BME280_reset
                0x0040293a                BME280_read_compensation_parameters
                0x004029f0                BME280_vInit
                0x00402a6a                BME280_read_raw
                0x00402ac4                BME280_read_temperature_pressure_humidity
 .text          0x00402c8c        0x4 ./BSW/ecu/DRIVER_HUM/IF/Src/humidity.o
                0x00402c8c                request_data_humidity
 .text          0x00402c90       0x1e ./BSW/ecu/DRIVER_IOHWAB/DIO/IF/Src/Init_DRV.o
                0x00402c90                Drivers_init
 *fill*         0x00402cae        0x2 
 .text          0x00402cb0      0x55c ./BSW/ecu/DRIVER_IRIDIUM/Src/Iridium9603.o
                0x00402e24                Iridium9603_EnableModem
                0x00402f94                Iridium9603_GetSignalQuality
                0x00402fe4                Iridium9603_SendSBDText
                0x004031b0                Iridium9603_ClearMOBuffer
                0x004031e0                Iridium9603_DisableModem
 .text          0x0040320c      0x1ec ./BSW/ecu/DRIVER_MEM/IF/Src/mem.o
                0x0040320c                MEM_InitMemory
                0x004032b0                MEM_Convert_FrameToBytes
                0x004032cc                MEM_Convert_BytesToFrame
                0x004032ee                MEM_getMemAddress
                0x004032f8                MEM_getNumSavedFrames
                0x00403304                MEM_getSavedFrames
                0x00403334                MEM_Save_Frame
                0x004033b8                MEM_Erase_Memory
                0x004033d4                MEM_ConfigureNewMem
 .text          0x004033f8      0x468 ./BSW/ecu/DRIVER_MEM/MAL/Src/SPIF_Driver.o
                0x0040341c                float2bytes
                0x00403424                bytes2float
                0x0040342c                SPIF_Write_Enable
                0x00403456                SPIF_Write_Disable
                0x00403480                bytesToWrite
                0x0040348c                bytesToModify
                0x0040349a                SPIF_Global_Block_Protection_Unlock
                0x004034d0                SPIF_Erase_Chip
                0x0040350c                SPIF_Erase_Sector
                0x00403556                SPIF_Write_Clean
                0x0040360e                SPIF_Read
                0x004036ea                SPIF_Read_Num
                0x00403706                SPIF_Write_Update
                0x0040379e                SPIF_Write_Num
                0x004037ba                SPIF_ReadJedecId
                0x00403810                SPIF_Reset
 .text          0x00403860      0x57c ./BSW/ecu/DRIVER_MS8607/SER/Src/MS8607_PTH.o
                0x004038f8                ms8607_vInit
                0x00403914                ms8607_is_connected
                0x0040391e                ms8607_reset
                0x00403942                ms8607_set_humidity_resolution
                0x0040397c                ms8607_set_humidity_i2c_master_mode
                0x00403988                ms8607_get_humidity_battery_status
                0x004039a8                ms8607_enable_humidity_heater
                0x004039d2                ms8607_disable_humidity_heater
                0x004039f8                ms8607_get_heater_status
                0x00403a18                ms8607_get_compensated_humidity
                0x00403a50                ms8607_read_temperature_pressure_humidity
                0x00403db0                ms8607_set_pressure_resolution
 .text          0x00403ddc       0x64 ./BSW/ecu/TimeCounter/IF/Src/timeCounter.o
                0x00403ddc                Time_init_time
                0x00403de8                Time_increase_minute
                0x00403e10                Time_get_hour
                0x00403e1c                Time_get_minutes
                0x00403e28                Time_set_hour
                0x00403e34                Time_set_minutes
 .text          0x00403e40       0x7c ./BSW/mcal/Delay/Delay.o
                0x00403e40                Delay_vPauseMs
                0x00403e42                Delay_vMs
                0x00403e54                Delay_u32GetTicks
                0x00403e60                Delay_vTicksUpdate
                0x00403e70                Delay_count_1_minute
                0x00403e88                Delay_count_1_second
                0x00403ea0                SysTick_Handler
 .text          0x00403ebc       0x28 ./BSW/mcal/GPIO/GPIO.o
                0x00403ebc                GPIO_vInit
                0x00403ebe                GPIO_u32SetOutputState
                0x00403ed4                GPIO_ToggleOutputState
 .text          0x00403ee4       0xfc ./BSW/mcal/I2C_MCAL/I2C.o
                0x00403ee4                I2C0_vInit
                0x00403ef0                I2C1_vInit
                0x00403efc                I2C0_u8Write
                0x00403f2e                I2C0_u8WriteCmd
                0x00403f58                I2C1_u8WriteCmd
                0x00403f84                I2C0_u8Read
                0x00403fb0                I2C1_u8Write
                0x00403fb4                I2C1_u8Read
 .text          0x00403fe0      0x144 ./BSW/mcal/SPI_MCAL/SPI_MCAL.o
                0x00403fe0                SPI_vInitMaster
                0x00404004                SPI_u8Transmit
                0x00404038                SPI_u8ReceiveData
                0x0040407c                SPI_u8Transfer
                0x004040ac                SPI_u8ReadRegister
                0x00404102                SPI_u8WriteRegister
                0x0040411e                SPI_CS
 .text          0x00404124        0x0 ./Project_Settings/Startup_Code/Vector_Table.o
 .text          0x00404124        0x0 ./Project_Settings/Startup_Code/exceptions.o
 .text          0x00404124        0x0 ./Project_Settings/Startup_Code/nvic.o
 .text          0x00404124        0x0 ./Project_Settings/Startup_Code/startup.o
 .text          0x00404124        0x0 ./Project_Settings/Startup_Code/startup_cm7.o
 .text          0x00404124        0x0 ./Project_Settings/Startup_Code/system.o
 .text          0x00404124        0x0 ./RTD/src/Clock_Ip.o
 .text          0x00404124        0x0 ./RTD/src/Clock_Ip_Data.o
 .text          0x00404124        0x0 ./RTD/src/Clock_Ip_Divider.o
 .text          0x00404124        0x0 ./RTD/src/Clock_Ip_DividerTrigger.o
 .text          0x00404124        0x0 ./RTD/src/Clock_Ip_ExtOsc.o
 .text          0x00404124        0x0 ./RTD/src/Clock_Ip_FracDiv.o
 .text          0x00404124        0x0 ./RTD/src/Clock_Ip_Frequency.o
 .text          0x00404124        0x0 ./RTD/src/Clock_Ip_Gate.o
 .text          0x00404124        0x0 ./RTD/src/Clock_Ip_IntOsc.o
 .text          0x00404124        0x0 ./RTD/src/Clock_Ip_Irq.o
 .text          0x00404124        0x0 ./RTD/src/Clock_Ip_Monitor.o
 .text          0x00404124        0x0 ./RTD/src/Clock_Ip_Pll.o
 .text          0x00404124        0x0 ./RTD/src/Clock_Ip_ProgFreqSwitch.o
 .text          0x00404124        0x0 ./RTD/src/Clock_Ip_Selector.o
 .text          0x00404124        0x0 ./RTD/src/Clock_Ip_Specific.o
 .text          0x00404124        0x0 ./RTD/src/Det.o
 .text          0x00404124        0x0 ./RTD/src/Det_stub.o
 .text          0x00404124        0x0 ./RTD/src/Igf_Port_Ip.o
 .text          0x00404124        0x0 ./RTD/src/Lpi2c_Ip.o
 .text          0x00404124        0x0 ./RTD/src/Lpi2c_Ip_Irq.o
 .text          0x00404124        0x0 ./RTD/src/Lpspi_Ip.o
 .text          0x00404124        0x0 ./RTD/src/Lpspi_Ip_Irq.o
 .text          0x00404124        0x0 ./RTD/src/OsIf_Interrupts.o
 .text          0x00404124        0x0 ./RTD/src/OsIf_Software_Semaphore.o
 .text          0x00404124        0x0 ./RTD/src/OsIf_Timer.o
 .text          0x00404124        0x0 ./RTD/src/OsIf_Timer_System.o
 .text          0x00404124        0x0 ./RTD/src/OsIf_Timer_System_Internal_Systick.o
 .text          0x00404124        0x6 ./RTD/src/SchM_BaseNXP.o
                0x00404124                BaseNXP_schm_read_msr
 .text          0x0040412a        0x6 ./RTD/src/SchM_Dio.o
                0x0040412a                Dio_schm_read_msr
 .text          0x00404130        0x6 ./RTD/src/SchM_I2c.o
                0x00404130                I2c_schm_read_msr
 .text          0x00404136        0x6 ./RTD/src/SchM_Mcu.o
                0x00404136                Mcu_schm_read_msr
 .text          0x0040413c        0x6 ./RTD/src/SchM_Port.o
                0x0040413c                Port_schm_read_msr
 .text          0x00404142        0x6 ./RTD/src/SchM_Spi.o
                0x00404142                Spi_schm_read_msr
 .text          0x00404148       0x14 ./RTD/src/Siul2_Dio_Ip.o
 .text          0x0040415c       0x14 ./RTD/src/Siul2_Port_Ip.o
 .text          0x00404170        0x0 ./RTD/src/Tspc_Port_Ip.o
 .text          0x00404170        0x0 ./board/Siul2_Port_Ip_Cfg.o
 .text          0x00404170        0x0 ./board/Tspc_Port_Ip_Cfg.o
 .text          0x00404170        0x0 ./generate/src/Clock_Ip_Cfg.o
 .text          0x00404170        0x0 ./generate/src/Igf_Port_Ip_Cfg.o
 .text          0x00404170        0x0 ./generate/src/Lpi2c_Ip_Sa_PBcfg.o
 .text          0x00404170        0x0 ./generate/src/Lpspi_Ip_Sa_PBcfg.o
 .text          0x00404170        0x0 ./generate/src/OsIf_Cfg.o
 .text          0x00404170       0x18 ./src/main.o
                0x00404170                SysTick_Conf
 .text          0x00404188        0x0 c:/nxp/s32ds.3.6.1/s32ds/build_tools/gcc_v10.2/gcc-10.2-arm32-eabi/bin/../lib/gcc/arm-none-eabi/10.2.0/../../../../arm-none-eabi/lib/thumb/v7e-m+fp/hard\libc_nano.a(lib_a-atoi.o)
 .text          0x00404188        0x0 c:/nxp/s32ds.3.6.1/s32ds/build_tools/gcc_v10.2/gcc-10.2-arm32-eabi/bin/../lib/gcc/arm-none-eabi/10.2.0/../../../../arm-none-eabi/lib/thumb/v7e-m+fp/hard\libc_nano.a(lib_a-atol.o)
 .text          0x00404188        0x0 c:/nxp/s32ds.3.6.1/s32ds/build_tools/gcc_v10.2/gcc-10.2-arm32-eabi/bin/../lib/gcc/arm-none-eabi/10.2.0/../../../../arm-none-eabi/lib/thumb/v7e-m+fp/hard\libc_nano.a(lib_a-memcpy-stub.o)
 .text          0x00404188        0x0 c:/nxp/s32ds.3.6.1/s32ds/build_tools/gcc_v10.2/gcc-10.2-arm32-eabi/bin/../lib/gcc/arm-none-eabi/10.2.0/../../../../arm-none-eabi/lib/thumb/v7e-m+fp/hard\libc_nano.a(lib_a-memmove.o)
 .text          0x00404188        0x0 c:/nxp/s32ds.3.6.1/s32ds/build_tools/gcc_v10.2/gcc-10.2-arm32-eabi/bin/../lib/gcc/arm-none-eabi/10.2.0/../../../../arm-none-eabi/lib/thumb/v7e-m+fp/hard\libc_nano.a(lib_a-memset.o)
 .text          0x00404188        0x0 c:/nxp/s32ds.3.6.1/s32ds/build_tools/gcc_v10.2/gcc-10.2-arm32-eabi/bin/../lib/gcc/arm-none-eabi/10.2.0/../../../../arm-none-eabi/lib/thumb/v7e-m+fp/hard\libc_nano.a(lib_a-strchr.o)
 .text          0x00404188        0x0 c:/nxp/s32ds.3.6.1/s32ds/build_tools/gcc_v10.2/gcc-10.2-arm32-eabi/bin/../lib/gcc/arm-none-eabi/10.2.0/../../../../arm-none-eabi/lib/thumb/v7e-m+fp/hard\libc_nano.a(lib_a-strstr.o)
 .text          0x00404188        0x0 c:/nxp/s32ds.3.6.1/s32ds/build_tools/gcc_v10.2/gcc-10.2-arm32-eabi/bin/../lib/gcc/arm-none-eabi/10.2.0/../../../../arm-none-eabi/lib/thumb/v7e-m+fp/hard\libc_nano.a(lib_a-strtol.o)
 .text          0x00404188        0x0 c:/nxp/s32ds.3.6.1/s32ds/build_tools/gcc_v10.2/gcc-10.2-arm32-eabi/bin/../lib/gcc/arm-none-eabi/10.2.0/../../../../arm-none-eabi/lib/thumb/v7e-m+fp/hard\libc_nano.a(lib_a-ctype_.o)
 .text          0x00404188        0x0 c:/nxp/s32ds.3.6.1/s32ds/build_tools/gcc_v10.2/gcc-10.2-arm32-eabi/bin/../lib/gcc/arm-none-eabi/10.2.0/../../../../arm-none-eabi/lib/thumb/v7e-m+fp/hard\libc_nano.a(lib_a-errno.o)
 .text          0x00404188        0x0 c:/nxp/s32ds.3.6.1/s32ds/build_tools/gcc_v10.2/gcc-10.2-arm32-eabi/bin/../lib/gcc/arm-none-eabi/10.2.0/../../../../arm-none-eabi/lib/thumb/v7e-m+fp/hard\libc_nano.a(lib_a-impure.o)
 .text          0x00404188      0x21c c:/nxp/s32ds.3.6.1/s32ds/build_tools/gcc_v10.2/gcc-10.2-arm32-eabi/bin/../lib/gcc/arm-none-eabi/10.2.0/thumb/v7e-m+fp/hard\libgcc.a(_arm_addsubsf3.o)
                0x00404188                __aeabi_frsub
                0x00404190                __subsf3
                0x00404190                __aeabi_fsub
                0x00404194                __aeabi_fadd
                0x00404194                __addsf3
                0x004042f4                __aeabi_ui2f
                0x004042f4                __floatunsisf
                0x004042fc                __aeabi_i2f
                0x004042fc                __floatsisf
                0x00404318                __aeabi_ul2f
                0x00404318                __floatundisf
                0x00404328                __aeabi_l2f
                0x00404328                __floatdisf
 .text          0x004043a4       0xa0 c:/nxp/s32ds.3.6.1/s32ds/build_tools/gcc_v10.2/gcc-10.2-arm32-eabi/bin/../lib/gcc/arm-none-eabi/10.2.0/thumb/v7e-m+fp/hard\libgcc.a(_aeabi_ldivmod.o)
                0x004043a4                __aeabi_ldivmod
 .text          0x00404444       0x30 c:/nxp/s32ds.3.6.1/s32ds/build_tools/gcc_v10.2/gcc-10.2-arm32-eabi/bin/../lib/gcc/arm-none-eabi/10.2.0/thumb/v7e-m+fp/hard\libgcc.a(_aeabi_uldivmod.o)
                0x00404444                __aeabi_uldivmod
 .text          0x00404474      0x2d8 c:/nxp/s32ds.3.6.1/s32ds/build_tools/gcc_v10.2/gcc-10.2-arm32-eabi/bin/../lib/gcc/arm-none-eabi/10.2.0/thumb/v7e-m+fp/hard\libgcc.a(_udivmoddi4.o)
                0x00404474                __udivmoddi4
 .text          0x0040474c        0x4 c:/nxp/s32ds.3.6.1/s32ds/build_tools/gcc_v10.2/gcc-10.2-arm32-eabi/bin/../lib/gcc/arm-none-eabi/10.2.0/thumb/v7e-m+fp/hard\libgcc.a(_dvmd_tls.o)
                0x0040474c                __aeabi_idiv0
                0x0040474c                __aeabi_ldiv0
 *(.text*)
 .text.atoi     0x00404750        0x8 c:/nxp/s32ds.3.6.1/s32ds/build_tools/gcc_v10.2/gcc-10.2-arm32-eabi/bin/../lib/gcc/arm-none-eabi/10.2.0/../../../../arm-none-eabi/lib/thumb/v7e-m+fp/hard\libc_nano.a(lib_a-atoi.o)
                0x00404750                atoi
 .text._atoi_r  0x00404758        0x8 c:/nxp/s32ds.3.6.1/s32ds/build_tools/gcc_v10.2/gcc-10.2-arm32-eabi/bin/../lib/gcc/arm-none-eabi/10.2.0/../../../../arm-none-eabi/lib/thumb/v7e-m+fp/hard\libc_nano.a(lib_a-atoi.o)
                0x00404758                _atoi_r
 .text.atol     0x00404760        0x8 c:/nxp/s32ds.3.6.1/s32ds/build_tools/gcc_v10.2/gcc-10.2-arm32-eabi/bin/../lib/gcc/arm-none-eabi/10.2.0/../../../../arm-none-eabi/lib/thumb/v7e-m+fp/hard\libc_nano.a(lib_a-atol.o)
                0x00404760                atol
 .text._atol_r  0x00404768        0x8 c:/nxp/s32ds.3.6.1/s32ds/build_tools/gcc_v10.2/gcc-10.2-arm32-eabi/bin/../lib/gcc/arm-none-eabi/10.2.0/../../../../arm-none-eabi/lib/thumb/v7e-m+fp/hard\libc_nano.a(lib_a-atol.o)
                0x00404768                _atol_r
 .text.memcpy   0x00404770       0x1c c:/nxp/s32ds.3.6.1/s32ds/build_tools/gcc_v10.2/gcc-10.2-arm32-eabi/bin/../lib/gcc/arm-none-eabi/10.2.0/../../../../arm-none-eabi/lib/thumb/v7e-m+fp/hard\libc_nano.a(lib_a-memcpy-stub.o)
                0x00404770                memcpy
 .text.memmove  0x0040478c       0x34 c:/nxp/s32ds.3.6.1/s32ds/build_tools/gcc_v10.2/gcc-10.2-arm32-eabi/bin/../lib/gcc/arm-none-eabi/10.2.0/../../../../arm-none-eabi/lib/thumb/v7e-m+fp/hard\libc_nano.a(lib_a-memmove.o)
                0x0040478c                memmove
 .text.memset   0x004047c0       0x10 c:/nxp/s32ds.3.6.1/s32ds/build_tools/gcc_v10.2/gcc-10.2-arm32-eabi/bin/../lib/gcc/arm-none-eabi/10.2.0/../../../../arm-none-eabi/lib/thumb/v7e-m+fp/hard\libc_nano.a(lib_a-memset.o)
                0x004047c0                memset
 .text.strchr   0x004047d0       0x1a c:/nxp/s32ds.3.6.1/s32ds/build_tools/gcc_v10.2/gcc-10.2-arm32-eabi/bin/../lib/gcc/arm-none-eabi/10.2.0/../../../../arm-none-eabi/lib/thumb/v7e-m+fp/hard\libc_nano.a(lib_a-strchr.o)
                0x004047d0                strchr
 .text.strstr   0x004047ea       0x2c c:/nxp/s32ds.3.6.1/s32ds/build_tools/gcc_v10.2/gcc-10.2-arm32-eabi/bin/../lib/gcc/arm-none-eabi/10.2.0/../../../../arm-none-eabi/lib/thumb/v7e-m+fp/hard\libc_nano.a(lib_a-strstr.o)
                0x004047ea                strstr
 *fill*         0x00404816        0x2 
 .text._strtol_l.constprop.0
                0x00404818      0x104 c:/nxp/s32ds.3.6.1/s32ds/build_tools/gcc_v10.2/gcc-10.2-arm32-eabi/bin/../lib/gcc/arm-none-eabi/10.2.0/../../../../arm-none-eabi/lib/thumb/v7e-m+fp/hard\libc_nano.a(lib_a-strtol.o)
 .text._strtol_r
                0x0040491c        0x4 c:/nxp/s32ds.3.6.1/s32ds/build_tools/gcc_v10.2/gcc-10.2-arm32-eabi/bin/../lib/gcc/arm-none-eabi/10.2.0/../../../../arm-none-eabi/lib/thumb/v7e-m+fp/hard\libc_nano.a(lib_a-strtol.o)
                0x0040491c                _strtol_r
 .text.strtol_l
                0x00404920       0x14 c:/nxp/s32ds.3.6.1/s32ds/build_tools/gcc_v10.2/gcc-10.2-arm32-eabi/bin/../lib/gcc/arm-none-eabi/10.2.0/../../../../arm-none-eabi/lib/thumb/v7e-m+fp/hard\libc_nano.a(lib_a-strtol.o)
                0x00404920                strtol_l
 .text.strtol   0x00404934       0x14 c:/nxp/s32ds.3.6.1/s32ds/build_tools/gcc_v10.2/gcc-10.2-arm32-eabi/bin/../lib/gcc/arm-none-eabi/10.2.0/../../../../arm-none-eabi/lib/thumb/v7e-m+fp/hard\libc_nano.a(lib_a-strtol.o)
                0x00404934                strtol
 .text.__errno  0x00404948        0xc c:/nxp/s32ds.3.6.1/s32ds/build_tools/gcc_v10.2/gcc-10.2-arm32-eabi/bin/../lib/gcc/arm-none-eabi/10.2.0/../../../../arm-none-eabi/lib/thumb/v7e-m+fp/hard\libc_nano.a(lib_a-errno.o)
                0x00404948                __errno
                0x00404954                . = ALIGN (0x4)
 *(.mcal_text)
 .mcal_text     0x00404954       0x14 ./Project_Settings/Startup_Code/exceptions.o
                0x00404954                NMI_Handler
                0x00404956                HardFault_Handler
                0x00404958                MemManage_Handler
                0x0040495a                BusFault_Handler
                0x0040495c                UsageFault_Handler
                0x0040495e                SVC_Handler
                0x00404960                DebugMon_Handler
                0x00404962                PendSV_Handler
                0x00404966                undefined_handler
 .mcal_text     0x00404968       0x52 ./Project_Settings/Startup_Code/nvic.o
                0x00404968                NVIC_SetPriorityGrouping
                0x0040497c                NVIC_EnableIRQ
                0x00404994                NVIC_DisableIRQ
                0x004049ac                NVIC_SetPriority
 *fill*         0x004049ba        0x2 
 .mcal_text     0x004049bc       0xe8 ./Project_Settings/Startup_Code/startup.o
                0x004049bc                init_data_bss
                0x00404a48                init_data_bss_core2
 .mcal_text     0x00404aa4      0x338 ./Project_Settings/Startup_Code/system.o
                0x00404aa4                startup_go_to_user_mode
                0x00404aa6                default_interrupt_routine
                0x00404aa8                Sys_GetCoreID
                0x00404ab8                SystemInit
                0x00404dc0                Enable_FPU
 .mcal_text     0x00404ddc      0x888 ./RTD/src/Clock_Ip.o
                0x00404dde                Clock_Ip_InitClock
                0x00405384                Clock_Ip_GetPllStatus
                0x00405428                Clock_Ip_DistributePll
                0x00405514                Clock_Ip_Init
                0x00405538                Clock_Ip_DisableClockMonitor
                0x0040555c                Clock_Ip_InstallNotificationsCallback
                0x00405568                Clock_Ip_DisableModuleClock
                0x00405590                Clock_Ip_EnableModuleClock
                0x004055b8                Clock_Ip_GetClockFrequency
                0x004055bc                Clock_Ip_DisableFircInStandby
                0x004055d4                Clock_Ip_EnableFircInStandby
                0x004055ec                Clock_Ip_DisableSircInStandby
                0x00405604                Clock_Ip_EnableSircInStandby
                0x0040561c                Clock_Ip_ReportClockErrors
                0x00405628                Clock_Ip_StartTimeout
                0x00405648                Clock_Ip_TimeoutExpired
 .mcal_text     0x00405664      0x1e4 ./RTD/src/Clock_Ip_Divider.o
 .mcal_text     0x00405848       0x9c ./RTD/src/Clock_Ip_DividerTrigger.o
 .mcal_text     0x004058e4      0x254 ./RTD/src/Clock_Ip_ExtOsc.o
 .mcal_text     0x00405b38        0x6 ./RTD/src/Clock_Ip_FracDiv.o
 *fill*         0x00405b3e        0x2 
 .mcal_text     0x00405b40     0x113c ./RTD/src/Clock_Ip_Frequency.o
                0x00406be4                Clock_Ip_Get_RTC_CLK_Frequency_TrustedCall
                0x00406c2c                Clock_Ip_SetExternalOscillatorFrequency
                0x00406c4c                Clock_Ip_GetFreq
                0x00406c58                Clock_Ip_SetExternalSignalFrequency
 .mcal_text     0x00406c7c      0x150 ./RTD/src/Clock_Ip_Gate.o
 .mcal_text     0x00406dcc      0x104 ./RTD/src/Clock_Ip_IntOsc.o
 .mcal_text     0x00406ed0        0x4 ./RTD/src/Clock_Ip_Irq.o
                0x00406ed0                Mcu_Cmu_ClockFail_IRQHandler
 .mcal_text     0x00406ed4      0x288 ./RTD/src/Clock_Ip_Monitor.o
                0x00407114                Clock_Ip_CMU_ClockFailInt
 .mcal_text     0x0040715c      0x184 ./RTD/src/Clock_Ip_Pll.o
 .mcal_text     0x004072e0      0x1f0 ./RTD/src/Clock_Ip_ProgFreqSwitch.o
 .mcal_text     0x004074d0      0x3dc ./RTD/src/Clock_Ip_Selector.o
                0x00407880                Clock_Ip_SetRtcRtccClksel_TrustedCall
 .mcal_text     0x004078ac      0x344 ./RTD/src/Clock_Ip_Specific.o
                0x004078ac                Clock_Ip_SetFlashWaitStates
                0x004078b0                Clock_Ip_McMeEnterKey
                0x004078c4                Clock_Ip_PowerClockIpModules
                0x00407b44                DisableFircInStandbyMode
                0x00407b54                EnableFircInStandbyMode
                0x00407b70                DisableSircInStandbyMode
                0x00407b80                EnableSircInStandbyMode
                0x00407b9c                Clock_Ip_Command
                0x00407bec                Clock_Ip_SetRamWaitStates
 .mcal_text     0x00407bf0      0x504 ./RTD/src/Det.o
                0x00407bf0                Det_Start
                0x00407bf2                Det_InitDataNode
                0x00407c78                Det_LinkNodeToHead
                0x00407ca8                Det_DelAllNodesSameId
                0x00407da6                Det_FreeNodesInLinkedList
                0x00407ddc                Det_Init
                0x00407fd4                Det_ReportError
                0x00408034                Det_ReportRuntimeError
                0x00408094                Det_ReportTransientFault
 .mcal_text     0x004080f4      0x1e0 ./RTD/src/Det_stub.o
                0x004080f4                Det_TestLastReportError
                0x00408144                Det_TestLastReportRuntimeError
                0x00408194                Det_TestLastReportTransientFault
                0x004081e4                Det_TestNoError
                0x00408234                Det_TestNoRuntimeError
                0x00408284                Det_TestNoTransientFault
 .mcal_text     0x004082d4      0xf14 ./RTD/src/Lpi2c_Ip.o
                0x00408604                Lpi2c_Ip_MasterSetBaudRate
                0x004086f0                Lpi2c_Ip_MasterInit
                0x00408848                Lpi2c_Ip_MasterDeinit
                0x00408898                Lpi2c_Ip_MasterGetBaudRate
                0x004088c4                Lpi2c_Ip_MasterSetSlaveAddr
                0x004088d8                Lpi2c_Ip_MasterSendData
                0x00408954                Lpi2c_Ip_MasterSendDataBlocking
                0x00408a7c                Lpi2c_Ip_MasterReceiveData
                0x00408b00                Lpi2c_Ip_MasterReceiveDataBlocking
                0x00408c4c                Lpi2c_Ip_MasterGetTransferStatus
                0x00408c68                Lpi2c_Ip_SlaveInit
                0x00408db0                Lpi2c_Ip_StartListening
                0x00408db4                Lpi2c_Ip_SlaveDeinit
                0x00408e28                Lpi2c_Ip_SlaveSetBuffer
                0x00408e3c                Lpi2c_Ip_SlaveGetTransferStatus
                0x00408e58                Lpi2c_Ip_MasterIRQHandler
                0x00408fb8                Lpi2c_Ip_SlaveIRQHandler
                0x00409160                Lpi2c_Ip_ModuleIRQHandler
                0x004091c8                Lpi2c_Ip_SetMasterCallback
                0x004091d8                Lpi2c_Ip_SetSlaveCallback
 .mcal_text     0x004091e8        0xc ./RTD/src/Lpi2c_Ip_Irq.o
                0x004091e8                LPI2C0_Master_Slave_IRQHandler
                0x004091ee                LPI2C1_Master_Slave_IRQHandler
 .mcal_text     0x004091f4      0x804 ./RTD/src/Lpspi_Ip.o
                0x0040950c                Lpspi_Ip_DeInit
                0x00409540                Lpspi_Ip_SyncTransmit
                0x00409798                Lpspi_Ip_AsyncTransmit
                0x0040981c                Lpspi_Ip_ManageBuffers
                0x0040984c                Lpspi_Ip_UpdateTransferParam
                0x00409880                Lpspi_Ip_UpdateFrameSize
                0x0040989c                Lpspi_Ip_UpdateLsb
                0x004098b8                Lpspi_Ip_UpdateByteSwap
                0x004098d4                Lpspi_Ip_UpdateDefaultTransmitData
                0x004098f0                Lpspi_Ip_UpdateTransferMode
                0x00409908                Lpspi_Ip_Init
                0x00409958                Lpspi_Ip_Cancel
                0x004099a4                Lpspi_Ip_IrqHandler
                0x004099e8                Lpspi_Ip_GetStatus
 .mcal_text     0x004099f8        0xc ./RTD/src/Lpspi_Ip_Irq.o
                0x004099f8                Lpspi_Ip_LPSPI_0_IRQHandler
                0x004099fe                Lpspi_Ip_LPSPI_1_IRQHandler
 .mcal_text     0x00409a04       0x1e ./RTD/src/OsIf_Timer.o
                0x00409a04                OsIf_Init
                0x00409a0c                OsIf_GetCounter
                0x00409a10                OsIf_GetElapsed
                0x00409a18                OsIf_SetTimerFrequency
                0x00409a1a                OsIf_MicrosToTicks
 .mcal_text     0x00409a22       0x4c ./RTD/src/OsIf_Timer_System_Internal_Systick.o
                0x00409a22                OsIf_Timer_System_Internal_Init
                0x00409a38                OsIf_Timer_System_Internal_GetCounter
                0x00409a44                OsIf_Timer_System_Internal_GetElapsed
 *fill*         0x00409a6e        0x2 
 .mcal_text     0x00409a70       0xc8 ./RTD/src/SchM_BaseNXP.o
                0x00409a70                SchM_Enter_BaseNXP_BASENXP_EXCLUSIVE_AREA_00
                0x00409aa4                SchM_Exit_BaseNXP_BASENXP_EXCLUSIVE_AREA_00
                0x00409ad4                SchM_Enter_BaseNXP_BASENXP_EXCLUSIVE_AREA_01
                0x00409b08                SchM_Exit_BaseNXP_BASENXP_EXCLUSIVE_AREA_01
 .mcal_text     0x00409b38       0xc8 ./RTD/src/SchM_Dio.o
                0x00409b38                SchM_Enter_Dio_DIO_EXCLUSIVE_AREA_00
                0x00409b6c                SchM_Exit_Dio_DIO_EXCLUSIVE_AREA_00
                0x00409b9c                SchM_Enter_Dio_DIO_EXCLUSIVE_AREA_01
                0x00409bd0                SchM_Exit_Dio_DIO_EXCLUSIVE_AREA_01
 .mcal_text     0x00409c00      0xce4 ./RTD/src/SchM_I2c.o
                0x00409c00                SchM_Enter_I2c_I2C_EXCLUSIVE_AREA_00
                0x00409c34                SchM_Exit_I2c_I2C_EXCLUSIVE_AREA_00
                0x00409c64                SchM_Enter_I2c_I2C_EXCLUSIVE_AREA_01
                0x00409c98                SchM_Exit_I2c_I2C_EXCLUSIVE_AREA_01
                0x00409cc8                SchM_Enter_I2c_I2C_EXCLUSIVE_AREA_02
                0x00409cfc                SchM_Exit_I2c_I2C_EXCLUSIVE_AREA_02
                0x00409d2c                SchM_Enter_I2c_I2C_EXCLUSIVE_AREA_03
                0x00409d60                SchM_Exit_I2c_I2C_EXCLUSIVE_AREA_03
                0x00409d90                SchM_Enter_I2c_I2C_EXCLUSIVE_AREA_04
                0x00409dc4                SchM_Exit_I2c_I2C_EXCLUSIVE_AREA_04
                0x00409df4                SchM_Enter_I2c_I2C_EXCLUSIVE_AREA_05
                0x00409e28                SchM_Exit_I2c_I2C_EXCLUSIVE_AREA_05
                0x00409e58                SchM_Enter_I2c_I2C_EXCLUSIVE_AREA_06
                0x00409e8c                SchM_Exit_I2c_I2C_EXCLUSIVE_AREA_06
                0x00409ebc                SchM_Enter_I2c_I2C_EXCLUSIVE_AREA_07
                0x00409ef0                SchM_Exit_I2c_I2C_EXCLUSIVE_AREA_07
                0x00409f20                SchM_Enter_I2c_I2C_EXCLUSIVE_AREA_08
                0x00409f54                SchM_Exit_I2c_I2C_EXCLUSIVE_AREA_08
                0x00409f84                SchM_Enter_I2c_I2C_EXCLUSIVE_AREA_09
                0x00409fb8                SchM_Exit_I2c_I2C_EXCLUSIVE_AREA_09
                0x00409fe8                SchM_Enter_I2c_I2C_EXCLUSIVE_AREA_10
                0x0040a01c                SchM_Exit_I2c_I2C_EXCLUSIVE_AREA_10
                0x0040a04c                SchM_Enter_I2c_I2C_EXCLUSIVE_AREA_11
                0x0040a080                SchM_Exit_I2c_I2C_EXCLUSIVE_AREA_11
                0x0040a0b0                SchM_Enter_I2c_I2C_EXCLUSIVE_AREA_12
                0x0040a0e4                SchM_Exit_I2c_I2C_EXCLUSIVE_AREA_12
                0x0040a114                SchM_Enter_I2c_I2C_EXCLUSIVE_AREA_13
                0x0040a148                SchM_Exit_I2c_I2C_EXCLUSIVE_AREA_13
                0x0040a178                SchM_Enter_I2c_I2C_EXCLUSIVE_AREA_14
                0x0040a1ac                SchM_Exit_I2c_I2C_EXCLUSIVE_AREA_14
                0x0040a1dc                SchM_Enter_I2c_I2C_EXCLUSIVE_AREA_15
                0x0040a210                SchM_Exit_I2c_I2C_EXCLUSIVE_AREA_15
                0x0040a240                SchM_Enter_I2c_I2C_EXCLUSIVE_AREA_16
                0x0040a274                SchM_Exit_I2c_I2C_EXCLUSIVE_AREA_16
                0x0040a2a4                SchM_Enter_I2c_I2C_EXCLUSIVE_AREA_17
                0x0040a2d8                SchM_Exit_I2c_I2C_EXCLUSIVE_AREA_17
                0x0040a308                SchM_Enter_I2c_I2C_EXCLUSIVE_AREA_18
                0x0040a33c                SchM_Exit_I2c_I2C_EXCLUSIVE_AREA_18
                0x0040a36c                SchM_Enter_I2c_I2C_EXCLUSIVE_AREA_19
                0x0040a3a0                SchM_Exit_I2c_I2C_EXCLUSIVE_AREA_19
                0x0040a3d0                SchM_Enter_I2c_I2C_EXCLUSIVE_AREA_20
                0x0040a404                SchM_Exit_I2c_I2C_EXCLUSIVE_AREA_20
                0x0040a434                SchM_Enter_I2c_I2C_EXCLUSIVE_AREA_21
                0x0040a468                SchM_Exit_I2c_I2C_EXCLUSIVE_AREA_21
                0x0040a498                SchM_Enter_I2c_I2C_EXCLUSIVE_AREA_22
                0x0040a4cc                SchM_Exit_I2c_I2C_EXCLUSIVE_AREA_22
                0x0040a4fc                SchM_Enter_I2c_I2C_EXCLUSIVE_AREA_23
                0x0040a530                SchM_Exit_I2c_I2C_EXCLUSIVE_AREA_23
                0x0040a560                SchM_Enter_I2c_I2C_EXCLUSIVE_AREA_24
                0x0040a594                SchM_Exit_I2c_I2C_EXCLUSIVE_AREA_24
                0x0040a5c4                SchM_Enter_I2c_I2C_EXCLUSIVE_AREA_25
                0x0040a5f8                SchM_Exit_I2c_I2C_EXCLUSIVE_AREA_25
                0x0040a628                SchM_Enter_I2c_I2C_EXCLUSIVE_AREA_26
                0x0040a65c                SchM_Exit_I2c_I2C_EXCLUSIVE_AREA_26
                0x0040a68c                SchM_Enter_I2c_I2C_EXCLUSIVE_AREA_27
                0x0040a6c0                SchM_Exit_I2c_I2C_EXCLUSIVE_AREA_27
                0x0040a6f0                SchM_Enter_I2c_I2C_EXCLUSIVE_AREA_28
                0x0040a724                SchM_Exit_I2c_I2C_EXCLUSIVE_AREA_28
                0x0040a754                SchM_Enter_I2c_I2C_EXCLUSIVE_AREA_29
                0x0040a788                SchM_Exit_I2c_I2C_EXCLUSIVE_AREA_29
                0x0040a7b8                SchM_Enter_I2c_I2C_EXCLUSIVE_AREA_30
                0x0040a7ec                SchM_Exit_I2c_I2C_EXCLUSIVE_AREA_30
                0x0040a81c                SchM_Enter_I2c_I2C_EXCLUSIVE_AREA_31
                0x0040a850                SchM_Exit_I2c_I2C_EXCLUSIVE_AREA_31
                0x0040a880                SchM_Enter_I2c_I2C_EXCLUSIVE_AREA_32
                0x0040a8b4                SchM_Exit_I2c_I2C_EXCLUSIVE_AREA_32
 .mcal_text     0x0040a8e4      0x12c ./RTD/src/SchM_Mcu.o
                0x0040a8e4                SchM_Enter_Mcu_MCU_EXCLUSIVE_AREA_00
                0x0040a918                SchM_Exit_Mcu_MCU_EXCLUSIVE_AREA_00
                0x0040a948                SchM_Enter_Mcu_MCU_EXCLUSIVE_AREA_01
                0x0040a97c                SchM_Exit_Mcu_MCU_EXCLUSIVE_AREA_01
                0x0040a9ac                SchM_Enter_Mcu_MCU_EXCLUSIVE_AREA_02
                0x0040a9e0                SchM_Exit_Mcu_MCU_EXCLUSIVE_AREA_02
 .mcal_text     0x0040aa10      0xaf0 ./RTD/src/SchM_Port.o
                0x0040aa10                SchM_Enter_Port_PORT_EXCLUSIVE_AREA_00
                0x0040aa44                SchM_Exit_Port_PORT_EXCLUSIVE_AREA_00
                0x0040aa74                SchM_Enter_Port_PORT_EXCLUSIVE_AREA_01
                0x0040aaa8                SchM_Exit_Port_PORT_EXCLUSIVE_AREA_01
                0x0040aad8                SchM_Enter_Port_PORT_EXCLUSIVE_AREA_02
                0x0040ab0c                SchM_Exit_Port_PORT_EXCLUSIVE_AREA_02
                0x0040ab3c                SchM_Enter_Port_PORT_EXCLUSIVE_AREA_03
                0x0040ab70                SchM_Exit_Port_PORT_EXCLUSIVE_AREA_03
                0x0040aba0                SchM_Enter_Port_PORT_EXCLUSIVE_AREA_04
                0x0040abd4                SchM_Exit_Port_PORT_EXCLUSIVE_AREA_04
                0x0040ac04                SchM_Enter_Port_PORT_EXCLUSIVE_AREA_05
                0x0040ac38                SchM_Exit_Port_PORT_EXCLUSIVE_AREA_05
                0x0040ac68                SchM_Enter_Port_PORT_EXCLUSIVE_AREA_06
                0x0040ac9c                SchM_Exit_Port_PORT_EXCLUSIVE_AREA_06
                0x0040accc                SchM_Enter_Port_PORT_EXCLUSIVE_AREA_07
                0x0040ad00                SchM_Exit_Port_PORT_EXCLUSIVE_AREA_07
                0x0040ad30                SchM_Enter_Port_PORT_EXCLUSIVE_AREA_08
                0x0040ad64                SchM_Exit_Port_PORT_EXCLUSIVE_AREA_08
                0x0040ad94                SchM_Enter_Port_PORT_EXCLUSIVE_AREA_09
                0x0040adc8                SchM_Exit_Port_PORT_EXCLUSIVE_AREA_09
                0x0040adf8                SchM_Enter_Port_PORT_EXCLUSIVE_AREA_10
                0x0040ae2c                SchM_Exit_Port_PORT_EXCLUSIVE_AREA_10
                0x0040ae5c                SchM_Enter_Port_PORT_EXCLUSIVE_AREA_11
                0x0040ae90                SchM_Exit_Port_PORT_EXCLUSIVE_AREA_11
                0x0040aec0                SchM_Enter_Port_PORT_EXCLUSIVE_AREA_12
                0x0040aef4                SchM_Exit_Port_PORT_EXCLUSIVE_AREA_12
                0x0040af24                SchM_Enter_Port_PORT_EXCLUSIVE_AREA_13
                0x0040af58                SchM_Exit_Port_PORT_EXCLUSIVE_AREA_13
                0x0040af88                SchM_Enter_Port_PORT_EXCLUSIVE_AREA_14
                0x0040afbc                SchM_Exit_Port_PORT_EXCLUSIVE_AREA_14
                0x0040afec                SchM_Enter_Port_PORT_EXCLUSIVE_AREA_15
                0x0040b020                SchM_Exit_Port_PORT_EXCLUSIVE_AREA_15
                0x0040b050                SchM_Enter_Port_PORT_EXCLUSIVE_AREA_16
                0x0040b084                SchM_Exit_Port_PORT_EXCLUSIVE_AREA_16
                0x0040b0b4                SchM_Enter_Port_PORT_EXCLUSIVE_AREA_17
                0x0040b0e8                SchM_Exit_Port_PORT_EXCLUSIVE_AREA_17
                0x0040b118                SchM_Enter_Port_PORT_EXCLUSIVE_AREA_18
                0x0040b14c                SchM_Exit_Port_PORT_EXCLUSIVE_AREA_18
                0x0040b17c                SchM_Enter_Port_PORT_EXCLUSIVE_AREA_19
                0x0040b1b0                SchM_Exit_Port_PORT_EXCLUSIVE_AREA_19
                0x0040b1e0                SchM_Enter_Port_PORT_EXCLUSIVE_AREA_20
                0x0040b214                SchM_Exit_Port_PORT_EXCLUSIVE_AREA_20
                0x0040b244                SchM_Enter_Port_PORT_EXCLUSIVE_AREA_21
                0x0040b278                SchM_Exit_Port_PORT_EXCLUSIVE_AREA_21
                0x0040b2a8                SchM_Enter_Port_PORT_EXCLUSIVE_AREA_22
                0x0040b2dc                SchM_Exit_Port_PORT_EXCLUSIVE_AREA_22
                0x0040b30c                SchM_Enter_Port_PORT_EXCLUSIVE_AREA_23
                0x0040b340                SchM_Exit_Port_PORT_EXCLUSIVE_AREA_23
                0x0040b370                SchM_Enter_Port_PORT_EXCLUSIVE_AREA_24
                0x0040b3a4                SchM_Exit_Port_PORT_EXCLUSIVE_AREA_24
                0x0040b3d4                SchM_Enter_Port_PORT_EXCLUSIVE_AREA_25
                0x0040b408                SchM_Exit_Port_PORT_EXCLUSIVE_AREA_25
                0x0040b438                SchM_Enter_Port_PORT_EXCLUSIVE_AREA_26
                0x0040b46c                SchM_Exit_Port_PORT_EXCLUSIVE_AREA_26
                0x0040b49c                SchM_Enter_Port_PORT_EXCLUSIVE_AREA_27
                0x0040b4d0                SchM_Exit_Port_PORT_EXCLUSIVE_AREA_27
 .mcal_text     0x0040b500      0xa28 ./RTD/src/SchM_Spi.o
                0x0040b500                SchM_Enter_Spi_SPI_EXCLUSIVE_AREA_00
                0x0040b534                SchM_Exit_Spi_SPI_EXCLUSIVE_AREA_00
                0x0040b564                SchM_Enter_Spi_SPI_EXCLUSIVE_AREA_01
                0x0040b598                SchM_Exit_Spi_SPI_EXCLUSIVE_AREA_01
                0x0040b5c8                SchM_Enter_Spi_SPI_EXCLUSIVE_AREA_02
                0x0040b5fc                SchM_Exit_Spi_SPI_EXCLUSIVE_AREA_02
                0x0040b62c                SchM_Enter_Spi_SPI_EXCLUSIVE_AREA_03
                0x0040b660                SchM_Exit_Spi_SPI_EXCLUSIVE_AREA_03
                0x0040b690                SchM_Enter_Spi_SPI_EXCLUSIVE_AREA_04
                0x0040b6c4                SchM_Exit_Spi_SPI_EXCLUSIVE_AREA_04
                0x0040b6f4                SchM_Enter_Spi_SPI_EXCLUSIVE_AREA_05
                0x0040b728                SchM_Exit_Spi_SPI_EXCLUSIVE_AREA_05
                0x0040b758                SchM_Enter_Spi_SPI_EXCLUSIVE_AREA_06
                0x0040b78c                SchM_Exit_Spi_SPI_EXCLUSIVE_AREA_06
                0x0040b7bc                SchM_Enter_Spi_SPI_EXCLUSIVE_AREA_07
                0x0040b7f0                SchM_Exit_Spi_SPI_EXCLUSIVE_AREA_07
                0x0040b820                SchM_Enter_Spi_SPI_EXCLUSIVE_AREA_08
                0x0040b854                SchM_Exit_Spi_SPI_EXCLUSIVE_AREA_08
                0x0040b884                SchM_Enter_Spi_SPI_EXCLUSIVE_AREA_09
                0x0040b8b8                SchM_Exit_Spi_SPI_EXCLUSIVE_AREA_09
                0x0040b8e8                SchM_Enter_Spi_SPI_EXCLUSIVE_AREA_10
                0x0040b91c                SchM_Exit_Spi_SPI_EXCLUSIVE_AREA_10
                0x0040b94c                SchM_Enter_Spi_SPI_EXCLUSIVE_AREA_11
                0x0040b980                SchM_Exit_Spi_SPI_EXCLUSIVE_AREA_11
                0x0040b9b0                SchM_Enter_Spi_SPI_EXCLUSIVE_AREA_12
                0x0040b9e4                SchM_Exit_Spi_SPI_EXCLUSIVE_AREA_12
                0x0040ba14                SchM_Enter_Spi_SPI_EXCLUSIVE_AREA_13
                0x0040ba48                SchM_Exit_Spi_SPI_EXCLUSIVE_AREA_13
                0x0040ba78                SchM_Enter_Spi_SPI_EXCLUSIVE_AREA_14
                0x0040baac                SchM_Exit_Spi_SPI_EXCLUSIVE_AREA_14
                0x0040badc                SchM_Enter_Spi_SPI_EXCLUSIVE_AREA_15
                0x0040bb10                SchM_Exit_Spi_SPI_EXCLUSIVE_AREA_15
                0x0040bb40                SchM_Enter_Spi_SPI_EXCLUSIVE_AREA_16
                0x0040bb74                SchM_Exit_Spi_SPI_EXCLUSIVE_AREA_16
                0x0040bba4                SchM_Enter_Spi_SPI_EXCLUSIVE_AREA_17
                0x0040bbd8                SchM_Exit_Spi_SPI_EXCLUSIVE_AREA_17
                0x0040bc08                SchM_Enter_Spi_SPI_EXCLUSIVE_AREA_18
                0x0040bc3c                SchM_Exit_Spi_SPI_EXCLUSIVE_AREA_18
                0x0040bc6c                SchM_Enter_Spi_SPI_EXCLUSIVE_AREA_19
                0x0040bca0                SchM_Exit_Spi_SPI_EXCLUSIVE_AREA_19
                0x0040bcd0                SchM_Enter_Spi_SPI_EXCLUSIVE_AREA_20
                0x0040bd04                SchM_Exit_Spi_SPI_EXCLUSIVE_AREA_20
                0x0040bd34                SchM_Enter_Spi_SPI_EXCLUSIVE_AREA_21
                0x0040bd68                SchM_Exit_Spi_SPI_EXCLUSIVE_AREA_21
                0x0040bd98                SchM_Enter_Spi_SPI_EXCLUSIVE_AREA_22
                0x0040bdcc                SchM_Exit_Spi_SPI_EXCLUSIVE_AREA_22
                0x0040bdfc                SchM_Enter_Spi_SPI_EXCLUSIVE_AREA_23
                0x0040be30                SchM_Exit_Spi_SPI_EXCLUSIVE_AREA_23
                0x0040be60                SchM_Enter_Spi_SPI_EXCLUSIVE_AREA_24
                0x0040be94                SchM_Exit_Spi_SPI_EXCLUSIVE_AREA_24
                0x0040bec4                SchM_Enter_Spi_SPI_EXCLUSIVE_AREA_25
                0x0040bef8                SchM_Exit_Spi_SPI_EXCLUSIVE_AREA_25
 .mcal_text     0x0040bf28      0x1fc ./RTD/src/Siul2_Dio_Ip.o
                0x0040bf5c                Siul2_Dio_Ip_WritePin
                0x0040bfc8                Siul2_Dio_Ip_SetGPDO
                0x0040bfe4                Siul2_Dio_Ip_ClearGPDO
                0x0040c000                Siul2_Dio_Ip_WritePins
                0x0040c018                Siul2_Dio_Ip_GetPinsOutput
                0x0040c030                Siul2_Dio_Ip_SetPins
                0x0040c04e                Siul2_Dio_Ip_ClearPins
                0x0040c06e                Siul2_Dio_Ip_TogglePins
                0x0040c08c                Siul2_Dio_Ip_ReadPins
                0x0040c0a6                Siul2_Dio_Ip_ReadPin
                0x0040c0d8                Siul2_Dio_Ip_MaskedWritePins
 .mcal_text     0x0040c124      0x458 ./RTD/src/Siul2_Port_Ip.o
                0x0040c278                Siul2_Port_Ip_Init
                0x0040c2a8                Siul2_Port_Ip_SetPullSel
                0x0040c304                Siul2_Port_Ip_SetOutputBuffer
                0x0040c36a                Siul2_Port_Ip_SetInputBuffer
                0x0040c3da                Siul2_Port_Ip_SetPinDirection
                0x0040c452                Siul2_Port_Ip_RevertPinConfiguration
                0x0040c4b4                Siul2_Port_Ip_GetPinConfiguration
 .mcal_text     0x0040c57c      0x11c ./RTD/src/Tspc_Port_Ip.o
                0x0040c57c                Tspc_Port_Ip_EnableObeGroup
                0x0040c5ac                Tspc_Port_Ip_DisableObeGroup
                0x0040c5dc                Tspc_Port_Ip_MaskObeGroup
                0x0040c5fa                Tspc_Port_Ip_ConfigureObeGroup
                0x0040c698                . = ALIGN (0x4)
 *(.acmcu_code_rom)
                0x0040c698                . = ALIGN (0x4)
                0x0040c698                __acfls_code_rom_start = .
 *(.acfls_code_rom)
 .acfls_code_rom
                0x0040c698       0x44 ./RTD/src/Clock_Ip_Specific.o
                0x0040c698                Clock_Ip_PRAMCSetRamIWS
 *fill*         0x0040c6dc        0x4 
 .acfls_code_rom.__stub
                0x0040c6e0        0x8 linker stubs
                0x0040c6e8                . = ALIGN (0x4)
                0x0040c6e8                __acfls_code_rom_end = .
                0x0040c6e8                __acmem_43_infls_code_rom_start = .
 *(.acmem_43_infls_code_rom)
                0x0040c6e8                . = ALIGN (0x4)
                0x0040c6e8                __acmem_43_infls_code_rom_end = .
 *(.init)
                0x0040c6e8                . = ALIGN (0x4)
 *(.fini)
                0x0040c6e8                . = ALIGN (0x4)
 *(.rodata)
 .rodata        0x0040c6e8        0xc ./BSW/ecu/DRIVER_IRIDIUM/Src/Iridium9603.o
 .rodata        0x0040c6f4        0x3 ./BSW/ecu/DRIVER_MEM/MAL/Src/SPIF_Driver.o
 .rodata        0x0040c6f7        0x6 ./BSW/ecu/DRIVER_MS8607/SER/Src/MS8607_PTH.o
 *fill*         0x0040c6fd        0x3 
 .rodata        0x0040c700       0x2c ./BSW/mcal/SPI_MCAL/SPI_MCAL.o
 .rodata        0x0040c72c        0x3 ./RTD/src/Clock_Ip_IntOsc.o
 *fill*         0x0040c72f        0x1 
 .rodata        0x0040c730       0x20 ./RTD/src/Lpi2c_Ip.o
 .rodata        0x0040c750        0x4 ./RTD/src/Siul2_Port_Ip.o
                0x0040c750                Port_au32Siul2BaseAddr
 *(.rodata*)
 .rodata.str1.1
                0x0040c754       0x67 ./BSW/ecu/DRIVER_IRIDIUM/Src/Iridium9603.o
                                 0x69 (size before relaxing)
 .rodata._ctype_
                0x0040c7bb      0x101 c:/nxp/s32ds.3.6.1/s32ds/build_tools/gcc_v10.2/gcc-10.2-arm32-eabi/bin/../lib/gcc/arm-none-eabi/10.2.0/../../../../arm-none-eabi/lib/thumb/v7e-m+fp/hard\libc_nano.a(lib_a-ctype_.o)
                0x0040c7bb                _ctype_
 .rodata._global_impure_ptr
                0x0040c8bc        0x4 c:/nxp/s32ds.3.6.1/s32ds/build_tools/gcc_v10.2/gcc-10.2-arm32-eabi/bin/../lib/gcc/arm-none-eabi/10.2.0/../../../../arm-none-eabi/lib/thumb/v7e-m+fp/hard\libc_nano.a(lib_a-impure.o)
                0x0040c8bc                _global_impure_ptr
                0x0040c8c0                . = ALIGN (0x4)
 *(.mcal_const_cfg)
 .mcal_const_cfg
                0x0040c8c0      0x6c0 ./board/Siul2_Port_Ip_Cfg.o
                0x0040c8c0                g_pin_mux_InitConfigArr_PortContainer_0_BOARD_InitPeripherals
 .mcal_const_cfg
                0x0040cf80      0x41c ./generate/src/Clock_Ip_Cfg.o
                0x0040cf80                Clock_Ip_aClockConfig
 .mcal_const_cfg
                0x0040d39c       0x90 ./generate/src/Lpi2c_Ip_Sa_PBcfg.o
                0x0040d39c                I2c_Lpi2cMaster_HwChannel0_Channel1
                0x0040d3e4                I2c_Lpi2cMaster_HwChannel1_Channel0
 .mcal_const_cfg
                0x0040d42c       0x40 ./generate/src/Lpspi_Ip_Sa_PBcfg.o
                0x0040d42c                Lpspi_Ip_PhyUnitConfig_SpiPhyUnit_1_Instance_1
                0x0040d440                Lpspi_Ip_PhyUnitConfig_SpiPhyUnit_0_Instance_0
                0x0040d454                Lpspi_Ip_DeviceAttributes_SpiExternalDevice_1_Instance_1
                0x0040d46c                . = ALIGN (0x4)
 *(.mcal_const)
 .mcal_const    0x0040d46c      0xefe ./RTD/src/Clock_Ip_Data.o
                0x0040d46c                Clock_Ip_axGateInfo
                0x0040db54                Clock_Ip_axFeatureExtensions
                0x0040dda4                Clock_Ip_aeHwDfsName
                0x0040dda8                Clock_Ip_aeHwPllName
                0x0040ddac                Clock_Ip_aeSourceTypeClockName
                0x0040ddf4                Clock_Ip_apxMcMeTriggerPartitions
                0x0040de04                Clock_Ip_apxMcMeGetPartitions
                0x0040de14                Clock_Ip_apxMcMeSetPartitions
                0x0040de24                Clock_Ip_axCmuInfo
                0x0040deb0                Clock_Ip_aeCmuNames
                0x0040decc                Clock_Ip_apxCmu
                0x0040dee8                Clock_Ip_apxPll
                0x0040def8                Clock_Ip_apxXosc
                0x0040df00                Clock_Ip_apxCgmPcfs
                0x0040df04                Clock_Ip_apxCgm
                0x0040df58                Clock_Ip_au16SelectorEntryRtcHardwareValue
                0x0040df7c                Clock_Ip_au16SelectorEntryHardwareValue
                0x0040dfa0                Clock_Ip_au8SoftwareMuxResetValue
                0x0040dff7                Clock_Ip_au8ClockFeatures
                0x0040e306                Clock_Ip_au8CmuCallbackIndex
                0x0040e310                Clock_Ip_au8PcfsCallbackIndex
                0x0040e31a                Clock_Ip_au8SelectorCallbackIndex
                0x0040e324                Clock_Ip_au8PllCallbackIndex
                0x0040e32e                Clock_Ip_au8FractionalDividerCallbackIndex
                0x0040e338                Clock_Ip_au8GateCallbackIndex
                0x0040e342                Clock_Ip_au8IrcoscCallbackIndex
                0x0040e34c                Clock_Ip_au8XoscCallbackIndex
                0x0040e356                Clock_Ip_au8DividerTriggerCallbackIndex
                0x0040e360                Clock_Ip_au8DividerCallbackIndex
 *fill*         0x0040e36a        0x2 
 .mcal_const    0x0040e36c       0x14 ./RTD/src/Clock_Ip_Divider.o
                0x0040e36c                Clock_Ip_axDividerCallbacks
 .mcal_const    0x0040e380       0x10 ./RTD/src/Clock_Ip_DividerTrigger.o
                0x0040e380                Clock_Ip_axDividerTriggerCallbacks
 .mcal_const    0x0040e390       0x30 ./RTD/src/Clock_Ip_ExtOsc.o
                0x0040e390                Clock_Ip_axExtOscCallbacks
 .mcal_const    0x0040e3c0        0xc ./RTD/src/Clock_Ip_FracDiv.o
                0x0040e3c0                Clock_Ip_axFracDivCallbacks
 *fill*         0x0040e3cc        0x4 
 .mcal_const    0x0040e3d0      0x29c ./RTD/src/Clock_Ip_Frequency.o
 .mcal_const    0x0040e66c       0x10 ./RTD/src/Clock_Ip_Gate.o
                0x0040e66c                Clock_Ip_axGateCallbacks
 .mcal_const    0x0040e67c       0x30 ./RTD/src/Clock_Ip_IntOsc.o
                0x0040e67c                Clock_Ip_axIntOscCallbacks
 .mcal_const    0x0040e6ac       0x20 ./RTD/src/Clock_Ip_Monitor.o
                0x0040e6ac                Clock_Ip_axCmuCallbacks
 .mcal_const    0x0040e6cc       0x28 ./RTD/src/Clock_Ip_Pll.o
                0x0040e6cc                Clock_Ip_axPllCallbacks
 .mcal_const    0x0040e6f4        0x8 ./RTD/src/Clock_Ip_ProgFreqSwitch.o
                0x0040e6f4                Clock_Ip_axPcfsCallbacks
 .mcal_const    0x0040e6fc       0x28 ./RTD/src/Clock_Ip_Selector.o
                0x0040e6fc                Clock_Ip_axSelectorCallbacks
 .mcal_const    0x0040e724        0x8 ./RTD/src/Lpi2c_Ip.o
 .mcal_const    0x0040e72c       0x10 ./RTD/src/Lpspi_Ip.o
                0x0040e73c                . = ALIGN (0x4)
                0x0040e73c                __init_table = .
 *(.init_table)
 .init_table    0x0040e73c       0x4c ./Project_Settings/Startup_Code/startup_cm7.o
                0x0040e788                . = ALIGN (0x4)
                0x0040e788                __zero_table = .
 *(.zero_table)
 .zero_table    0x0040e788       0x1c ./Project_Settings/Startup_Code/startup_cm7.o

.ARM.extab      0x0040e7a4        0x0
 .ARM.extab     0x0040e7a4        0x0 c:/nxp/s32ds.3.6.1/s32ds/build_tools/gcc_v10.2/gcc-10.2-arm32-eabi/bin/../lib/gcc/arm-none-eabi/10.2.0/thumb/v7e-m+fp/hard\libgcc.a(_udivmoddi4.o)

.ARM.exidx      0x0040e7a4        0x8
 .ARM.exidx     0x0040e7a4        0x8 c:/nxp/s32ds.3.6.1/s32ds/build_tools/gcc_v10.2/gcc-10.2-arm32-eabi/bin/../lib/gcc/arm-none-eabi/10.2.0/thumb/v7e-m+fp/hard\libgcc.a(_udivmoddi4.o)

.glue_7         0x0040e7ac        0x0
 .glue_7        0x0040e7ac        0x0 linker stubs

.glue_7t        0x0040e7ac        0x0
 .glue_7t       0x0040e7ac        0x0 linker stubs

.vfp11_veneer   0x0040e7ac        0x0
 .vfp11_veneer  0x0040e7ac        0x0 linker stubs

.v4_bx          0x0040e7ac        0x0
 .v4_bx         0x0040e7ac        0x0 linker stubs

.iplt           0x0040e7ac        0x0
 .iplt          0x0040e7ac        0x0 ./ASW/SWC_Main_Controller/Src/Init_Modules.o

.rel.dyn        0x0040e7ac        0x0
 .rel.iplt      0x0040e7ac        0x0 ./ASW/SWC_Main_Controller/Src/Init_Modules.o
                0x0040e7ac                . = ALIGN (0x4)
                0x0040e7ac                __text_end = .
                0x0040e7ac                __sram_data_rom = __text_end

.sram_bss       0x20400000      0x1e4
                0x20400000                . = ALIGN (0x8)
                0x20400000                __standby_ram_begin__ = .
 *(.standby_data)
                0x20400000                . = ALIGN (0x8)
                0x20400000                __standby_ram_end__ = .
                0x20400000                . = ALIGN (0x10)
                0x20400000                __sram_bss_start = .
 *(.bss)
 .bss           0x20400000        0x0 ./ASW/SWC_Main_Controller/Src/Init_Modules.o
 .bss           0x20400000        0x0 ./ASW/SWC_Main_Controller/Src/swc_main_controller.o
 .bss           0x20400000        0x4 ./ASW/SWC_Main_Controller/Src/swc_os.o
 .bss           0x20400004        0x0 ./ASW/SWC_Memory/Src/swc_memory.o
 .bss           0x20400004        0x0 ./ASW/SWC_Tem_Pre_Hum/Src/swc_tem_pre_hum.o
 .bss           0x20400004       0x28 ./BSW/ecu/DRIVER_BME280/bme280.o
 .bss           0x2040002c        0x0 ./BSW/ecu/DRIVER_HUM/IF/Src/humidity.o
 .bss           0x2040002c        0x0 ./BSW/ecu/DRIVER_IOHWAB/DIO/IF/Src/Init_DRV.o
 .bss           0x2040002c       0x65 ./BSW/ecu/DRIVER_IRIDIUM/Src/Iridium9603.o
 *fill*         0x20400091        0x3 
 .bss           0x20400094        0x9 ./BSW/ecu/DRIVER_MEM/IF/Src/mem.o
                0x20400094                savedFrames
                0x20400098                memAddress
                0x2040009c                isMemRewritten
 .bss           0x2040009d        0x0 ./BSW/ecu/DRIVER_MEM/MAL/Src/SPIF_Driver.o
 *fill*         0x2040009d        0x1 
 .bss           0x2040009e       0x18 ./BSW/ecu/DRIVER_MS8607/SER/Src/MS8607_PTH.o
                0x2040009e                ms8607_config
 .bss           0x204000b6        0x2 ./BSW/ecu/TimeCounter/IF/Src/timeCounter.o
                0x204000b6                current_time
 .bss           0x204000b8        0xc ./BSW/mcal/Delay/Delay.o
                0x204000b8                u32vTicks
                0x204000bc                mils_to_minutes_counter
                0x204000c0                mils_to_second_counter
 .bss           0x204000c4        0x0 ./BSW/mcal/GPIO/GPIO.o
 .bss           0x204000c4        0x0 ./BSW/mcal/I2C_MCAL/I2C.o
 .bss           0x204000c4        0x0 ./BSW/mcal/SPI_MCAL/SPI_MCAL.o
 .bss           0x204000c4        0x0 ./Project_Settings/Startup_Code/Vector_Table.o
 .bss           0x204000c4        0x0 ./Project_Settings/Startup_Code/exceptions.o
 .bss           0x204000c4        0x0 ./Project_Settings/Startup_Code/nvic.o
 .bss           0x204000c4        0x0 ./Project_Settings/Startup_Code/startup.o
 .bss           0x204000c4        0x0 ./Project_Settings/Startup_Code/startup_cm7.o
 .bss           0x204000c4       0x80 ./Project_Settings/Startup_Code/system.o
                0x204000c4                rbar
                0x20400104                rasr
 .bss           0x20400144        0x0 ./RTD/src/Clock_Ip.o
 .bss           0x20400144        0x0 ./RTD/src/Clock_Ip_Data.o
 .bss           0x20400144        0x0 ./RTD/src/Clock_Ip_Divider.o
 .bss           0x20400144        0x0 ./RTD/src/Clock_Ip_DividerTrigger.o
 .bss           0x20400144        0x0 ./RTD/src/Clock_Ip_ExtOsc.o
 .bss           0x20400144        0x0 ./RTD/src/Clock_Ip_FracDiv.o
 .bss           0x20400144        0x0 ./RTD/src/Clock_Ip_Frequency.o
 .bss           0x20400144        0x0 ./RTD/src/Clock_Ip_Gate.o
 .bss           0x20400144        0x0 ./RTD/src/Clock_Ip_IntOsc.o
 .bss           0x20400144        0x0 ./RTD/src/Clock_Ip_Irq.o
 .bss           0x20400144        0x0 ./RTD/src/Clock_Ip_Monitor.o
 .bss           0x20400144        0x0 ./RTD/src/Clock_Ip_Pll.o
 .bss           0x20400144        0x0 ./RTD/src/Clock_Ip_ProgFreqSwitch.o
 .bss           0x20400144        0x0 ./RTD/src/Clock_Ip_Selector.o
 .bss           0x20400144        0x0 ./RTD/src/Clock_Ip_Specific.o
 .bss           0x20400144        0x0 ./RTD/src/Det.o
 .bss           0x20400144        0x0 ./RTD/src/Det_stub.o
 .bss           0x20400144        0x0 ./RTD/src/Igf_Port_Ip.o
 .bss           0x20400144        0x0 ./RTD/src/Lpi2c_Ip.o
 .bss           0x20400144        0x0 ./RTD/src/Lpi2c_Ip_Irq.o
 .bss           0x20400144        0x0 ./RTD/src/Lpspi_Ip.o
 .bss           0x20400144        0x0 ./RTD/src/Lpspi_Ip_Irq.o
 .bss           0x20400144        0x0 ./RTD/src/OsIf_Interrupts.o
 .bss           0x20400144        0x0 ./RTD/src/OsIf_Software_Semaphore.o
 .bss           0x20400144        0x0 ./RTD/src/OsIf_Timer.o
 .bss           0x20400144        0x0 ./RTD/src/OsIf_Timer_System.o
 .bss           0x20400144        0x0 ./RTD/src/OsIf_Timer_System_Internal_Systick.o
 .bss           0x20400144        0x0 ./RTD/src/SchM_BaseNXP.o
 .bss           0x20400144        0x0 ./RTD/src/SchM_Dio.o
 .bss           0x20400144        0x0 ./RTD/src/SchM_I2c.o
 .bss           0x20400144        0x0 ./RTD/src/SchM_Mcu.o
 .bss           0x20400144        0x0 ./RTD/src/SchM_Port.o
 .bss           0x20400144        0x0 ./RTD/src/SchM_Spi.o
 .bss           0x20400144        0x0 ./RTD/src/Siul2_Dio_Ip.o
 .bss           0x20400144        0x0 ./RTD/src/Siul2_Port_Ip.o
 .bss           0x20400144        0x0 ./RTD/src/Tspc_Port_Ip.o
 .bss           0x20400144        0x0 ./board/Siul2_Port_Ip_Cfg.o
 .bss           0x20400144        0x0 ./board/Tspc_Port_Ip_Cfg.o
 .bss           0x20400144        0x0 ./generate/src/Clock_Ip_Cfg.o
 .bss           0x20400144        0x0 ./generate/src/Igf_Port_Ip_Cfg.o
 .bss           0x20400144        0x0 ./generate/src/Lpi2c_Ip_Sa_PBcfg.o
 .bss           0x20400144        0x0 ./generate/src/Lpspi_Ip_Sa_PBcfg.o
 .bss           0x20400144        0x0 ./generate/src/OsIf_Cfg.o
 .bss           0x20400144        0x4 ./src/main.o
                0x20400144                exit_code
 .bss           0x20400148        0x0 c:/nxp/s32ds.3.6.1/s32ds/build_tools/gcc_v10.2/gcc-10.2-arm32-eabi/bin/../lib/gcc/arm-none-eabi/10.2.0/../../../../arm-none-eabi/lib/thumb/v7e-m+fp/hard\libc_nano.a(lib_a-atoi.o)
 .bss           0x20400148        0x0 c:/nxp/s32ds.3.6.1/s32ds/build_tools/gcc_v10.2/gcc-10.2-arm32-eabi/bin/../lib/gcc/arm-none-eabi/10.2.0/../../../../arm-none-eabi/lib/thumb/v7e-m+fp/hard\libc_nano.a(lib_a-atol.o)
 .bss           0x20400148        0x0 c:/nxp/s32ds.3.6.1/s32ds/build_tools/gcc_v10.2/gcc-10.2-arm32-eabi/bin/../lib/gcc/arm-none-eabi/10.2.0/../../../../arm-none-eabi/lib/thumb/v7e-m+fp/hard\libc_nano.a(lib_a-memcpy-stub.o)
 .bss           0x20400148        0x0 c:/nxp/s32ds.3.6.1/s32ds/build_tools/gcc_v10.2/gcc-10.2-arm32-eabi/bin/../lib/gcc/arm-none-eabi/10.2.0/../../../../arm-none-eabi/lib/thumb/v7e-m+fp/hard\libc_nano.a(lib_a-memmove.o)
 .bss           0x20400148        0x0 c:/nxp/s32ds.3.6.1/s32ds/build_tools/gcc_v10.2/gcc-10.2-arm32-eabi/bin/../lib/gcc/arm-none-eabi/10.2.0/../../../../arm-none-eabi/lib/thumb/v7e-m+fp/hard\libc_nano.a(lib_a-memset.o)
 .bss           0x20400148        0x0 c:/nxp/s32ds.3.6.1/s32ds/build_tools/gcc_v10.2/gcc-10.2-arm32-eabi/bin/../lib/gcc/arm-none-eabi/10.2.0/../../../../arm-none-eabi/lib/thumb/v7e-m+fp/hard\libc_nano.a(lib_a-strchr.o)
 .bss           0x20400148        0x0 c:/nxp/s32ds.3.6.1/s32ds/build_tools/gcc_v10.2/gcc-10.2-arm32-eabi/bin/../lib/gcc/arm-none-eabi/10.2.0/../../../../arm-none-eabi/lib/thumb/v7e-m+fp/hard\libc_nano.a(lib_a-strstr.o)
 .bss           0x20400148        0x0 c:/nxp/s32ds.3.6.1/s32ds/build_tools/gcc_v10.2/gcc-10.2-arm32-eabi/bin/../lib/gcc/arm-none-eabi/10.2.0/../../../../arm-none-eabi/lib/thumb/v7e-m+fp/hard\libc_nano.a(lib_a-strtol.o)
 .bss           0x20400148        0x0 c:/nxp/s32ds.3.6.1/s32ds/build_tools/gcc_v10.2/gcc-10.2-arm32-eabi/bin/../lib/gcc/arm-none-eabi/10.2.0/../../../../arm-none-eabi/lib/thumb/v7e-m+fp/hard\libc_nano.a(lib_a-ctype_.o)
 .bss           0x20400148        0x0 c:/nxp/s32ds.3.6.1/s32ds/build_tools/gcc_v10.2/gcc-10.2-arm32-eabi/bin/../lib/gcc/arm-none-eabi/10.2.0/../../../../arm-none-eabi/lib/thumb/v7e-m+fp/hard\libc_nano.a(lib_a-errno.o)
 .bss           0x20400148        0x0 c:/nxp/s32ds.3.6.1/s32ds/build_tools/gcc_v10.2/gcc-10.2-arm32-eabi/bin/../lib/gcc/arm-none-eabi/10.2.0/../../../../arm-none-eabi/lib/thumb/v7e-m+fp/hard\libc_nano.a(lib_a-impure.o)
 .bss           0x20400148        0x0 c:/nxp/s32ds.3.6.1/s32ds/build_tools/gcc_v10.2/gcc-10.2-arm32-eabi/bin/../lib/gcc/arm-none-eabi/10.2.0/thumb/v7e-m+fp/hard\libgcc.a(_arm_addsubsf3.o)
 .bss           0x20400148        0x0 c:/nxp/s32ds.3.6.1/s32ds/build_tools/gcc_v10.2/gcc-10.2-arm32-eabi/bin/../lib/gcc/arm-none-eabi/10.2.0/thumb/v7e-m+fp/hard\libgcc.a(_aeabi_ldivmod.o)
 .bss           0x20400148        0x0 c:/nxp/s32ds.3.6.1/s32ds/build_tools/gcc_v10.2/gcc-10.2-arm32-eabi/bin/../lib/gcc/arm-none-eabi/10.2.0/thumb/v7e-m+fp/hard\libgcc.a(_aeabi_uldivmod.o)
 .bss           0x20400148        0x0 c:/nxp/s32ds.3.6.1/s32ds/build_tools/gcc_v10.2/gcc-10.2-arm32-eabi/bin/../lib/gcc/arm-none-eabi/10.2.0/thumb/v7e-m+fp/hard\libgcc.a(_udivmoddi4.o)
 .bss           0x20400148        0x0 c:/nxp/s32ds.3.6.1/s32ds/build_tools/gcc_v10.2/gcc-10.2-arm32-eabi/bin/../lib/gcc/arm-none-eabi/10.2.0/thumb/v7e-m+fp/hard\libgcc.a(_dvmd_tls.o)
 *(.bss*)
                0x20400150                . = ALIGN (0x10)
 *fill*         0x20400148        0x8 
 *(.mcal_bss)
 .mcal_bss      0x20400150        0x4 ./Project_Settings/Startup_Code/system.o
                0x20400150                RESET_CATCH_CORE
 .mcal_bss      0x20400154       0x61 ./RTD/src/Clock_Ip.o
                0x20400158                Clock_Ip_FreqIds
                0x204001b0                Clock_Ip_pxConfig
 *fill*         0x204001b5        0x3 
 .mcal_bss      0x204001b8        0xc ./RTD/src/Clock_Ip_Monitor.o
 *fill*         0x204001c4        0x4 
 .mcal_bss      0x204001c8        0x8 ./RTD/src/Clock_Ip_ProgFreqSwitch.o
 .mcal_bss      0x204001d0        0xc ./RTD/src/Clock_Ip_Specific.o
 .mcal_bss      0x204001dc        0x8 ./RTD/src/Siul2_Port_Ip.o
                0x204001e4                . = ALIGN (0x4)
                0x204001e4                __sram_bss_end = .

.sram_data      0x204001e8      0x198 load address 0x0040e7ac
                0x204001e8                . = ALIGN (0x4)
                0x204001e8                __sram_data_begin__ = .
                0x204001e8                . = ALIGN (0x4)
 *(.ramcode)
 .ramcode       0x204001e8       0x98 ./RTD/src/Clock_Ip_Specific.o
                0x20400280                . = ALIGN (0x4)
 *(.data)
 .data          0x20400280        0x0 ./ASW/SWC_Main_Controller/Src/Init_Modules.o
 .data          0x20400280        0x8 ./ASW/SWC_Main_Controller/Src/swc_main_controller.o
                0x20400280                managment
 .data          0x20400288        0x0 ./ASW/SWC_Main_Controller/Src/swc_os.o
 .data          0x20400288        0x0 ./ASW/SWC_Memory/Src/swc_memory.o
 .data          0x20400288        0x0 ./ASW/SWC_Tem_Pre_Hum/Src/swc_tem_pre_hum.o
 .data          0x20400288        0x0 ./BSW/ecu/DRIVER_BME280/bme280.o
 .data          0x20400288        0x0 ./BSW/ecu/DRIVER_HUM/IF/Src/humidity.o
 .data          0x20400288        0x0 ./BSW/ecu/DRIVER_IOHWAB/DIO/IF/Src/Init_DRV.o
 .data          0x20400288        0x0 ./BSW/ecu/DRIVER_IRIDIUM/Src/Iridium9603.o
 .data          0x20400288        0x0 ./BSW/ecu/DRIVER_MEM/IF/Src/mem.o
 .data          0x20400288        0x0 ./BSW/ecu/DRIVER_MEM/MAL/Src/SPIF_Driver.o
 .data          0x20400288        0x0 ./BSW/ecu/DRIVER_MS8607/SER/Src/MS8607_PTH.o
 .data          0x20400288        0x0 ./BSW/ecu/TimeCounter/IF/Src/timeCounter.o
 .data          0x20400288        0x0 ./BSW/mcal/Delay/Delay.o
 .data          0x20400288        0x0 ./BSW/mcal/GPIO/GPIO.o
 .data          0x20400288        0x0 ./BSW/mcal/I2C_MCAL/I2C.o
 .data          0x20400288        0x8 ./BSW/mcal/SPI_MCAL/SPI_MCAL.o
 .data          0x20400290        0x0 ./Project_Settings/Startup_Code/Vector_Table.o
 .data          0x20400290        0x0 ./Project_Settings/Startup_Code/exceptions.o
 .data          0x20400290        0x0 ./Project_Settings/Startup_Code/nvic.o
 .data          0x20400290        0x0 ./Project_Settings/Startup_Code/startup.o
 .data          0x20400290        0x0 ./Project_Settings/Startup_Code/startup_cm7.o
 .data          0x20400290        0x0 ./Project_Settings/Startup_Code/system.o
 .data          0x20400290        0x4 ./RTD/src/Clock_Ip.o
 .data          0x20400294        0x0 ./RTD/src/Clock_Ip_Data.o
 .data          0x20400294        0x0 ./RTD/src/Clock_Ip_Divider.o
 .data          0x20400294        0x0 ./RTD/src/Clock_Ip_DividerTrigger.o
 .data          0x20400294        0x0 ./RTD/src/Clock_Ip_ExtOsc.o
 .data          0x20400294        0x0 ./RTD/src/Clock_Ip_FracDiv.o
 .data          0x20400294        0x0 ./RTD/src/Clock_Ip_Frequency.o
 .data          0x20400294        0x0 ./RTD/src/Clock_Ip_Gate.o
 .data          0x20400294        0x0 ./RTD/src/Clock_Ip_IntOsc.o
 .data          0x20400294        0x0 ./RTD/src/Clock_Ip_Irq.o
 .data          0x20400294        0x0 ./RTD/src/Clock_Ip_Monitor.o
 .data          0x20400294        0x0 ./RTD/src/Clock_Ip_Pll.o
 .data          0x20400294        0x0 ./RTD/src/Clock_Ip_ProgFreqSwitch.o
 .data          0x20400294        0x0 ./RTD/src/Clock_Ip_Selector.o
 .data          0x20400294        0x0 ./RTD/src/Clock_Ip_Specific.o
 .data          0x20400294        0x0 ./RTD/src/Det.o
 .data          0x20400294        0x0 ./RTD/src/Det_stub.o
 .data          0x20400294        0x0 ./RTD/src/Igf_Port_Ip.o
 .data          0x20400294        0x0 ./RTD/src/Lpi2c_Ip.o
 .data          0x20400294        0x0 ./RTD/src/Lpi2c_Ip_Irq.o
 .data          0x20400294        0x0 ./RTD/src/Lpspi_Ip.o
 .data          0x20400294        0x0 ./RTD/src/Lpspi_Ip_Irq.o
 .data          0x20400294        0x0 ./RTD/src/OsIf_Interrupts.o
 .data          0x20400294        0x0 ./RTD/src/OsIf_Software_Semaphore.o
 .data          0x20400294        0x0 ./RTD/src/OsIf_Timer.o
 .data          0x20400294        0x0 ./RTD/src/OsIf_Timer_System.o
 .data          0x20400294        0x0 ./RTD/src/OsIf_Timer_System_Internal_Systick.o
 .data          0x20400294        0x0 ./RTD/src/SchM_BaseNXP.o
 .data          0x20400294        0x0 ./RTD/src/SchM_Dio.o
 .data          0x20400294        0x0 ./RTD/src/SchM_I2c.o
 .data          0x20400294        0x0 ./RTD/src/SchM_Mcu.o
 .data          0x20400294        0x0 ./RTD/src/SchM_Port.o
 .data          0x20400294        0x0 ./RTD/src/SchM_Spi.o
 .data          0x20400294        0x0 ./RTD/src/Siul2_Dio_Ip.o
 .data          0x20400294        0x0 ./RTD/src/Siul2_Port_Ip.o
 .data          0x20400294        0x0 ./RTD/src/Tspc_Port_Ip.o
 .data          0x20400294        0x0 ./board/Siul2_Port_Ip_Cfg.o
 .data          0x20400294        0x0 ./board/Tspc_Port_Ip_Cfg.o
 .data          0x20400294        0x0 ./generate/src/Clock_Ip_Cfg.o
 .data          0x20400294        0x0 ./generate/src/Igf_Port_Ip_Cfg.o
 .data          0x20400294        0x0 ./generate/src/Lpi2c_Ip_Sa_PBcfg.o
 .data          0x20400294        0x0 ./generate/src/Lpspi_Ip_Sa_PBcfg.o
 .data          0x20400294        0x0 ./generate/src/OsIf_Cfg.o
 .data          0x20400294        0x0 ./src/main.o
 .data          0x20400294        0x0 c:/nxp/s32ds.3.6.1/s32ds/build_tools/gcc_v10.2/gcc-10.2-arm32-eabi/bin/../lib/gcc/arm-none-eabi/10.2.0/../../../../arm-none-eabi/lib/thumb/v7e-m+fp/hard\libc_nano.a(lib_a-atoi.o)
 .data          0x20400294        0x0 c:/nxp/s32ds.3.6.1/s32ds/build_tools/gcc_v10.2/gcc-10.2-arm32-eabi/bin/../lib/gcc/arm-none-eabi/10.2.0/../../../../arm-none-eabi/lib/thumb/v7e-m+fp/hard\libc_nano.a(lib_a-atol.o)
 .data          0x20400294        0x0 c:/nxp/s32ds.3.6.1/s32ds/build_tools/gcc_v10.2/gcc-10.2-arm32-eabi/bin/../lib/gcc/arm-none-eabi/10.2.0/../../../../arm-none-eabi/lib/thumb/v7e-m+fp/hard\libc_nano.a(lib_a-memcpy-stub.o)
 .data          0x20400294        0x0 c:/nxp/s32ds.3.6.1/s32ds/build_tools/gcc_v10.2/gcc-10.2-arm32-eabi/bin/../lib/gcc/arm-none-eabi/10.2.0/../../../../arm-none-eabi/lib/thumb/v7e-m+fp/hard\libc_nano.a(lib_a-memmove.o)
 .data          0x20400294        0x0 c:/nxp/s32ds.3.6.1/s32ds/build_tools/gcc_v10.2/gcc-10.2-arm32-eabi/bin/../lib/gcc/arm-none-eabi/10.2.0/../../../../arm-none-eabi/lib/thumb/v7e-m+fp/hard\libc_nano.a(lib_a-memset.o)
 .data          0x20400294        0x0 c:/nxp/s32ds.3.6.1/s32ds/build_tools/gcc_v10.2/gcc-10.2-arm32-eabi/bin/../lib/gcc/arm-none-eabi/10.2.0/../../../../arm-none-eabi/lib/thumb/v7e-m+fp/hard\libc_nano.a(lib_a-strchr.o)
 .data          0x20400294        0x0 c:/nxp/s32ds.3.6.1/s32ds/build_tools/gcc_v10.2/gcc-10.2-arm32-eabi/bin/../lib/gcc/arm-none-eabi/10.2.0/../../../../arm-none-eabi/lib/thumb/v7e-m+fp/hard\libc_nano.a(lib_a-strstr.o)
 .data          0x20400294        0x0 c:/nxp/s32ds.3.6.1/s32ds/build_tools/gcc_v10.2/gcc-10.2-arm32-eabi/bin/../lib/gcc/arm-none-eabi/10.2.0/../../../../arm-none-eabi/lib/thumb/v7e-m+fp/hard\libc_nano.a(lib_a-strtol.o)
 .data          0x20400294        0x0 c:/nxp/s32ds.3.6.1/s32ds/build_tools/gcc_v10.2/gcc-10.2-arm32-eabi/bin/../lib/gcc/arm-none-eabi/10.2.0/../../../../arm-none-eabi/lib/thumb/v7e-m+fp/hard\libc_nano.a(lib_a-ctype_.o)
 .data          0x20400294        0x0 c:/nxp/s32ds.3.6.1/s32ds/build_tools/gcc_v10.2/gcc-10.2-arm32-eabi/bin/../lib/gcc/arm-none-eabi/10.2.0/../../../../arm-none-eabi/lib/thumb/v7e-m+fp/hard\libc_nano.a(lib_a-errno.o)
 .data          0x20400294        0x0 c:/nxp/s32ds.3.6.1/s32ds/build_tools/gcc_v10.2/gcc-10.2-arm32-eabi/bin/../lib/gcc/arm-none-eabi/10.2.0/../../../../arm-none-eabi/lib/thumb/v7e-m+fp/hard\libc_nano.a(lib_a-impure.o)
 .data          0x20400294        0x0 c:/nxp/s32ds.3.6.1/s32ds/build_tools/gcc_v10.2/gcc-10.2-arm32-eabi/bin/../lib/gcc/arm-none-eabi/10.2.0/thumb/v7e-m+fp/hard\libgcc.a(_arm_addsubsf3.o)
 .data          0x20400294        0x0 c:/nxp/s32ds.3.6.1/s32ds/build_tools/gcc_v10.2/gcc-10.2-arm32-eabi/bin/../lib/gcc/arm-none-eabi/10.2.0/thumb/v7e-m+fp/hard\libgcc.a(_aeabi_ldivmod.o)
 .data          0x20400294        0x0 c:/nxp/s32ds.3.6.1/s32ds/build_tools/gcc_v10.2/gcc-10.2-arm32-eabi/bin/../lib/gcc/arm-none-eabi/10.2.0/thumb/v7e-m+fp/hard\libgcc.a(_aeabi_uldivmod.o)
 .data          0x20400294        0x0 c:/nxp/s32ds.3.6.1/s32ds/build_tools/gcc_v10.2/gcc-10.2-arm32-eabi/bin/../lib/gcc/arm-none-eabi/10.2.0/thumb/v7e-m+fp/hard\libgcc.a(_udivmoddi4.o)
 .data          0x20400294        0x0 c:/nxp/s32ds.3.6.1/s32ds/build_tools/gcc_v10.2/gcc-10.2-arm32-eabi/bin/../lib/gcc/arm-none-eabi/10.2.0/thumb/v7e-m+fp/hard\libgcc.a(_dvmd_tls.o)
 *(.data*)
 .data._impure_ptr
                0x20400294        0x4 c:/nxp/s32ds.3.6.1/s32ds/build_tools/gcc_v10.2/gcc-10.2-arm32-eabi/bin/../lib/gcc/arm-none-eabi/10.2.0/../../../../arm-none-eabi/lib/thumb/v7e-m+fp/hard\libc_nano.a(lib_a-impure.o)
                0x20400294                _impure_ptr
 .data.impure_data
                0x20400298       0x60 c:/nxp/s32ds.3.6.1/s32ds/build_tools/gcc_v10.2/gcc-10.2-arm32-eabi/bin/../lib/gcc/arm-none-eabi/10.2.0/../../../../arm-none-eabi/lib/thumb/v7e-m+fp/hard\libc_nano.a(lib_a-impure.o)
                0x204002f8                . = ALIGN (0x4)
 *(.mcal_data)
 .mcal_data     0x204002f8       0x7c ./RTD/src/Clock_Ip_Frequency.o
 .mcal_data     0x20400374        0x4 ./RTD/src/Siul2_Dio_Ip.o
                0x20400374                Siul2_Dio_Ip_au32BaseAdresses
 .mcal_data     0x20400378        0x8 ./generate/src/Lpspi_Ip_Sa_PBcfg.o
                0x20400380                . = ALIGN (0x4)
                0x20400380                __sram_data_end__ = .
                0x0040e944                __sram_data_rom_end = (__sram_data_rom + (__sram_data_end__ - __sram_data_begin__))

.heap           0x20400380      0x200 load address 0x0040e944
                0x00000000                . = (. + ALIGN (0x4))
                0x20400380                _end = .
                0x20400380                end = .
                0x20400380                _heap_start = .
                0x00000200                . = (. + HEAP_SIZE)
 *fill*         0x20400380      0x200 
                0x20400580                _heap_end = .

.acfls_code_ram
                0x20407f00        0x0
                0x20407f00                __acfls_code_ram_start = .
 *(.acfls_code_ram)
                0x20407f00                __acfls_code_ram_end = .
                0x20407f00                __acmem_43_infls_code_ram_start = .
 *(.acmem_43_infls_code_ram)
                0x20407f00                __acmem_43_infls_code_ram_end = .
                0x0040e944                __non_cacheable_data_rom = __sram_data_rom_end

.non_cacheable_data
                0x20408000        0x4 load address 0x0040e944
                0x20408000                . = ALIGN (0x4)
                0x20408000                __non_cacheable_data_start__ = .
 *(.mcal_data_no_cacheable)
                0x20408000                . = ALIGN (0x4)
 *(.mcal_const_no_cacheable)
                0x20408000                . = ALIGN (0x4)
                0x20408000                HSE_LOOP_ADDR = .
                0x20408000        0x4 LONG 0x0
                0x20408004                __non_cacheable_data_end__ = .
                0x0040e948                __non_cacheable_data_rom_end = (__non_cacheable_data_rom + (__non_cacheable_data_end__ - __non_cacheable_data_start__))

.igot.plt       0x20408004        0x0 load address 0x0040e948
 .igot.plt      0x20408004        0x0 ./ASW/SWC_Main_Controller/Src/Init_Modules.o

.non_cacheable_bss
                0x20408004     0x148c load address 0x0040e948
                0x20408010                . = ALIGN (0x10)
 *fill*         0x20408004        0xc 
                0x20408010                __non_cacheable_bss_start = .
 *(.mcal_bss_no_cacheable)
 .mcal_bss_no_cacheable
                0x20408010      0x7a0 ./RTD/src/Det.o
                0x20408010                Det_NextIdxList
                0x20408060                Det_RuntimeErrorId
                0x20408088                Det_aErrorState
                0x204081a8                Det_Runtime_NextIdxList
                0x204081f8                Det_aRuntimeErrorState
                0x20408318                Det_ModuleId
                0x20408368                Det_numTransientEventErrors
                0x20408388                Det_TransientInstanceId
                0x204083b0                Det_RuntimeModuleId
                0x20408400                Det_TransientFaultId
                0x20408428                Det_OverflowErrorFlag
                0x20408430                Det_Transient_Head
                0x20408440                Det_RuntimeInstanceId
                0x20408468                Det_ModuleState
                0x20408488                Det_OverflowRuntimeErrorFlag
                0x20408490                Det_RuntimeApiId
                0x204084b8                Det_OverflowTransientErrorFlag
                0x204084c0                Det_Head
                0x204084d0                Det_numEventErrors
                0x204084f0                Det_Runtime_Head
                0x20408500                Det_Tail
                0x20408510                Det_InstanceId
                0x20408538                Det_numRuntimeEventErrors
                0x20408558                Det_Runtime_Tail
                0x20408568                Det_TransientApiId
                0x20408590                Det_ApiId
                0x204085b8                Det_Transient_NextIdxList
                0x20408608                Det_aTransientErrorState
                0x20408728                Det_Transient_Tail
                0x20408738                Det_ErrorId
                0x20408760                Det_TransientModuleId
 .mcal_bss_no_cacheable
                0x204087b0       0xb8 ./RTD/src/Lpi2c_Ip.o
 .mcal_bss_no_cacheable
                0x20408868       0x68 ./RTD/src/Lpspi_Ip.o
 .mcal_bss_no_cacheable
                0x204088d0       0x40 ./RTD/src/SchM_BaseNXP.o
 .mcal_bss_no_cacheable
                0x20408910       0x40 ./RTD/src/SchM_Dio.o
 .mcal_bss_no_cacheable
                0x20408950      0x420 ./RTD/src/SchM_I2c.o
 .mcal_bss_no_cacheable
                0x20408d70       0x60 ./RTD/src/SchM_Mcu.o
 .mcal_bss_no_cacheable
                0x20408dd0      0x380 ./RTD/src/SchM_Port.o
 .mcal_bss_no_cacheable
                0x20409150      0x340 ./RTD/src/SchM_Spi.o
                0x20409490                . = ALIGN (0x4)
                0x20409490                __non_cacheable_bss_end = .

.int_results    0x2040ff00      0x100
                0x2040ff00                . = ALIGN (0x4)
 *(.int_results)
                0x20410000                . = (. + 0x100)
 *fill*         0x2040ff00      0x100 
                0x0040e948                __shareable_data_rom = __non_cacheable_data_rom_end

.shareable_data
                0x20410000        0x0 load address 0x0040e948
                0x20410000                . = ALIGN (0x4)
                0x20410000                __shareable_data_start__ = .
 *(.mcal_shared_data)
                0x20410000                . = ALIGN (0x4)
                0x20410000                __shareable_data_end__ = .
                0x0040e948                __shareable_data_rom_end = (__shareable_data_rom + (__shareable_data_end__ - __shareable_data_start__))

.int_vector     0x20000000      0x408
                0x20000000                . = ALIGN (0x800)
                0x20000000                __interrupts_ram_start = .
                0x20000408                . = (. + (__interrupts_init_end - __interrupts_init_start))
 *fill*         0x20000000      0x408 
                0x20000408                . = ALIGN (0x4)
                0x20000408                __interrupts_ram_end = .
                0x0040e948                __tcm_data_rom = __shareable_data_rom_end

.data_tcm_data  0x20000408        0x0 load address 0x0040e948
                0x20000408                . = ALIGN (0x4)
                0x20000408                __dtcm_data_start__ = .
 *(.dtcm_data*)
                0x20000408                . = ALIGN (0x4)
                0x20000408                __dtcm_data_end__ = .
                0x0040e948                __tcm_data_rom_end = (__tcm_data_rom + (__dtcm_data_end__ - __dtcm_data_start__))

.bss_tcm_data   0x20000408        0x0
                0x20000408                . = ALIGN (0x4)
                0x20000408                __dtcm_bss_start__ = .
 *(.dtcm_bss*)
                0x20000408                . = ALIGN (0x4)
                0x20000408                __dtcm_bss_end__ = .
                0x0040e948                __tcm_code_rom_start = __tcm_data_rom_end

.itcm_text      0x00000000        0x0 load address 0x0040e948
                0x00000000                . = ALIGN (0x4)
                0x00000000                __itcm_start__ = .
 *(.itcm_text*)
                0x00000000                . = ALIGN (0x4)
                0x00000000                __itcm_end__ = .
                0x0040e948                __tcm_code_rom_end = (__tcm_code_rom_start + (__itcm_end__ - __itcm_start__))

.shareable_bss  0x20410000        0x0
                0x20410000                . = ALIGN (0x10)
                0x20410000                __shareable_bss_start = .
 *(.mcal_shared_bss)
                0x20410000                . = ALIGN (0x4)
                0x20410000                __shareable_bss_end = .
                0x2000f000                __Stack_dtcm_end = ORIGIN (int_stack_dtcm)
                0x20010000                __Stack_dtcm_start = (ORIGIN (int_stack_dtcm) + LENGTH (int_stack_dtcm))
                0x20400000                __INT_SRAM_START = ORIGIN (int_sram)
                0x20418000                __INT_SRAM_END = ORIGIN (ram_rsvd2)
                0x00000000                __INT_ITCM_START = ORIGIN (int_itcm)
                0x00008000                __INT_ITCM_END = (ORIGIN (int_itcm) + LENGTH (int_itcm))
                0x20000000                __INT_DTCM_START = ORIGIN (int_dtcm)
                0x20010000                __INT_DTCM_END = ((ORIGIN (int_dtcm) + LENGTH (int_dtcm)) + LENGTH (int_stack_dtcm))
                0x20410000                __RAM_SHAREABLE_START = __shareable_data_start__
                0x0000000f                __RAM_SHAREABLE_SIZE = 0xf
                0x0040e948                __ROM_SHAREABLE_START = __shareable_data_rom
                0x0040e948                __ROM_SHAREABLE_END = __shareable_data_rom_end
                0x20408000                __RAM_NO_CACHEABLE_START = __non_cacheable_data_start__
                0x0000000f                __RAM_NO_CACHEABLE_SIZE = 0xf
                0x0040e944                __ROM_NO_CACHEABLE_START = __non_cacheable_data_rom
                0x0040e948                __ROM_NO_CACHEABLE_END = __non_cacheable_data_rom_end
                0x204001e8                __RAM_CACHEABLE_START = __sram_data_begin__
                0x0000000f                __RAM_CACHEABLE_SIZE = 0xf
                0x0040e7ac                __ROM_CACHEABLE_START = __sram_data_rom
                0x0040e944                __ROM_CACHEABLE_END = __sram_data_rom_end
                0x00400000                __ROM_CODE_START = ORIGIN (int_pflash)
                0x10000000                __ROM_DATA_START = ORIGIN (int_dflash)
                0x20400000                __BSS_SRAM_START = __sram_bss_start
                0x204001e4                __BSS_SRAM_END = __sram_bss_end
                0x000001e4                __BSS_SRAM_SIZE = (__sram_bss_end - __sram_bss_start)
                0x20408010                __BSS_SRAM_NC_START = __non_cacheable_bss_start
                0x00001480                __BSS_SRAM_NC_SIZE = (__non_cacheable_bss_end - __non_cacheable_bss_start)
                0x20409490                __BSS_SRAM_NC_END = __non_cacheable_bss_end
                0x20410000                __BSS_SRAM_SH_START = __shareable_bss_start
                0x00000000                __BSS_SRAM_SH_SIZE = (__shareable_bss_end - __shareable_bss_start)
                0x20410000                __BSS_SRAM_SH_END = __shareable_bss_end
                0x20000000                __RAM_INTERRUPT_START = __interrupts_ram_start
                0x00402000                __INIT_INTERRUPT_START = __interrupts_init_start
                0x00402408                __INIT_INTERRUPT_END = __interrupts_init_end
                0x00000000                __RAM_ITCM_START = __itcm_start__
                0x0040e948                __ROM_ITCM_START = __tcm_code_rom_start
                0x0040e948                __ROM_ITCM_END = __tcm_code_rom_end
                0x20000408                __RAM_DTCM_DATA_START = __dtcm_data_start__
                0x0040e948                __ROM_DTCM_DATA_START = __tcm_data_rom
                0x0040e948                __ROM_DTCM_END = __tcm_data_rom_end
                0x0040e73c                __INIT_TABLE = __init_table
                0x0040e788                __ZERO_TABLE = __zero_table
                0x00000001                __RAM_INIT = 0x1
                0x00000001                __ITCM_INIT = 0x1
                0x00000001                __DTCM_INIT = 0x1
                0x0040c698                Fls_ACEraseRomStart = __acfls_code_rom_start
                0x0040c6e8                Fls_ACEraseRomEnd = __acfls_code_rom_end
                0x00000014                Fls_ACEraseSize = ((__acfls_code_rom_end - __acfls_code_rom_start) / 0x4)
                0x0040c698                Fls_ACWriteRomStart = __acfls_code_rom_start
                0x0040c6e8                Fls_ACWriteRomEnd = __acfls_code_rom_end
                0x00000014                Fls_ACWriteSize = ((__acfls_code_rom_end - __acfls_code_rom_start) / 0x4)
                0x20407f00                _ERASE_FUNC_ADDRESS_ = __acfls_code_ram_start
                0x20407f00                _WRITE_FUNC_ADDRESS_ = __acfls_code_ram_start
                0x0040c6e8                Mem_43_INFLS_ACEraseRomStart = __acmem_43_infls_code_rom_start
                0x0040c6e8                Mem_43_INFLS_ACEraseRomEnd = __acmem_43_infls_code_rom_end
                0x00000000                Mem_43_INFLS_ACEraseSize = (((__acmem_43_infls_code_rom_end - __acmem_43_infls_code_rom_start) + 0x3) / 0x4)
                0x0040c6e8                Mem_43_INFLS_ACWriteRomStart = __acmem_43_infls_code_rom_start
                0x0040c6e8                Mem_43_INFLS_ACWriteRomEnd = __acmem_43_infls_code_rom_end
                0x00000000                Mem_43_INFLS_ACWriteSize = (((__acmem_43_infls_code_rom_end - __acmem_43_infls_code_rom_start) + 0x3) / 0x4)
                0x20407f00                _MEM_43_INFLS_ERASE_FUNC_ADDRESS_ = __acmem_43_infls_code_ram_start