Archive member included to satisfy reference by file (symbol)

c:/nxp/s32ds.3.6.1/s32ds/build_tools/gcc_v10.2/gcc-10.2-arm32-eabi/bin/../lib/gcc/arm-none-eabi/10.2.0/../../../../arm-none-eabi/lib/thumb/v7e-m+fp/hard\libc_nano.a(lib_a-atoi.o)
                              ./BSW/ecu/DRIVER_IRIDIUM/Src/Iridium9603.o (atoi)
c:/nxp/s32ds.3.6.1/s32ds/build_tools/gcc_v10.2/gcc-10.2-arm32-eabi/bin/../lib/gcc/arm-none-eabi/10.2.0/../../../../arm-none-eabi/lib/thumb/v7e-m+fp/hard\libc_nano.a(lib_a-atol.o)
                              ./BSW/ecu/DRIVER_IRIDIUM/Src/Iridium9603.o (atol)
c:/nxp/s32ds.3.6.1/s32ds/build_tools/gcc_v10.2/gcc-10.2-arm32-eabi/bin/../lib/gcc/arm-none-eabi/10.2.0/../../../../arm-none-eabi/lib/thumb/v7e-m+fp/hard\libc_nano.a(lib_a-memcpy-stub.o)
                              ./BSW/ecu/DRIVER_IRIDIUM/Src/Iridium9603.o (memcpy)
c:/nxp/s32ds.3.6.1/s32ds/build_tools/gcc_v10.2/gcc-10.2-arm32-eabi/bin/../lib/gcc/arm-none-eabi/10.2.0/../../../../arm-none-eabi/lib/thumb/v7e-m+fp/hard\libc_nano.a(lib_a-memmove.o)
                              ./RTD/src/Siul2_Port_Ip.o (memmove)
c:/nxp/s32ds.3.6.1/s32ds/build_tools/gcc_v10.2/gcc-10.2-arm32-eabi/bin/../lib/gcc/arm-none-eabi/10.2.0/../../../../arm-none-eabi/lib/thumb/v7e-m+fp/hard\libc_nano.a(lib_a-memset.o)
                              ./ASW/SWC_Main_Controller/Src/swc_os.o (memset)
c:/nxp/s32ds.3.6.1/s32ds/build_tools/gcc_v10.2/gcc-10.2-arm32-eabi/bin/../lib/gcc/arm-none-eabi/10.2.0/../../../../arm-none-eabi/lib/thumb/v7e-m+fp/hard\libc_nano.a(lib_a-strchr.o)
                              ./BSW/ecu/DRIVER_IRIDIUM/Src/Iridium9603.o (strchr)
c:/nxp/s32ds.3.6.1/s32ds/build_tools/gcc_v10.2/gcc-10.2-arm32-eabi/bin/../lib/gcc/arm-none-eabi/10.2.0/../../../../arm-none-eabi/lib/thumb/v7e-m+fp/hard\libc_nano.a(lib_a-strstr.o)
                              ./BSW/ecu/DRIVER_IRIDIUM/Src/Iridium9603.o (strstr)
c:/nxp/s32ds.3.6.1/s32ds/build_tools/gcc_v10.2/gcc-10.2-arm32-eabi/bin/../lib/gcc/arm-none-eabi/10.2.0/../../../../arm-none-eabi/lib/thumb/v7e-m+fp/hard\libc_nano.a(lib_a-strtol.o)
                              c:/nxp/s32ds.3.6.1/s32ds/build_tools/gcc_v10.2/gcc-10.2-arm32-eabi/bin/../lib/gcc/arm-none-eabi/10.2.0/../../../../arm-none-eabi/lib/thumb/v7e-m+fp/hard\libc_nano.a(lib_a-atoi.o) (_strtol_r)
c:/nxp/s32ds.3.6.1/s32ds/build_tools/gcc_v10.2/gcc-10.2-arm32-eabi/bin/../lib/gcc/arm-none-eabi/10.2.0/../../../../arm-none-eabi/lib/thumb/v7e-m+fp/hard\libc_nano.a(lib_a-ctype_.o)
                              c:/nxp/s32ds.3.6.1/s32ds/build_tools/gcc_v10.2/gcc-10.2-arm32-eabi/bin/../lib/gcc/arm-none-eabi/10.2.0/../../../../arm-none-eabi/lib/thumb/v7e-m+fp/hard\libc_nano.a(lib_a-strtol.o) (_ctype_)
c:/nxp/s32ds.3.6.1/s32ds/build_tools/gcc_v10.2/gcc-10.2-arm32-eabi/bin/../lib/gcc/arm-none-eabi/10.2.0/../../../../arm-none-eabi/lib/thumb/v7e-m+fp/hard\libc_nano.a(lib_a-errno.o)
                              c:/nxp/s32ds.3.6.1/s32ds/build_tools/gcc_v10.2/gcc-10.2-arm32-eabi/bin/../lib/gcc/arm-none-eabi/10.2.0/../../../../arm-none-eabi/lib/thumb/v7e-m+fp/hard\libc_nano.a(lib_a-strtol.o) (__errno)
c:/nxp/s32ds.3.6.1/s32ds/build_tools/gcc_v10.2/gcc-10.2-arm32-eabi/bin/../lib/gcc/arm-none-eabi/10.2.0/../../../../arm-none-eabi/lib/thumb/v7e-m+fp/hard\libc_nano.a(lib_a-impure.o)
                              c:/nxp/s32ds.3.6.1/s32ds/build_tools/gcc_v10.2/gcc-10.2-arm32-eabi/bin/../lib/gcc/arm-none-eabi/10.2.0/../../../../arm-none-eabi/lib/thumb/v7e-m+fp/hard\libc_nano.a(lib_a-strtol.o) (_impure_ptr)
c:/nxp/s32ds.3.6.1/s32ds/build_tools/gcc_v10.2/gcc-10.2-arm32-eabi/bin/../lib/gcc/arm-none-eabi/10.2.0/thumb/v7e-m+fp/hard\libgcc.a(_arm_addsubsf3.o)
                              ./BSW/ecu/DRIVER_MS8607/SER/Src/MS8607_PTH.o (__aeabi_l2f)
c:/nxp/s32ds.3.6.1/s32ds/build_tools/gcc_v10.2/gcc-10.2-arm32-eabi/bin/../lib/gcc/arm-none-eabi/10.2.0/thumb/v7e-m+fp/hard\libgcc.a(_aeabi_ldivmod.o)
                              ./RTD/src/Clock_Ip_Frequency.o (__aeabi_ldivmod)
c:/nxp/s32ds.3.6.1/s32ds/build_tools/gcc_v10.2/gcc-10.2-arm32-eabi/bin/../lib/gcc/arm-none-eabi/10.2.0/thumb/v7e-m+fp/hard\libgcc.a(_aeabi_uldivmod.o)
                              ./RTD/src/Clock_Ip_Frequency.o (__aeabi_uldivmod)
c:/nxp/s32ds.3.6.1/s32ds/build_tools/gcc_v10.2/gcc-10.2-arm32-eabi/bin/../lib/gcc/arm-none-eabi/10.2.0/thumb/v7e-m+fp/hard\libgcc.a(_udivmoddi4.o)
                              c:/nxp/s32ds.3.6.1/s32ds/build_tools/gcc_v10.2/gcc-10.2-arm32-eabi/bin/../lib/gcc/arm-none-eabi/10.2.0/thumb/v7e-m+fp/hard\libgcc.a(_aeabi_ldivmod.o) (__udivmoddi4)
c:/nxp/s32ds.3.6.1/s32ds/build_tools/gcc_v10.2/gcc-10.2-arm32-eabi/bin/../lib/gcc/arm-none-eabi/10.2.0/thumb/v7e-m+fp/hard\libgcc.a(_dvmd_tls.o)
                              c:/nxp/s32ds.3.6.1/s32ds/build_tools/gcc_v10.2/gcc-10.2-arm32-eabi/bin/../lib/gcc/arm-none-eabi/10.2.0/thumb/v7e-m+fp/hard\libgcc.a(_aeabi_ldivmod.o) (__aeabi_ldiv0)

Discarded input sections

[...]
Memory Configuration

Name             Origin             Length             Attributes
int_pflash       0x00400000         0x001d4000
int_dflash       0x10000000         0x00020000
int_itcm         0x00000000         0x00008000
int_dtcm         0x20000000         0x0000f000
int_stack_dtcm   0x2000f000         0x00001000
int_sram         0x20400000         0x00007f00
int_sram_fls_rsv 0x20407f00         0x00000100
int_sram_no_cacheable 0x20408000         0x00007f00
int_sram_results 0x2040ff00         0x00000100
int_sram_shareable 0x20410000         0x00008000
ram_rsvd2        0x20418000         0x00000000
*default*        0x00000000         0xffffffff

Linker script and memory map

LOAD ./ASW/SWC_Main_Controller/Src/Init_Modules.o
LOAD ./ASW/SWC_Main_Controller/Src/swc_main_controller.o
LOAD ./ASW/SWC_Main_Controller/Src/swc_os.o
LOAD ./ASW/SWC_Memory/Src/swc_memory.o
LOAD ./ASW/SWC_Tem_Pre_Hum/Src/swc_tem_pre_hum.o
LOAD ./BSW/ecu/DRIVER_HUM/IF/Src/humidity.o
LOAD ./BSW/ecu/DRIVER_IOHWAB/DIO/IF/Src/Init_DRV.o
LOAD ./BSW/ecu/DRIVER_IRIDIUM/Src/Iridium9603.o
LOAD ./BSW/ecu/DRIVER_MEM/IF/Src/mem.o
LOAD ./BSW/ecu/DRIVER_MEM/MAL/Src/SPIF_Driver.o
LOAD ./BSW/ecu/DRIVER_MS8607/SER/Src/MS8607_PTH.o
LOAD ./BSW/ecu/TimeCounter/IF/Src/timeCounter.o
LOAD ./BSW/mcal/Delay/Delay.o
LOAD ./BSW/mcal/GPIO/GPIO.o
LOAD ./BSW/mcal/I2C_MCAL/I2C.o
LOAD ./BSW/mcal/SPI_MCAL/SPI_MCAL.o
LOAD ./Project_Settings/Startup_Code/Vector_Table.o
LOAD ./Project_Settings/Startup_Code/exceptions.o
LOAD ./Project_Settings/Startup_Code/nvic.o
LOAD ./Project_Settings/Startup_Code/startup.o
LOAD ./Project_Settings/Startup_Code/startup_cm7.o
LOAD ./Project_Settings/Startup_Code/system.o
LOAD ./RTD/src/Clock_Ip.o
LOAD ./RTD/src/Clock_Ip_Data.o
LOAD ./RTD/src/Clock_Ip_Divider.o
LOAD ./RTD/src/Clock_Ip_DividerTrigger.o
LOAD ./RTD/src/Clock_Ip_ExtOsc.o
LOAD ./RTD/src/Clock_Ip_FracDiv.o
LOAD ./RTD/src/Clock_Ip_Frequency.o
LOAD ./RTD/src/Clock_Ip_Gate.o
LOAD ./RTD/src/Clock_Ip_IntOsc.o
LOAD ./RTD/src/Clock_Ip_Irq.o
LOAD ./RTD/src/Clock_Ip_Monitor.o
LOAD ./RTD/src/Clock_Ip_Pll.o
LOAD ./RTD/src/Clock_Ip_ProgFreqSwitch.o
LOAD ./RTD/src/Clock_Ip_Selector.o
LOAD ./RTD/src/Clock_Ip_Specific.o
LOAD ./RTD/src/Det.o
LOAD ./RTD/src/Det_stub.o
LOAD ./RTD/src/Igf_Port_Ip.o
LOAD ./RTD/src/Lpi2c_Ip.o
LOAD ./RTD/src/Lpi2c_Ip_Irq.o
LOAD ./RTD/src/Lpspi_Ip.o
LOAD ./RTD/src/Lpspi_Ip_Irq.o
LOAD ./RTD/src/OsIf_Interrupts.o
LOAD ./RTD/src/OsIf_Software_Semaphore.o
LOAD ./RTD/src/OsIf_Timer.o
LOAD ./RTD/src/OsIf_Timer_System.o
LOAD ./RTD/src/OsIf_Timer_System_Internal_Systick.o
LOAD ./RTD/src/SchM_BaseNXP.o
LOAD ./RTD/src/SchM_Dio.o
LOAD ./RTD/src/SchM_I2c.o
LOAD ./RTD/src/SchM_Mcu.o
LOAD ./RTD/src/SchM_Port.o
LOAD ./RTD/src/SchM_Spi.o
LOAD ./RTD/src/Siul2_Dio_Ip.o
LOAD ./RTD/src/Siul2_Port_Ip.o
LOAD ./RTD/src/Tspc_Port_Ip.o
LOAD ./board/Siul2_Port_Ip_Cfg.o
LOAD ./board/Tspc_Port_Ip_Cfg.o
LOAD ./generate/src/Clock_Ip_Cfg.o
LOAD ./generate/src/Igf_Port_Ip_Cfg.o
LOAD ./generate/src/Lpi2c_Ip_Sa_PBcfg.o
LOAD ./generate/src/Lpspi_Ip_Sa_PBcfg.o
LOAD ./generate/src/OsIf_Cfg.o
LOAD ./src/main.o
LOAD c:/nxp/s32ds.3.6.1/s32ds/build_tools/gcc_v10.2/gcc-10.2-arm32-eabi/bin/../lib/gcc/arm-none-eabi/10.2.0/../../../../arm-none-eabi/lib/thumb/v7e-m+fp/hard\libc_nano.a
LOAD c:/nxp/s32ds.3.6.1/s32ds/build_tools/gcc_v10.2/gcc-10.2-arm32-eabi/bin/../lib/gcc/arm-none-eabi/10.2.0/../../../../arm-none-eabi/lib/thumb/v7e-m+fp/hard\libm.a
LOAD c:/nxp/s32ds.3.6.1/s32ds/build_tools/gcc_v10.2/gcc-10.2-arm32-eabi/bin/../lib/gcc/arm-none-eabi/10.2.0/thumb/v7e-m+fp/hard\libgcc.a
START GROUP
LOAD c:/nxp/s32ds.3.6.1/s32ds/build_tools/gcc_v10.2/gcc-10.2-arm32-eabi/bin/../lib/gcc/arm-none-eabi/10.2.0/thumb/v7e-m+fp/hard\libgcc.a
LOAD c:/nxp/s32ds.3.6.1/s32ds/build_tools/gcc_v10.2/gcc-10.2-arm32-eabi/bin/../lib/gcc/arm-none-eabi/10.2.0/../../../../arm-none-eabi/lib/thumb/v7e-m+fp/hard\libg_nano.a
LOAD c:/nxp/s32ds.3.6.1/s32ds/build_tools/gcc_v10.2/gcc-10.2-arm32-eabi/bin/../lib/gcc/arm-none-eabi/10.2.0/../../../../arm-none-eabi/lib/thumb/v7e-m+fp/hard\libc_nano.a
END GROUP
START GROUP
LOAD c:/nxp/s32ds.3.6.1/s32ds/build_tools/gcc_v10.2/gcc-10.2-arm32-eabi/bin/../lib/gcc/arm-none-eabi/10.2.0/thumb/v7e-m+fp/hard\libgcc.a
LOAD c:/nxp/s32ds.3.6.1/s32ds/build_tools/gcc_v10.2/gcc-10.2-arm32-eabi/bin/../lib/gcc/arm-none-eabi/10.2.0/../../../../arm-none-eabi/lib/thumb/v7e-m+fp/hard\libc_nano.a
LOAD c:/nxp/s32ds.3.6.1/s32ds/build_tools/gcc_v10.2/gcc-10.2-arm32-eabi/bin/../lib/gcc/arm-none-eabi/10.2.0/../../../../arm-none-eabi/lib/thumb/v7e-m+fp/hard\libnosys.a
END GROUP
START GROUP
LOAD c:/nxp/s32ds.3.6.1/s32ds/build_tools/gcc_v10.2/gcc-10.2-arm32-eabi/bin/../lib/gcc/arm-none-eabi/10.2.0/thumb/v7e-m+fp/hard\libgcc.a
LOAD c:/nxp/s32ds.3.6.1/s32ds/build_tools/gcc_v10.2/gcc-10.2-arm32-eabi/bin/../lib/gcc/arm-none-eabi/10.2.0/../../../../arm-none-eabi/lib/thumb/v7e-m+fp/hard\libc_nano.a
LOAD c:/nxp/s32ds.3.6.1/s32ds/build_tools/gcc_v10.2/gcc-10.2-arm32-eabi/bin/../lib/gcc/arm-none-eabi/10.2.0/../../../../arm-none-eabi/lib/thumb/v7e-m+fp/hard\libnosys.a
END GROUP
                0x00000200                HEAP_SIZE = DEFINED (__heap_size__)?__heap_size__:0x200
                0x20407fff                __STANDBY_RAM_LIMIT_END = 0x20407fff

.pflash         0x00400000     0xe294
 *(.boot_header)
 .boot_header   0x00400000      0x100 ./Project_Settings/Startup_Code/startup_cm7.o
                0x00402000                . = ALIGN (0x2000)
 *fill*         0x00400100     0x1f00 
                0x00402000                __text_start = .
                0x00402000                __interrupts_init_start = .
 *(.intc_vector)
 .intc_vector   0x00402000      0x408 ./Project_Settings/Startup_Code/Vector_Table.o
                0x00402000                VTABLE
                0x00402408                . = ALIGN (0x4)
                0x00402408                __interrupts_init_end = .
 *(.core_loop)
 .core_loop     0x00402408        0xc ./Project_Settings/Startup_Code/startup_cm7.o
                0x00402408                _core_loop
                0x00402414                . = ALIGN (0x4)
 *(.startup)
 *fill*         0x00402414        0xc 
 .startup       0x00402420      0x214 ./Project_Settings/Startup_Code/startup_cm7.o
                0x00402420                Reset_Handler
                0x00402420                _start
                0x004025b4                MCAL_LTB_TRACE_OFF
                0x004025b6                _end_of_eunit_test
                0x00402634                . = ALIGN (0x4)
 *(.systeminit)
                0x00402634                . = ALIGN (0x4)
 *(.text.startup)
 .text.startup  0x00402634       0x40 ./src/main.o
                0x00402634                main
                0x00402674                . = ALIGN (0x4)
 *(.text)
 .text          0x00402674        0x4 ./ASW/SWC_Main_Controller/Src/Init_Modules.o
                0x00402674                modules_init
 .text          0x00402678        0xa ./ASW/SWC_Main_Controller/Src/swc_main_controller.o
                0x00402678                request_data_sensors
                0x0040267a                save_data_memory
                0x0040267c                init_controller
                0x00402680                controller
 *fill*         0x00402682        0x2 
 .text          0x00402684      0x1dc ./ASW/SWC_Main_Controller/Src/swc_os.o
                0x0040271c                Task_1s
                0x00402720                Task_1m
                0x0040280c                test_iridium
 .text          0x00402860        0x2 ./ASW/SWC_Memory/Src/swc_memory.o
                0x00402860                store_sensor_data_structure
 .text          0x00402862       0x1a ./ASW/SWC_Tem_Pre_Hum/Src/swc_tem_pre_hum.o
                0x00402862                sensor_vInit
                0x00402870                getTemperaturePressureHumidity
 .text          0x0040287c        0x4 ./BSW/ecu/DRIVER_HUM/IF/Src/humidity.o
                0x0040287c                request_data_humidity
 .text          0x00402880       0x1e ./BSW/ecu/DRIVER_IOHWAB/DIO/IF/Src/Init_DRV.o
                0x00402880                Drivers_init
 *fill*         0x0040289e        0x2 
 .text          0x004028a0      0x55c ./BSW/ecu/DRIVER_IRIDIUM/Src/Iridium9603.o
                0x00402a14                Iridium9603_EnableModem
                0x00402b84                Iridium9603_GetSignalQuality
                0x00402bd4                Iridium9603_SendSBDText
                0x00402da0                Iridium9603_ClearMOBuffer
                0x00402dd0                Iridium9603_DisableModem
 .text          0x00402dfc      0x1ec ./BSW/ecu/DRIVER_MEM/IF/Src/mem.o
                0x00402dfc                MEM_InitMemory
                0x00402ea0                MEM_Convert_FrameToBytes
                0x00402ebc                MEM_Convert_BytesToFrame
                0x00402ede                MEM_getMemAddress
                0x00402ee8                MEM_getNumSavedFrames
                0x00402ef4                MEM_getSavedFrames
                0x00402f24                MEM_Save_Frame
                0x00402fa8                MEM_Erase_Memory
                0x00402fc4                MEM_ConfigureNewMem
 .text          0x00402fe8      0x468 ./BSW/ecu/DRIVER_MEM/MAL/Src/SPIF_Driver.o
                0x0040300c                float2bytes
                0x00403014                bytes2float
                0x0040301c                SPIF_Write_Enable
                0x00403046                SPIF_Write_Disable
                0x00403070                bytesToWrite
                0x0040307c                bytesToModify
                0x0040308a                SPIF_Global_Block_Protection_Unlock
                0x004030c0                SPIF_Erase_Chip
                0x004030fc                SPIF_Erase_Sector
                0x00403146                SPIF_Write_Clean
                0x004031fe                SPIF_Read
                0x004032da                SPIF_Read_Num
                0x004032f6                SPIF_Write_Update
                0x0040338e                SPIF_Write_Num
                0x004033aa                SPIF_ReadJedecId
                0x00403400                SPIF_Reset
 .text          0x00403450      0x57c ./BSW/ecu/DRIVER_MS8607/SER/Src/MS8607_PTH.o
                0x004034e8                ms8607_vInit
                0x00403504                ms8607_is_connected
                0x0040350e                ms8607_reset
                0x00403532                ms8607_set_humidity_resolution
                0x0040356c                ms8607_set_humidity_i2c_master_mode
                0x00403578                ms8607_get_humidity_battery_status
                0x00403598                ms8607_enable_humidity_heater
                0x004035c2                ms8607_disable_humidity_heater
                0x004035e8                ms8607_get_heater_status
                0x00403608                ms8607_get_compensated_humidity
                0x00403640                ms8607_read_temperature_pressure_humidity
                0x004039a0                ms8607_set_pressure_resolution
 .text          0x004039cc       0x64 ./BSW/ecu/TimeCounter/IF/Src/timeCounter.o
                0x004039cc                Time_init_time
                0x004039d8                Time_increase_minute
                0x00403a00                Time_get_hour
                0x00403a0c                Time_get_minutes
                0x00403a18                Time_set_hour
                0x00403a24                Time_set_minutes
 .text          0x00403a30       0x7c ./BSW/mcal/Delay/Delay.o
                0x00403a30                Delay_vPauseMs
                0x00403a32                Delay_vMs
                0x00403a44                Delay_u32GetTicks
                0x00403a50                Delay_vTicksUpdate
                0x00403a60                Delay_count_1_minute
                0x00403a78                Delay_count_1_second
                0x00403a90                SysTick_Handler
 .text          0x00403aac       0x28 ./BSW/mcal/GPIO/GPIO.o
                0x00403aac                GPIO_vInit
                0x00403aae                GPIO_u32SetOutputState
                0x00403ac4                GPIO_ToggleOutputState
 .text          0x00403ad4       0xfc ./BSW/mcal/I2C_MCAL/I2C.o
                0x00403ad4                I2C0_vInit
                0x00403ae0                I2C1_vInit
                0x00403aec                I2C0_u8Write
                0x00403b1e                I2C0_u8WriteCmd
                0x00403b48                I2C1_u8WriteCmd
                0x00403b74                I2C0_u8Read
                0x00403ba0                I2C1_u8Write
                0x00403ba4                I2C1_u8Read
 .text          0x00403bd0       0x6c ./BSW/mcal/SPI_MCAL/SPI_MCAL.o
                0x00403bd0                SPI_vInitMaster
                0x00403bdc                SPI_u8Transmit
                0x00403c00                SPI_u8ReceiveData
                0x00403c38                SPI_CS
 .text          0x00403c3c        0x0 ./Project_Settings/Startup_Code/Vector_Table.o
 .text          0x00403c3c        0x0 ./Project_Settings/Startup_Code/exceptions.o
 .text          0x00403c3c        0x0 ./Project_Settings/Startup_Code/nvic.o
 .text          0x00403c3c        0x0 ./Project_Settings/Startup_Code/startup.o
 .text          0x00403c3c        0x0 ./Project_Settings/Startup_Code/startup_cm7.o
 .text          0x00403c3c        0x0 ./Project_Settings/Startup_Code/system.o
 .text          0x00403c3c        0x0 ./RTD/src/Clock_Ip.o
 .text          0x00403c3c        0x0 ./RTD/src/Clock_Ip_Data.o
 .text          0x00403c3c        0x0 ./RTD/src/Clock_Ip_Divider.o
 .text          0x00403c3c        0x0 ./RTD/src/Clock_Ip_DividerTrigger.o
 .text          0x00403c3c        0x0 ./RTD/src/Clock_Ip_ExtOsc.o
 .text          0x00403c3c        0x0 ./RTD/src/Clock_Ip_FracDiv.o
 .text          0x00403c3c        0x0 ./RTD/src/Clock_Ip_Frequency.o
 .text          0x00403c3c        0x0 ./RTD/src/Clock_Ip_Gate.o
 .text          0x00403c3c        0x0 ./RTD/src/Clock_Ip_IntOsc.o
 .text          0x00403c3c        0x0 ./RTD/src/Clock_Ip_Irq.o
 .text          0x00403c3c        0x0 ./RTD/src/Clock_Ip_Monitor.o
 .text          0x00403c3c        0x0 ./RTD/src/Clock_Ip_Pll.o
 .text          0x00403c3c        0x0 ./RTD/src/Clock_Ip_ProgFreqSwitch.o
 .text          0x00403c3c        0x0 ./RTD/src/Clock_Ip_Selector.o
 .text          0x00403c3c        0x0 ./RTD/src/Clock_Ip_Specific.o
 .text          0x00403c3c        0x0 ./RTD/src/Det.o
 .text          0x00403c3c        0x0 ./RTD/src/Det_stub.o
 .text          0x00403c3c        0x0 ./RTD/src/Igf_Port_Ip.o
 .text          0x00403c3c        0x0 ./RTD/src/Lpi2c_Ip.o
 .text          0x00403c3c        0x0 ./RTD/src/Lpi2c_Ip_Irq.o
 .text          0x00403c3c        0x0 ./RTD/src/Lpspi_Ip.o
 .text          0x00403c3c        0x0 ./RTD/src/Lpspi_Ip_Irq.o
 .text          0x00403c3c        0x0 ./RTD/src/OsIf_Interrupts.o
 .text          0x00403c3c        0x0 ./RTD/src/OsIf_Software_Semaphore.o
 .text          0x00403c3c        0x0 ./RTD/src/OsIf_Timer.o
 .text          0x00403c3c        0x0 ./RTD/src/OsIf_Timer_System.o
 .text          0x00403c3c        0x0 ./RTD/src/OsIf_Timer_System_Internal_Systick.o
 .text          0x00403c3c        0x6 ./RTD/src/SchM_BaseNXP.o
                0x00403c3c                BaseNXP_schm_read_msr
 .text          0x00403c42        0x6 ./RTD/src/SchM_Dio.o
                0x00403c42                Dio_schm_read_msr
 .text          0x00403c48        0x6 ./RTD/src/SchM_I2c.o
                0x00403c48                I2c_schm_read_msr
 .text          0x00403c4e        0x6 ./RTD/src/SchM_Mcu.o
                0x00403c4e                Mcu_schm_read_msr
 .text          0x00403c54        0x6 ./RTD/src/SchM_Port.o
                0x00403c54                Port_schm_read_msr
 .text          0x00403c5a        0x6 ./RTD/src/SchM_Spi.o
                0x00403c5a                Spi_schm_read_msr
 .text          0x00403c60       0x14 ./RTD/src/Siul2_Dio_Ip.o
 .text          0x00403c74       0x14 ./RTD/src/Siul2_Port_Ip.o
 .text          0x00403c88        0x0 ./RTD/src/Tspc_Port_Ip.o
 .text          0x00403c88        0x0 ./board/Siul2_Port_Ip_Cfg.o
 .text          0x00403c88        0x0 ./board/Tspc_Port_Ip_Cfg.o
 .text          0x00403c88        0x0 ./generate/src/Clock_Ip_Cfg.o
 .text          0x00403c88        0x0 ./generate/src/Igf_Port_Ip_Cfg.o
 .text          0x00403c88        0x0 ./generate/src/Lpi2c_Ip_Sa_PBcfg.o
 .text          0x00403c88        0x0 ./generate/src/Lpspi_Ip_Sa_PBcfg.o
 .text          0x00403c88        0x0 ./generate/src/OsIf_Cfg.o
 .text          0x00403c88       0x18 ./src/main.o
                0x00403c88                SysTick_Conf
 .text          0x00403ca0        0x0 c:/nxp/s32ds.3.6.1/s32ds/build_tools/gcc_v10.2/gcc-10.2-arm32-eabi/bin/../lib/gcc/arm-none-eabi/10.2.0/../../../../arm-none-eabi/lib/thumb/v7e-m+fp/hard\libc_nano.a(lib_a-atoi.o)
 .text          0x00403ca0        0x0 c:/nxp/s32ds.3.6.1/s32ds/build_tools/gcc_v10.2/gcc-10.2-arm32-eabi/bin/../lib/gcc/arm-none-eabi/10.2.0/../../../../arm-none-eabi/lib/thumb/v7e-m+fp/hard\libc_nano.a(lib_a-atol.o)
 .text          0x00403ca0        0x0 c:/nxp/s32ds.3.6.1/s32ds/build_tools/gcc_v10.2/gcc-10.2-arm32-eabi/bin/../lib/gcc/arm-none-eabi/10.2.0/../../../../arm-none-eabi/lib/thumb/v7e-m+fp/hard\libc_nano.a(lib_a-memcpy-stub.o)
 .text          0x00403ca0        0x0 c:/nxp/s32ds.3.6.1/s32ds/build_tools/gcc_v10.2/gcc-10.2-arm32-eabi/bin/../lib/gcc/arm-none-eabi/10.2.0/../../../../arm-none-eabi/lib/thumb/v7e-m+fp/hard\libc_nano.a(lib_a-memmove.o)
 .text          0x00403ca0        0x0 c:/nxp/s32ds.3.6.1/s32ds/build_tools/gcc_v10.2/gcc-10.2-arm32-eabi/bin/../lib/gcc/arm-none-eabi/10.2.0/../../../../arm-none-eabi/lib/thumb/v7e-m+fp/hard\libc_nano.a(lib_a-memset.o)
 .text          0x00403ca0        0x0 c:/nxp/s32ds.3.6.1/s32ds/build_tools/gcc_v10.2/gcc-10.2-arm32-eabi/bin/../lib/gcc/arm-none-eabi/10.2.0/../../../../arm-none-eabi/lib/thumb/v7e-m+fp/hard\libc_nano.a(lib_a-strchr.o)
 .text          0x00403ca0        0x0 c:/nxp/s32ds.3.6.1/s32ds/build_tools/gcc_v10.2/gcc-10.2-arm32-eabi/bin/../lib/gcc/arm-none-eabi/10.2.0/../../../../arm-none-eabi/lib/thumb/v7e-m+fp/hard\libc_nano.a(lib_a-strstr.o)
 .text          0x00403ca0        0x0 c:/nxp/s32ds.3.6.1/s32ds/build_tools/gcc_v10.2/gcc-10.2-arm32-eabi/bin/../lib/gcc/arm-none-eabi/10.2.0/../../../../arm-none-eabi/lib/thumb/v7e-m+fp/hard\libc_nano.a(lib_a-strtol.o)
 .text          0x00403ca0        0x0 c:/nxp/s32ds.3.6.1/s32ds/build_tools/gcc_v10.2/gcc-10.2-arm32-eabi/bin/../lib/gcc/arm-none-eabi/10.2.0/../../../../arm-none-eabi/lib/thumb/v7e-m+fp/hard\libc_nano.a(lib_a-ctype_.o)
 .text          0x00403ca0        0x0 c:/nxp/s32ds.3.6.1/s32ds/build_tools/gcc_v10.2/gcc-10.2-arm32-eabi/bin/../lib/gcc/arm-none-eabi/10.2.0/../../../../arm-none-eabi/lib/thumb/v7e-m+fp/hard\libc_nano.a(lib_a-errno.o)
 .text          0x00403ca0        0x0 c:/nxp/s32ds.3.6.1/s32ds/build_tools/gcc_v10.2/gcc-10.2-arm32-eabi/bin/../lib/gcc/arm-none-eabi/10.2.0/../../../../arm-none-eabi/lib/thumb/v7e-m+fp/hard\libc_nano.a(lib_a-impure.o)
 .text          0x00403ca0      0x21c c:/nxp/s32ds.3.6.1/s32ds/build_tools/gcc_v10.2/gcc-10.2-arm32-eabi/bin/../lib/gcc/arm-none-eabi/10.2.0/thumb/v7e-m+fp/hard\libgcc.a(_arm_addsubsf3.o)
                0x00403ca0                __aeabi_frsub
                0x00403ca8                __subsf3
                0x00403ca8                __aeabi_fsub
                0x00403cac                __aeabi_fadd
                0x00403cac                __addsf3
                0x00403e0c                __aeabi_ui2f
                0x00403e0c                __floatunsisf
                0x00403e14                __aeabi_i2f
                0x00403e14                __floatsisf
                0x00403e30                __aeabi_ul2f
                0x00403e30                __floatundisf
                0x00403e40                __aeabi_l2f
                0x00403e40                __floatdisf
 .text          0x00403ebc       0xa0 c:/nxp/s32ds.3.6.1/s32ds/build_tools/gcc_v10.2/gcc-10.2-arm32-eabi/bin/../lib/gcc/arm-none-eabi/10.2.0/thumb/v7e-m+fp/hard\libgcc.a(_aeabi_ldivmod.o)
                0x00403ebc                __aeabi_ldivmod
 .text          0x00403f5c       0x30 c:/nxp/s32ds.3.6.1/s32ds/build_tools/gcc_v10.2/gcc-10.2-arm32-eabi/bin/../lib/gcc/arm-none-eabi/10.2.0/thumb/v7e-m+fp/hard\libgcc.a(_aeabi_uldivmod.o)
                0x00403f5c                __aeabi_uldivmod
 .text          0x00403f8c      0x2d8 c:/nxp/s32ds.3.6.1/s32ds/build_tools/gcc_v10.2/gcc-10.2-arm32-eabi/bin/../lib/gcc/arm-none-eabi/10.2.0/thumb/v7e-m+fp/hard\libgcc.a(_udivmoddi4.o)
                0x00403f8c                __udivmoddi4
 .text          0x00404264        0x4 c:/nxp/s32ds.3.6.1/s32ds/build_tools/gcc_v10.2/gcc-10.2-arm32-eabi/bin/../lib/gcc/arm-none-eabi/10.2.0/thumb/v7e-m+fp/hard\libgcc.a(_dvmd_tls.o)
                0x00404264                __aeabi_idiv0
                0x00404264                __aeabi_ldiv0
 *(.text*)
 .text.atoi     0x00404268        0x8 c:/nxp/s32ds.3.6.1/s32ds/build_tools/gcc_v10.2/gcc-10.2-arm32-eabi/bin/../lib/gcc/arm-none-eabi/10.2.0/../../../../arm-none-eabi/lib/thumb/v7e-m+fp/hard\libc_nano.a(lib_a-atoi.o)
                0x00404268                atoi
 .text._atoi_r  0x00404270        0x8 c:/nxp/s32ds.3.6.1/s32ds/build_tools/gcc_v10.2/gcc-10.2-arm32-eabi/bin/../lib/gcc/arm-none-eabi/10.2.0/../../../../arm-none-eabi/lib/thumb/v7e-m+fp/hard\libc_nano.a(lib_a-atoi.o)
                0x00404270                _atoi_r
 .text.atol     0x00404278        0x8 c:/nxp/s32ds.3.6.1/s32ds/build_tools/gcc_v10.2/gcc-10.2-arm32-eabi/bin/../lib/gcc/arm-none-eabi/10.2.0/../../../../arm-none-eabi/lib/thumb/v7e-m+fp/hard\libc_nano.a(lib_a-atol.o)
                0x00404278                atol
 .text._atol_r  0x00404280        0x8 c:/nxp/s32ds.3.6.1/s32ds/build_tools/gcc_v10.2/gcc-10.2-arm32-eabi/bin/../lib/gcc/arm-none-eabi/10.2.0/../../../../arm-none-eabi/lib/thumb/v7e-m+fp/hard\libc_nano.a(lib_a-atol.o)
                0x00404280                _atol_r
 .text.memcpy   0x00404288       0x1c c:/nxp/s32ds.3.6.1/s32ds/build_tools/gcc_v10.2/gcc-10.2-arm32-eabi/bin/../lib/gcc/arm-none-eabi/10.2.0/../../../../arm-none-eabi/lib/thumb/v7e-m+fp/hard\libc_nano.a(lib_a-memcpy-stub.o)
                0x00404288                memcpy
 .text.memmove  0x004042a4       0x34 c:/nxp/s32ds.3.6.1/s32ds/build_tools/gcc_v10.2/gcc-10.2-arm32-eabi/bin/../lib/gcc/arm-none-eabi/10.2.0/../../../../arm-none-eabi/lib/thumb/v7e-m+fp/hard\libc_nano.a(lib_a-memmove.o)
                0x004042a4                memmove
 .text.memset   0x004042d8       0x10 c:/nxp/s32ds.3.6.1/s32ds/build_tools/gcc_v10.2/gcc-10.2-arm32-eabi/bin/../lib/gcc/arm-none-eabi/10.2.0/../../../../arm-none-eabi/lib/thumb/v7e-m+fp/hard\libc_nano.a(lib_a-memset.o)
                0x004042d8                memset
 .text.strchr   0x004042e8       0x1a c:/nxp/s32ds.3.6.1/s32ds/build_tools/gcc_v10.2/gcc-10.2-arm32-eabi/bin/../lib/gcc/arm-none-eabi/10.2.0/../../../../arm-none-eabi/lib/thumb/v7e-m+fp/hard\libc_nano.a(lib_a-strchr.o)
                0x004042e8                strchr
 .text.strstr   0x00404302       0x2c c:/nxp/s32ds.3.6.1/s32ds/build_tools/gcc_v10.2/gcc-10.2-arm32-eabi/bin/../lib/gcc/arm-none-eabi/10.2.0/../../../../arm-none-eabi/lib/thumb/v7e-m+fp/hard\libc_nano.a(lib_a-strstr.o)
                0x00404302                strstr
 *fill*         0x0040432e        0x2 
 .text._strtol_l.constprop.0
                0x00404330      0x104 c:/nxp/s32ds.3.6.1/s32ds/build_tools/gcc_v10.2/gcc-10.2-arm32-eabi/bin/../lib/gcc/arm-none-eabi/10.2.0/../../../../arm-none-eabi/lib/thumb/v7e-m+fp/hard\libc_nano.a(lib_a-strtol.o)
 .text._strtol_r
                0x00404434        0x4 c:/nxp/s32ds.3.6.1/s32ds/build_tools/gcc_v10.2/gcc-10.2-arm32-eabi/bin/../lib/gcc/arm-none-eabi/10.2.0/../../../../arm-none-eabi/lib/thumb/v7e-m+fp/hard\libc_nano.a(lib_a-strtol.o)
                0x00404434                _strtol_r
 .text.strtol_l
                0x00404438       0x14 c:/nxp/s32ds.3.6.1/s32ds/build_tools/gcc_v10.2/gcc-10.2-arm32-eabi/bin/../lib/gcc/arm-none-eabi/10.2.0/../../../../arm-none-eabi/lib/thumb/v7e-m+fp/hard\libc_nano.a(lib_a-strtol.o)
                0x00404438                strtol_l
 .text.strtol   0x0040444c       0x14 c:/nxp/s32ds.3.6.1/s32ds/build_tools/gcc_v10.2/gcc-10.2-arm32-eabi/bin/../lib/gcc/arm-none-eabi/10.2.0/../../../../arm-none-eabi/lib/thumb/v7e-m+fp/hard\libc_nano.a(lib_a-strtol.o)
                0x0040444c                strtol
 .text.__errno  0x00404460        0xc c:/nxp/s32ds.3.6.1/s32ds/build_tools/gcc_v10.2/gcc-10.2-arm32-eabi/bin/../lib/gcc/arm-none-eabi/10.2.0/../../../../arm-none-eabi/lib/thumb/v7e-m+fp/hard\libc_nano.a(lib_a-errno.o)
                0x00404460                __errno
                0x0040446c                . = ALIGN (0x4)
 *(.mcal_text)
 .mcal_text     0x0040446c       0x14 ./Project_Settings/Startup_Code/exceptions.o
                0x0040446c                NMI_Handler
                0x0040446e                HardFault_Handler
                0x00404470                MemManage_Handler
                0x00404472                BusFault_Handler
                0x00404474                UsageFault_Handler
                0x00404476                SVC_Handler
                0x00404478                DebugMon_Handler
                0x0040447a                PendSV_Handler
                0x0040447e                undefined_handler
 .mcal_text     0x00404480       0x52 ./Project_Settings/Startup_Code/nvic.o
                0x00404480                NVIC_SetPriorityGrouping
                0x00404494                NVIC_EnableIRQ
                0x004044ac                NVIC_DisableIRQ
                0x004044c4                NVIC_SetPriority
 *fill*         0x004044d2        0x2 
 .mcal_text     0x004044d4       0xe8 ./Project_Settings/Startup_Code/startup.o
                0x004044d4                init_data_bss
                0x00404560                init_data_bss_core2
 .mcal_text     0x004045bc      0x338 ./Project_Settings/Startup_Code/system.o
                0x004045bc                startup_go_to_user_mode
                0x004045be                default_interrupt_routine
                0x004045c0                Sys_GetCoreID
                0x004045d0                SystemInit
                0x004048d8                Enable_FPU
 .mcal_text     0x004048f4      0x888 ./RTD/src/Clock_Ip.o
                0x004048f6                Clock_Ip_InitClock
                0x00404e9c                Clock_Ip_GetPllStatus
                0x00404f40                Clock_Ip_DistributePll
                0x0040502c                Clock_Ip_Init
                0x00405050                Clock_Ip_DisableClockMonitor
                0x00405074                Clock_Ip_InstallNotificationsCallback
                0x00405080                Clock_Ip_DisableModuleClock
                0x004050a8                Clock_Ip_EnableModuleClock
                0x004050d0                Clock_Ip_GetClockFrequency
                0x004050d4                Clock_Ip_DisableFircInStandby
                0x004050ec                Clock_Ip_EnableFircInStandby
                0x00405104                Clock_Ip_DisableSircInStandby
                0x0040511c                Clock_Ip_EnableSircInStandby
                0x00405134                Clock_Ip_ReportClockErrors
                0x00405140                Clock_Ip_StartTimeout
                0x00405160                Clock_Ip_TimeoutExpired
 .mcal_text     0x0040517c      0x1e4 ./RTD/src/Clock_Ip_Divider.o
 .mcal_text     0x00405360       0x9c ./RTD/src/Clock_Ip_DividerTrigger.o
 .mcal_text     0x004053fc      0x254 ./RTD/src/Clock_Ip_ExtOsc.o
 .mcal_text     0x00405650        0x6 ./RTD/src/Clock_Ip_FracDiv.o
 *fill*         0x00405656        0x2 
 .mcal_text     0x00405658     0x113c ./RTD/src/Clock_Ip_Frequency.o
                0x004066fc                Clock_Ip_Get_RTC_CLK_Frequency_TrustedCall
                0x00406744                Clock_Ip_SetExternalOscillatorFrequency
                0x00406764                Clock_Ip_GetFreq
                0x00406770                Clock_Ip_SetExternalSignalFrequency
 .mcal_text     0x00406794      0x150 ./RTD/src/Clock_Ip_Gate.o
 .mcal_text     0x004068e4      0x104 ./RTD/src/Clock_Ip_IntOsc.o
 .mcal_text     0x004069e8        0x4 ./RTD/src/Clock_Ip_Irq.o
                0x004069e8                Mcu_Cmu_ClockFail_IRQHandler
 .mcal_text     0x004069ec      0x288 ./RTD/src/Clock_Ip_Monitor.o
                0x00406c2c                Clock_Ip_CMU_ClockFailInt
 .mcal_text     0x00406c74      0x184 ./RTD/src/Clock_Ip_Pll.o
 .mcal_text     0x00406df8      0x1f0 ./RTD/src/Clock_Ip_ProgFreqSwitch.o
 .mcal_text     0x00406fe8      0x3dc ./RTD/src/Clock_Ip_Selector.o
                0x00407398                Clock_Ip_SetRtcRtccClksel_TrustedCall
 .mcal_text     0x004073c4      0x344 ./RTD/src/Clock_Ip_Specific.o
                0x004073c4                Clock_Ip_SetFlashWaitStates
                0x004073c8                Clock_Ip_McMeEnterKey
                0x004073dc                Clock_Ip_PowerClockIpModules
                0x0040765c                DisableFircInStandbyMode
                0x0040766c                EnableFircInStandbyMode
                0x00407688                DisableSircInStandbyMode
                0x00407698                EnableSircInStandbyMode
                0x004076b4                Clock_Ip_Command
                0x00407704                Clock_Ip_SetRamWaitStates
 .mcal_text     0x00407708      0x504 ./RTD/src/Det.o
                0x00407708                Det_Start
                0x0040770a                Det_InitDataNode
                0x00407790                Det_LinkNodeToHead
                0x004077c0                Det_DelAllNodesSameId
                0x004078be                Det_FreeNodesInLinkedList
                0x004078f4                Det_Init
                0x00407aec                Det_ReportError
                0x00407b4c                Det_ReportRuntimeError
                0x00407bac                Det_ReportTransientFault
 .mcal_text     0x00407c0c      0x1e0 ./RTD/src/Det_stub.o
                0x00407c0c                Det_TestLastReportError
                0x00407c5c                Det_TestLastReportRuntimeError
                0x00407cac                Det_TestLastReportTransientFault
                0x00407cfc                Det_TestNoError
                0x00407d4c                Det_TestNoRuntimeError
                0x00407d9c                Det_TestNoTransientFault
 .mcal_text     0x00407dec      0xf14 ./RTD/src/Lpi2c_Ip.o
                0x0040811c                Lpi2c_Ip_MasterSetBaudRate
                0x00408208                Lpi2c_Ip_MasterInit
                0x00408360                Lpi2c_Ip_MasterDeinit
                0x004083b0                Lpi2c_Ip_MasterGetBaudRate
                0x004083dc                Lpi2c_Ip_MasterSetSlaveAddr
                0x004083f0                Lpi2c_Ip_MasterSendData
                0x0040846c                Lpi2c_Ip_MasterSendDataBlocking
                0x00408594                Lpi2c_Ip_MasterReceiveData
                0x00408618                Lpi2c_Ip_MasterReceiveDataBlocking
                0x00408764                Lpi2c_Ip_MasterGetTransferStatus
                0x00408780                Lpi2c_Ip_SlaveInit
                0x004088c8                Lpi2c_Ip_StartListening
                0x004088cc                Lpi2c_Ip_SlaveDeinit
                0x00408940                Lpi2c_Ip_SlaveSetBuffer
                0x00408954                Lpi2c_Ip_SlaveGetTransferStatus
                0x00408970                Lpi2c_Ip_MasterIRQHandler
                0x00408ad0                Lpi2c_Ip_SlaveIRQHandler
                0x00408c78                Lpi2c_Ip_ModuleIRQHandler
                0x00408ce0                Lpi2c_Ip_SetMasterCallback
                0x00408cf0                Lpi2c_Ip_SetSlaveCallback
 .mcal_text     0x00408d00        0xc ./RTD/src/Lpi2c_Ip_Irq.o
                0x00408d00                LPI2C0_Master_Slave_IRQHandler
                0x00408d06                LPI2C1_Master_Slave_IRQHandler
 .mcal_text     0x00408d0c      0x804 ./RTD/src/Lpspi_Ip.o
                0x00409024                Lpspi_Ip_DeInit
                0x00409058                Lpspi_Ip_SyncTransmit
                0x004092b0                Lpspi_Ip_AsyncTransmit
                0x00409334                Lpspi_Ip_ManageBuffers
                0x00409364                Lpspi_Ip_UpdateTransferParam
                0x00409398                Lpspi_Ip_UpdateFrameSize
                0x004093b4                Lpspi_Ip_UpdateLsb
                0x004093d0                Lpspi_Ip_UpdateByteSwap
                0x004093ec                Lpspi_Ip_UpdateDefaultTransmitData
                0x00409408                Lpspi_Ip_UpdateTransferMode
                0x00409420                Lpspi_Ip_Init
                0x00409470                Lpspi_Ip_Cancel
                0x004094bc                Lpspi_Ip_IrqHandler
                0x00409500                Lpspi_Ip_GetStatus
 .mcal_text     0x00409510        0xc ./RTD/src/Lpspi_Ip_Irq.o
                0x00409510                Lpspi_Ip_LPSPI_0_IRQHandler
                0x00409516                Lpspi_Ip_LPSPI_1_IRQHandler
 .mcal_text     0x0040951c       0x1e ./RTD/src/OsIf_Timer.o
                0x0040951c                OsIf_Init
                0x00409524                OsIf_GetCounter
                0x00409528                OsIf_GetElapsed
                0x00409530                OsIf_SetTimerFrequency
                0x00409532                OsIf_MicrosToTicks
 .mcal_text     0x0040953a       0x4c ./RTD/src/OsIf_Timer_System_Internal_Systick.o
                0x0040953a                OsIf_Timer_System_Internal_Init
                0x00409550                OsIf_Timer_System_Internal_GetCounter
                0x0040955c                OsIf_Timer_System_Internal_GetElapsed
 *fill*         0x00409586        0x2 
 .mcal_text     0x00409588       0xc8 ./RTD/src/SchM_BaseNXP.o
                0x00409588                SchM_Enter_BaseNXP_BASENXP_EXCLUSIVE_AREA_00
                0x004095bc                SchM_Exit_BaseNXP_BASENXP_EXCLUSIVE_AREA_00
                0x004095ec                SchM_Enter_BaseNXP_BASENXP_EXCLUSIVE_AREA_01
                0x00409620                SchM_Exit_BaseNXP_BASENXP_EXCLUSIVE_AREA_01
 .mcal_text     0x00409650       0xc8 ./RTD/src/SchM_Dio.o
                0x00409650                SchM_Enter_Dio_DIO_EXCLUSIVE_AREA_00
                0x00409684                SchM_Exit_Dio_DIO_EXCLUSIVE_AREA_00
                0x004096b4                SchM_Enter_Dio_DIO_EXCLUSIVE_AREA_01
                0x004096e8                SchM_Exit_Dio_DIO_EXCLUSIVE_AREA_01
 .mcal_text     0x00409718      0xce4 ./RTD/src/SchM_I2c.o
                0x00409718                SchM_Enter_I2c_I2C_EXCLUSIVE_AREA_00
                0x0040974c                SchM_Exit_I2c_I2C_EXCLUSIVE_AREA_00
                0x0040977c                SchM_Enter_I2c_I2C_EXCLUSIVE_AREA_01
                0x004097b0                SchM_Exit_I2c_I2C_EXCLUSIVE_AREA_01
                0x004097e0                SchM_Enter_I2c_I2C_EXCLUSIVE_AREA_02
                0x00409814                SchM_Exit_I2c_I2C_EXCLUSIVE_AREA_02
                0x00409844                SchM_Enter_I2c_I2C_EXCLUSIVE_AREA_03
                0x00409878                SchM_Exit_I2c_I2C_EXCLUSIVE_AREA_03
                0x004098a8                SchM_Enter_I2c_I2C_EXCLUSIVE_AREA_04
                0x004098dc                SchM_Exit_I2c_I2C_EXCLUSIVE_AREA_04
                0x0040990c                SchM_Enter_I2c_I2C_EXCLUSIVE_AREA_05
                0x00409940                SchM_Exit_I2c_I2C_EXCLUSIVE_AREA_05
                0x00409970                SchM_Enter_I2c_I2C_EXCLUSIVE_AREA_06
                0x004099a4                SchM_Exit_I2c_I2C_EXCLUSIVE_AREA_06
                0x004099d4                SchM_Enter_I2c_I2C_EXCLUSIVE_AREA_07
                0x00409a08                SchM_Exit_I2c_I2C_EXCLUSIVE_AREA_07
                0x00409a38                SchM_Enter_I2c_I2C_EXCLUSIVE_AREA_08
                0x00409a6c                SchM_Exit_I2c_I2C_EXCLUSIVE_AREA_08
                0x00409a9c                SchM_Enter_I2c_I2C_EXCLUSIVE_AREA_09
                0x00409ad0                SchM_Exit_I2c_I2C_EXCLUSIVE_AREA_09
                0x00409b00                SchM_Enter_I2c_I2C_EXCLUSIVE_AREA_10
                0x00409b34                SchM_Exit_I2c_I2C_EXCLUSIVE_AREA_10
                0x00409b64                SchM_Enter_I2c_I2C_EXCLUSIVE_AREA_11
                0x00409b98                SchM_Exit_I2c_I2C_EXCLUSIVE_AREA_11
                0x00409bc8                SchM_Enter_I2c_I2C_EXCLUSIVE_AREA_12
                0x00409bfc                SchM_Exit_I2c_I2C_EXCLUSIVE_AREA_12
                0x00409c2c                SchM_Enter_I2c_I2C_EXCLUSIVE_AREA_13
                0x00409c60                SchM_Exit_I2c_I2C_EXCLUSIVE_AREA_13
                0x00409c90                SchM_Enter_I2c_I2C_EXCLUSIVE_AREA_14
                0x00409cc4                SchM_Exit_I2c_I2C_EXCLUSIVE_AREA_14
                0x00409cf4                SchM_Enter_I2c_I2C_EXCLUSIVE_AREA_15
                0x00409d28                SchM_Exit_I2c_I2C_EXCLUSIVE_AREA_15
                0x00409d58                SchM_Enter_I2c_I2C_EXCLUSIVE_AREA_16
                0x00409d8c                SchM_Exit_I2c_I2C_EXCLUSIVE_AREA_16
                0x00409dbc                SchM_Enter_I2c_I2C_EXCLUSIVE_AREA_17
                0x00409df0                SchM_Exit_I2c_I2C_EXCLUSIVE_AREA_17
                0x00409e20                SchM_Enter_I2c_I2C_EXCLUSIVE_AREA_18
                0x00409e54                SchM_Exit_I2c_I2C_EXCLUSIVE_AREA_18
                0x00409e84                SchM_Enter_I2c_I2C_EXCLUSIVE_AREA_19
                0x00409eb8                SchM_Exit_I2c_I2C_EXCLUSIVE_AREA_19
                0x00409ee8                SchM_Enter_I2c_I2C_EXCLUSIVE_AREA_20
                0x00409f1c                SchM_Exit_I2c_I2C_EXCLUSIVE_AREA_20
                0x00409f4c                SchM_Enter_I2c_I2C_EXCLUSIVE_AREA_21
                0x00409f80                SchM_Exit_I2c_I2C_EXCLUSIVE_AREA_21
                0x00409fb0                SchM_Enter_I2c_I2C_EXCLUSIVE_AREA_22
                0x00409fe4                SchM_Exit_I2c_I2C_EXCLUSIVE_AREA_22
                0x0040a014                SchM_Enter_I2c_I2C_EXCLUSIVE_AREA_23
                0x0040a048                SchM_Exit_I2c_I2C_EXCLUSIVE_AREA_23
                0x0040a078                SchM_Enter_I2c_I2C_EXCLUSIVE_AREA_24
                0x0040a0ac                SchM_Exit_I2c_I2C_EXCLUSIVE_AREA_24
                0x0040a0dc                SchM_Enter_I2c_I2C_EXCLUSIVE_AREA_25
                0x0040a110                SchM_Exit_I2c_I2C_EXCLUSIVE_AREA_25
                0x0040a140                SchM_Enter_I2c_I2C_EXCLUSIVE_AREA_26
                0x0040a174                SchM_Exit_I2c_I2C_EXCLUSIVE_AREA_26
                0x0040a1a4                SchM_Enter_I2c_I2C_EXCLUSIVE_AREA_27
                0x0040a1d8                SchM_Exit_I2c_I2C_EXCLUSIVE_AREA_27
                0x0040a208                SchM_Enter_I2c_I2C_EXCLUSIVE_AREA_28
                0x0040a23c                SchM_Exit_I2c_I2C_EXCLUSIVE_AREA_28
                0x0040a26c                SchM_Enter_I2c_I2C_EXCLUSIVE_AREA_29
                0x0040a2a0                SchM_Exit_I2c_I2C_EXCLUSIVE_AREA_29
                0x0040a2d0                SchM_Enter_I2c_I2C_EXCLUSIVE_AREA_30
                0x0040a304                SchM_Exit_I2c_I2C_EXCLUSIVE_AREA_30
                0x0040a334                SchM_Enter_I2c_I2C_EXCLUSIVE_AREA_31
                0x0040a368                SchM_Exit_I2c_I2C_EXCLUSIVE_AREA_31
                0x0040a398                SchM_Enter_I2c_I2C_EXCLUSIVE_AREA_32
                0x0040a3cc                SchM_Exit_I2c_I2C_EXCLUSIVE_AREA_32
 .mcal_text     0x0040a3fc      0x12c ./RTD/src/SchM_Mcu.o
                0x0040a3fc                SchM_Enter_Mcu_MCU_EXCLUSIVE_AREA_00
                0x0040a430                SchM_Exit_Mcu_MCU_EXCLUSIVE_AREA_00
                0x0040a460                SchM_Enter_Mcu_MCU_EXCLUSIVE_AREA_01
                0x0040a494                SchM_Exit_Mcu_MCU_EXCLUSIVE_AREA_01
                0x0040a4c4                SchM_Enter_Mcu_MCU_EXCLUSIVE_AREA_02
                0x0040a4f8                SchM_Exit_Mcu_MCU_EXCLUSIVE_AREA_02
 .mcal_text     0x0040a528      0xaf0 ./RTD/src/SchM_Port.o
                0x0040a528                SchM_Enter_Port_PORT_EXCLUSIVE_AREA_00
                0x0040a55c                SchM_Exit_Port_PORT_EXCLUSIVE_AREA_00
                0x0040a58c                SchM_Enter_Port_PORT_EXCLUSIVE_AREA_01
                0x0040a5c0                SchM_Exit_Port_PORT_EXCLUSIVE_AREA_01
                0x0040a5f0                SchM_Enter_Port_PORT_EXCLUSIVE_AREA_02
                0x0040a624                SchM_Exit_Port_PORT_EXCLUSIVE_AREA_02
                0x0040a654                SchM_Enter_Port_PORT_EXCLUSIVE_AREA_03
                0x0040a688                SchM_Exit_Port_PORT_EXCLUSIVE_AREA_03
                0x0040a6b8                SchM_Enter_Port_PORT_EXCLUSIVE_AREA_04
                0x0040a6ec                SchM_Exit_Port_PORT_EXCLUSIVE_AREA_04
                0x0040a71c                SchM_Enter_Port_PORT_EXCLUSIVE_AREA_05
                0x0040a750                SchM_Exit_Port_PORT_EXCLUSIVE_AREA_05
                0x0040a780                SchM_Enter_Port_PORT_EXCLUSIVE_AREA_06
                0x0040a7b4                SchM_Exit_Port_PORT_EXCLUSIVE_AREA_06
                0x0040a7e4                SchM_Enter_Port_PORT_EXCLUSIVE_AREA_07
                0x0040a818                SchM_Exit_Port_PORT_EXCLUSIVE_AREA_07
                0x0040a848                SchM_Enter_Port_PORT_EXCLUSIVE_AREA_08
                0x0040a87c                SchM_Exit_Port_PORT_EXCLUSIVE_AREA_08
                0x0040a8ac                SchM_Enter_Port_PORT_EXCLUSIVE_AREA_09
                0x0040a8e0                SchM_Exit_Port_PORT_EXCLUSIVE_AREA_09
                0x0040a910                SchM_Enter_Port_PORT_EXCLUSIVE_AREA_10
                0x0040a944                SchM_Exit_Port_PORT_EXCLUSIVE_AREA_10
                0x0040a974                SchM_Enter_Port_PORT_EXCLUSIVE_AREA_11
                0x0040a9a8                SchM_Exit_Port_PORT_EXCLUSIVE_AREA_11
                0x0040a9d8                SchM_Enter_Port_PORT_EXCLUSIVE_AREA_12
                0x0040aa0c                SchM_Exit_Port_PORT_EXCLUSIVE_AREA_12
                0x0040aa3c                SchM_Enter_Port_PORT_EXCLUSIVE_AREA_13
                0x0040aa70                SchM_Exit_Port_PORT_EXCLUSIVE_AREA_13
                0x0040aaa0                SchM_Enter_Port_PORT_EXCLUSIVE_AREA_14
                0x0040aad4                SchM_Exit_Port_PORT_EXCLUSIVE_AREA_14
                0x0040ab04                SchM_Enter_Port_PORT_EXCLUSIVE_AREA_15
                0x0040ab38                SchM_Exit_Port_PORT_EXCLUSIVE_AREA_15
                0x0040ab68                SchM_Enter_Port_PORT_EXCLUSIVE_AREA_16
                0x0040ab9c                SchM_Exit_Port_PORT_EXCLUSIVE_AREA_16
                0x0040abcc                SchM_Enter_Port_PORT_EXCLUSIVE_AREA_17
                0x0040ac00                SchM_Exit_Port_PORT_EXCLUSIVE_AREA_17
                0x0040ac30                SchM_Enter_Port_PORT_EXCLUSIVE_AREA_18
                0x0040ac64                SchM_Exit_Port_PORT_EXCLUSIVE_AREA_18
                0x0040ac94                SchM_Enter_Port_PORT_EXCLUSIVE_AREA_19
                0x0040acc8                SchM_Exit_Port_PORT_EXCLUSIVE_AREA_19
                0x0040acf8                SchM_Enter_Port_PORT_EXCLUSIVE_AREA_20
                0x0040ad2c                SchM_Exit_Port_PORT_EXCLUSIVE_AREA_20
                0x0040ad5c                SchM_Enter_Port_PORT_EXCLUSIVE_AREA_21
                0x0040ad90                SchM_Exit_Port_PORT_EXCLUSIVE_AREA_21
                0x0040adc0                SchM_Enter_Port_PORT_EXCLUSIVE_AREA_22
                0x0040adf4                SchM_Exit_Port_PORT_EXCLUSIVE_AREA_22
                0x0040ae24                SchM_Enter_Port_PORT_EXCLUSIVE_AREA_23
                0x0040ae58                SchM_Exit_Port_PORT_EXCLUSIVE_AREA_23
                0x0040ae88                SchM_Enter_Port_PORT_EXCLUSIVE_AREA_24
                0x0040aebc                SchM_Exit_Port_PORT_EXCLUSIVE_AREA_24
                0x0040aeec                SchM_Enter_Port_PORT_EXCLUSIVE_AREA_25
                0x0040af20                SchM_Exit_Port_PORT_EXCLUSIVE_AREA_25
                0x0040af50                SchM_Enter_Port_PORT_EXCLUSIVE_AREA_26
                0x0040af84                SchM_Exit_Port_PORT_EXCLUSIVE_AREA_26
                0x0040afb4                SchM_Enter_Port_PORT_EXCLUSIVE_AREA_27
                0x0040afe8                SchM_Exit_Port_PORT_EXCLUSIVE_AREA_27
 .mcal_text     0x0040b018      0xa28 ./RTD/src/SchM_Spi.o
                0x0040b018                SchM_Enter_Spi_SPI_EXCLUSIVE_AREA_00
                0x0040b04c                SchM_Exit_Spi_SPI_EXCLUSIVE_AREA_00
                0x0040b07c                SchM_Enter_Spi_SPI_EXCLUSIVE_AREA_01
                0x0040b0b0                SchM_Exit_Spi_SPI_EXCLUSIVE_AREA_01
                0x0040b0e0                SchM_Enter_Spi_SPI_EXCLUSIVE_AREA_02
                0x0040b114                SchM_Exit_Spi_SPI_EXCLUSIVE_AREA_02
                0x0040b144                SchM_Enter_Spi_SPI_EXCLUSIVE_AREA_03
                0x0040b178                SchM_Exit_Spi_SPI_EXCLUSIVE_AREA_03
                0x0040b1a8                SchM_Enter_Spi_SPI_EXCLUSIVE_AREA_04
                0x0040b1dc                SchM_Exit_Spi_SPI_EXCLUSIVE_AREA_04
                0x0040b20c                SchM_Enter_Spi_SPI_EXCLUSIVE_AREA_05
                0x0040b240                SchM_Exit_Spi_SPI_EXCLUSIVE_AREA_05
                0x0040b270                SchM_Enter_Spi_SPI_EXCLUSIVE_AREA_06
                0x0040b2a4                SchM_Exit_Spi_SPI_EXCLUSIVE_AREA_06
                0x0040b2d4                SchM_Enter_Spi_SPI_EXCLUSIVE_AREA_07
                0x0040b308                SchM_Exit_Spi_SPI_EXCLUSIVE_AREA_07
                0x0040b338                SchM_Enter_Spi_SPI_EXCLUSIVE_AREA_08
                0x0040b36c                SchM_Exit_Spi_SPI_EXCLUSIVE_AREA_08
                0x0040b39c                SchM_Enter_Spi_SPI_EXCLUSIVE_AREA_09
                0x0040b3d0                SchM_Exit_Spi_SPI_EXCLUSIVE_AREA_09
                0x0040b400                SchM_Enter_Spi_SPI_EXCLUSIVE_AREA_10
                0x0040b434                SchM_Exit_Spi_SPI_EXCLUSIVE_AREA_10
                0x0040b464                SchM_Enter_Spi_SPI_EXCLUSIVE_AREA_11
                0x0040b498                SchM_Exit_Spi_SPI_EXCLUSIVE_AREA_11
                0x0040b4c8                SchM_Enter_Spi_SPI_EXCLUSIVE_AREA_12
                0x0040b4fc                SchM_Exit_Spi_SPI_EXCLUSIVE_AREA_12
                0x0040b52c                SchM_Enter_Spi_SPI_EXCLUSIVE_AREA_13
                0x0040b560                SchM_Exit_Spi_SPI_EXCLUSIVE_AREA_13
                0x0040b590                SchM_Enter_Spi_SPI_EXCLUSIVE_AREA_14
                0x0040b5c4                SchM_Exit_Spi_SPI_EXCLUSIVE_AREA_14
                0x0040b5f4                SchM_Enter_Spi_SPI_EXCLUSIVE_AREA_15
                0x0040b628                SchM_Exit_Spi_SPI_EXCLUSIVE_AREA_15
                0x0040b658                SchM_Enter_Spi_SPI_EXCLUSIVE_AREA_16
                0x0040b68c                SchM_Exit_Spi_SPI_EXCLUSIVE_AREA_16
                0x0040b6bc                SchM_Enter_Spi_SPI_EXCLUSIVE_AREA_17
                0x0040b6f0                SchM_Exit_Spi_SPI_EXCLUSIVE_AREA_17
                0x0040b720                SchM_Enter_Spi_SPI_EXCLUSIVE_AREA_18
                0x0040b754                SchM_Exit_Spi_SPI_EXCLUSIVE_AREA_18
                0x0040b784                SchM_Enter_Spi_SPI_EXCLUSIVE_AREA_19
                0x0040b7b8                SchM_Exit_Spi_SPI_EXCLUSIVE_AREA_19
                0x0040b7e8                SchM_Enter_Spi_SPI_EXCLUSIVE_AREA_20
                0x0040b81c                SchM_Exit_Spi_SPI_EXCLUSIVE_AREA_20
                0x0040b84c                SchM_Enter_Spi_SPI_EXCLUSIVE_AREA_21
                0x0040b880                SchM_Exit_Spi_SPI_EXCLUSIVE_AREA_21
                0x0040b8b0                SchM_Enter_Spi_SPI_EXCLUSIVE_AREA_22
                0x0040b8e4                SchM_Exit_Spi_SPI_EXCLUSIVE_AREA_22
                0x0040b914                SchM_Enter_Spi_SPI_EXCLUSIVE_AREA_23
                0x0040b948                SchM_Exit_Spi_SPI_EXCLUSIVE_AREA_23
                0x0040b978                SchM_Enter_Spi_SPI_EXCLUSIVE_AREA_24
                0x0040b9ac                SchM_Exit_Spi_SPI_EXCLUSIVE_AREA_24
                0x0040b9dc                SchM_Enter_Spi_SPI_EXCLUSIVE_AREA_25
                0x0040ba10                SchM_Exit_Spi_SPI_EXCLUSIVE_AREA_25
 .mcal_text     0x0040ba40      0x1fc ./RTD/src/Siul2_Dio_Ip.o
                0x0040ba74                Siul2_Dio_Ip_WritePin
                0x0040bae0                Siul2_Dio_Ip_SetGPDO
                0x0040bafc                Siul2_Dio_Ip_ClearGPDO
                0x0040bb18                Siul2_Dio_Ip_WritePins
                0x0040bb30                Siul2_Dio_Ip_GetPinsOutput
                0x0040bb48                Siul2_Dio_Ip_SetPins
                0x0040bb66                Siul2_Dio_Ip_ClearPins
                0x0040bb86                Siul2_Dio_Ip_TogglePins
                0x0040bba4                Siul2_Dio_Ip_ReadPins
                0x0040bbbe                Siul2_Dio_Ip_ReadPin
                0x0040bbf0                Siul2_Dio_Ip_MaskedWritePins
 .mcal_text     0x0040bc3c      0x458 ./RTD/src/Siul2_Port_Ip.o
                0x0040bd90                Siul2_Port_Ip_Init
                0x0040bdc0                Siul2_Port_Ip_SetPullSel
                0x0040be1c                Siul2_Port_Ip_SetOutputBuffer
                0x0040be82                Siul2_Port_Ip_SetInputBuffer
                0x0040bef2                Siul2_Port_Ip_SetPinDirection
                0x0040bf6a                Siul2_Port_Ip_RevertPinConfiguration
                0x0040bfcc                Siul2_Port_Ip_GetPinConfiguration
 .mcal_text     0x0040c094      0x11c ./RTD/src/Tspc_Port_Ip.o
                0x0040c094                Tspc_Port_Ip_EnableObeGroup
                0x0040c0c4                Tspc_Port_Ip_DisableObeGroup
                0x0040c0f4                Tspc_Port_Ip_MaskObeGroup
                0x0040c112                Tspc_Port_Ip_ConfigureObeGroup
                0x0040c1b0                . = ALIGN (0x4)
 *(.acmcu_code_rom)
                0x0040c1b0                . = ALIGN (0x4)
                0x0040c1b0                __acfls_code_rom_start = .
 *(.acfls_code_rom)
 .acfls_code_rom
                0x0040c1b0       0x44 ./RTD/src/Clock_Ip_Specific.o
                0x0040c1b0                Clock_Ip_PRAMCSetRamIWS
 *fill*         0x0040c1f4        0x4 
 .acfls_code_rom.__stub
                0x0040c1f8        0x8 linker stubs
                0x0040c200                . = ALIGN (0x4)
                0x0040c200                __acfls_code_rom_end = .
                0x0040c200                __acmem_43_infls_code_rom_start = .
 *(.acmem_43_infls_code_rom)
                0x0040c200                . = ALIGN (0x4)
                0x0040c200                __acmem_43_infls_code_rom_end = .
 *(.init)
                0x0040c200                . = ALIGN (0x4)
 *(.fini)
                0x0040c200                . = ALIGN (0x4)
 *(.rodata)
 .rodata        0x0040c200        0xc ./BSW/ecu/DRIVER_IRIDIUM/Src/Iridium9603.o
 .rodata        0x0040c20c        0x3 ./BSW/ecu/DRIVER_MEM/MAL/Src/SPIF_Driver.o
 .rodata        0x0040c20f        0x6 ./BSW/ecu/DRIVER_MS8607/SER/Src/MS8607_PTH.o
 .rodata        0x0040c215        0x3 ./RTD/src/Clock_Ip_IntOsc.o
 .rodata        0x0040c218       0x20 ./RTD/src/Lpi2c_Ip.o
 .rodata        0x0040c238        0x4 ./RTD/src/Siul2_Port_Ip.o
                0x0040c238                Port_au32Siul2BaseAddr
 *(.rodata*)
 .rodata.str1.1
                0x0040c23c        0xb ./ASW/SWC_Main_Controller/Src/swc_os.o
 .rodata.str1.1
                0x0040c247       0x67 ./BSW/ecu/DRIVER_IRIDIUM/Src/Iridium9603.o
                                 0x69 (size before relaxing)
 .rodata._ctype_
                0x0040c2ae      0x101 c:/nxp/s32ds.3.6.1/s32ds/build_tools/gcc_v10.2/gcc-10.2-arm32-eabi/bin/../lib/gcc/arm-none-eabi/10.2.0/../../../../arm-none-eabi/lib/thumb/v7e-m+fp/hard\libc_nano.a(lib_a-ctype_.o)
                0x0040c2ae                _ctype_
 *fill*         0x0040c3af        0x1 
 .rodata._global_impure_ptr
                0x0040c3b0        0x4 c:/nxp/s32ds.3.6.1/s32ds/build_tools/gcc_v10.2/gcc-10.2-arm32-eabi/bin/../lib/gcc/arm-none-eabi/10.2.0/../../../../arm-none-eabi/lib/thumb/v7e-m+fp/hard\libc_nano.a(lib_a-impure.o)
                0x0040c3b0                _global_impure_ptr
                0x0040c3b4                . = ALIGN (0x4)
 *(.mcal_const_cfg)
 .mcal_const_cfg
                0x0040c3b4      0x6c0 ./board/Siul2_Port_Ip_Cfg.o
                0x0040c3b4                g_pin_mux_InitConfigArr_PortContainer_0_BOARD_InitPeripherals
 .mcal_const_cfg
                0x0040ca74      0x41c ./generate/src/Clock_Ip_Cfg.o
                0x0040ca74                Clock_Ip_aClockConfig
 .mcal_const_cfg
                0x0040ce90       0x90 ./generate/src/Lpi2c_Ip_Sa_PBcfg.o
                0x0040ce90                I2c_Lpi2cMaster_HwChannel0_Channel1
                0x0040ced8                I2c_Lpi2cMaster_HwChannel1_Channel0
 .mcal_const_cfg
                0x0040cf20       0x40 ./generate/src/Lpspi_Ip_Sa_PBcfg.o
                0x0040cf20                Lpspi_Ip_PhyUnitConfig_SpiPhyUnit_1_Instance_1
                0x0040cf34                Lpspi_Ip_PhyUnitConfig_SpiPhyUnit_0_Instance_0
                0x0040cf48                Lpspi_Ip_DeviceAttributes_SpiExternalDevice_1_Instance_1
                0x0040cf60                . = ALIGN (0x4)
 *(.mcal_const)
 .mcal_const    0x0040cf60      0xefe ./RTD/src/Clock_Ip_Data.o
                0x0040cf60                Clock_Ip_axGateInfo
                0x0040d648                Clock_Ip_axFeatureExtensions
                0x0040d898                Clock_Ip_aeHwDfsName
                0x0040d89c                Clock_Ip_aeHwPllName
                0x0040d8a0                Clock_Ip_aeSourceTypeClockName
                0x0040d8e8                Clock_Ip_apxMcMeTriggerPartitions
                0x0040d8f8                Clock_Ip_apxMcMeGetPartitions
                0x0040d908                Clock_Ip_apxMcMeSetPartitions
                0x0040d918                Clock_Ip_axCmuInfo
                0x0040d9a4                Clock_Ip_aeCmuNames
                0x0040d9c0                Clock_Ip_apxCmu
                0x0040d9dc                Clock_Ip_apxPll
                0x0040d9ec                Clock_Ip_apxXosc
                0x0040d9f4                Clock_Ip_apxCgmPcfs
                0x0040d9f8                Clock_Ip_apxCgm
                0x0040da4c                Clock_Ip_au16SelectorEntryRtcHardwareValue
                0x0040da70                Clock_Ip_au16SelectorEntryHardwareValue
                0x0040da94                Clock_Ip_au8SoftwareMuxResetValue
                0x0040daeb                Clock_Ip_au8ClockFeatures
                0x0040ddfa                Clock_Ip_au8CmuCallbackIndex
                0x0040de04                Clock_Ip_au8PcfsCallbackIndex
                0x0040de0e                Clock_Ip_au8SelectorCallbackIndex
                0x0040de18                Clock_Ip_au8PllCallbackIndex
                0x0040de22                Clock_Ip_au8FractionalDividerCallbackIndex
                0x0040de2c                Clock_Ip_au8GateCallbackIndex
                0x0040de36                Clock_Ip_au8IrcoscCallbackIndex
                0x0040de40                Clock_Ip_au8XoscCallbackIndex
                0x0040de4a                Clock_Ip_au8DividerTriggerCallbackIndex
                0x0040de54                Clock_Ip_au8DividerCallbackIndex
 *fill*         0x0040de5e        0x2 
 .mcal_const    0x0040de60       0x14 ./RTD/src/Clock_Ip_Divider.o
                0x0040de60                Clock_Ip_axDividerCallbacks
 .mcal_const    0x0040de74       0x10 ./RTD/src/Clock_Ip_DividerTrigger.o
                0x0040de74                Clock_Ip_axDividerTriggerCallbacks
 .mcal_const    0x0040de84       0x30 ./RTD/src/Clock_Ip_ExtOsc.o
                0x0040de84                Clock_Ip_axExtOscCallbacks
 .mcal_const    0x0040deb4        0xc ./RTD/src/Clock_Ip_FracDiv.o
                0x0040deb4                Clock_Ip_axFracDivCallbacks
 *fill*         0x0040dec0        0x0 
 .mcal_const    0x0040dec0      0x29c ./RTD/src/Clock_Ip_Frequency.o
 .mcal_const    0x0040e15c       0x10 ./RTD/src/Clock_Ip_Gate.o
                0x0040e15c                Clock_Ip_axGateCallbacks
 .mcal_const    0x0040e16c       0x30 ./RTD/src/Clock_Ip_IntOsc.o
                0x0040e16c                Clock_Ip_axIntOscCallbacks
 .mcal_const    0x0040e19c       0x20 ./RTD/src/Clock_Ip_Monitor.o
                0x0040e19c                Clock_Ip_axCmuCallbacks
 .mcal_const    0x0040e1bc       0x28 ./RTD/src/Clock_Ip_Pll.o
                0x0040e1bc                Clock_Ip_axPllCallbacks
 .mcal_const    0x0040e1e4        0x8 ./RTD/src/Clock_Ip_ProgFreqSwitch.o
                0x0040e1e4                Clock_Ip_axPcfsCallbacks
 .mcal_const    0x0040e1ec       0x28 ./RTD/src/Clock_Ip_Selector.o
                0x0040e1ec                Clock_Ip_axSelectorCallbacks
 .mcal_const    0x0040e214        0x8 ./RTD/src/Lpi2c_Ip.o
 .mcal_const    0x0040e21c       0x10 ./RTD/src/Lpspi_Ip.o
                0x0040e22c                . = ALIGN (0x4)
                0x0040e22c                __init_table = .
 *(.init_table)
 .init_table    0x0040e22c       0x4c ./Project_Settings/Startup_Code/startup_cm7.o
                0x0040e278                . = ALIGN (0x4)
                0x0040e278                __zero_table = .
 *(.zero_table)
 .zero_table    0x0040e278       0x1c ./Project_Settings/Startup_Code/startup_cm7.o

.ARM.extab      0x0040e294        0x0
 .ARM.extab     0x0040e294        0x0 c:/nxp/s32ds.3.6.1/s32ds/build_tools/gcc_v10.2/gcc-10.2-arm32-eabi/bin/../lib/gcc/arm-none-eabi/10.2.0/thumb/v7e-m+fp/hard\libgcc.a(_udivmoddi4.o)

.ARM.exidx      0x0040e294        0x8
 .ARM.exidx     0x0040e294        0x8 c:/nxp/s32ds.3.6.1/s32ds/build_tools/gcc_v10.2/gcc-10.2-arm32-eabi/bin/../lib/gcc/arm-none-eabi/10.2.0/thumb/v7e-m+fp/hard\libgcc.a(_udivmoddi4.o)

.glue_7         0x0040e29c        0x0
 .glue_7        0x0040e29c        0x0 linker stubs

.glue_7t        0x0040e29c        0x0
 .glue_7t       0x0040e29c        0x0 linker stubs

.vfp11_veneer   0x0040e29c        0x0
 .vfp11_veneer  0x0040e29c        0x0 linker stubs

.v4_bx          0x0040e29c        0x0
 .v4_bx         0x0040e29c        0x0 linker stubs

.iplt           0x0040e29c        0x0
 .iplt          0x0040e29c        0x0 ./ASW/SWC_Main_Controller/Src/Init_Modules.o

.rel.dyn        0x0040e29c        0x0
 .rel.iplt      0x0040e29c        0x0 ./ASW/SWC_Main_Controller/Src/Init_Modules.o
                0x0040e29c                . = ALIGN (0x4)
                0x0040e29c                __text_end = .
                0x0040e29c                __sram_data_rom = __text_end

.sram_bss       0x20400000      0x1b4
                0x20400000                . = ALIGN (0x8)
                0x20400000                __standby_ram_begin__ = .
 *(.standby_data)
                0x20400000                . = ALIGN (0x8)
                0x20400000                __standby_ram_end__ = .
                0x20400000                . = ALIGN (0x10)
                0x20400000                __sram_bss_start = .
 *(.bss)
 .bss           0x20400000        0x0 ./ASW/SWC_Main_Controller/Src/Init_Modules.o
 .bss           0x20400000        0x0 ./ASW/SWC_Main_Controller/Src/swc_main_controller.o
 .bss           0x20400000        0x4 ./ASW/SWC_Main_Controller/Src/swc_os.o
 .bss           0x20400004        0x0 ./ASW/SWC_Memory/Src/swc_memory.o
 .bss           0x20400004        0x0 ./ASW/SWC_Tem_Pre_Hum/Src/swc_tem_pre_hum.o
 .bss           0x20400004        0x0 ./BSW/ecu/DRIVER_HUM/IF/Src/humidity.o
 .bss           0x20400004        0x0 ./BSW/ecu/DRIVER_IOHWAB/DIO/IF/Src/Init_DRV.o
 .bss           0x20400004       0x65 ./BSW/ecu/DRIVER_IRIDIUM/Src/Iridium9603.o
 *fill*         0x20400069        0x3 
 .bss           0x2040006c        0x9 ./BSW/ecu/DRIVER_MEM/IF/Src/mem.o
                0x2040006c                savedFrames
                0x20400070                memAddress
                0x20400074                isMemRewritten
 .bss           0x20400075        0x0 ./BSW/ecu/DRIVER_MEM/MAL/Src/SPIF_Driver.o
 *fill*         0x20400075        0x1 
 .bss           0x20400076       0x18 ./BSW/ecu/DRIVER_MS8607/SER/Src/MS8607_PTH.o
                0x20400076                ms8607_config
 .bss           0x2040008e        0x2 ./BSW/ecu/TimeCounter/IF/Src/timeCounter.o
                0x2040008e                current_time
 .bss           0x20400090        0xc ./BSW/mcal/Delay/Delay.o
                0x20400090                u32vTicks
                0x20400094                mils_to_minutes_counter
                0x20400098                mils_to_second_counter
 .bss           0x2040009c        0x0 ./BSW/mcal/GPIO/GPIO.o
 .bss           0x2040009c        0x0 ./BSW/mcal/I2C_MCAL/I2C.o
 .bss           0x2040009c        0x0 ./BSW/mcal/SPI_MCAL/SPI_MCAL.o
 .bss           0x2040009c        0x0 ./Project_Settings/Startup_Code/Vector_Table.o
 .bss           0x2040009c        0x0 ./Project_Settings/Startup_Code/exceptions.o
 .bss           0x2040009c        0x0 ./Project_Settings/Startup_Code/nvic.o
 .bss           0x2040009c        0x0 ./Project_Settings/Startup_Code/startup.o
 .bss           0x2040009c        0x0 ./Project_Settings/Startup_Code/startup_cm7.o
 .bss           0x2040009c       0x80 ./Project_Settings/Startup_Code/system.o
                0x2040009c                rbar
                0x204000dc                rasr
 .bss           0x2040011c        0x0 ./RTD/src/Clock_Ip.o
 .bss           0x2040011c        0x0 ./RTD/src/Clock_Ip_Data.o
 .bss           0x2040011c        0x0 ./RTD/src/Clock_Ip_Divider.o
 .bss           0x2040011c        0x0 ./RTD/src/Clock_Ip_DividerTrigger.o
 .bss           0x2040011c        0x0 ./RTD/src/Clock_Ip_ExtOsc.o
 .bss           0x2040011c        0x0 ./RTD/src/Clock_Ip_FracDiv.o
 .bss           0x2040011c        0x0 ./RTD/src/Clock_Ip_Frequency.o
 .bss           0x2040011c        0x0 ./RTD/src/Clock_Ip_Gate.o
 .bss           0x2040011c        0x0 ./RTD/src/Clock_Ip_IntOsc.o
 .bss           0x2040011c        0x0 ./RTD/src/Clock_Ip_Irq.o
 .bss           0x2040011c        0x0 ./RTD/src/Clock_Ip_Monitor.o
 .bss           0x2040011c        0x0 ./RTD/src/Clock_Ip_Pll.o
 .bss           0x2040011c        0x0 ./RTD/src/Clock_Ip_ProgFreqSwitch.o
 .bss           0x2040011c        0x0 ./RTD/src/Clock_Ip_Selector.o
 .bss           0x2040011c        0x0 ./RTD/src/Clock_Ip_Specific.o
 .bss           0x2040011c        0x0 ./RTD/src/Det.o
 .bss           0x2040011c        0x0 ./RTD/src/Det_stub.o
 .bss           0x2040011c        0x0 ./RTD/src/Igf_Port_Ip.o
 .bss           0x2040011c        0x0 ./RTD/src/Lpi2c_Ip.o
 .bss           0x2040011c        0x0 ./RTD/src/Lpi2c_Ip_Irq.o
 .bss           0x2040011c        0x0 ./RTD/src/Lpspi_Ip.o
 .bss           0x2040011c        0x0 ./RTD/src/Lpspi_Ip_Irq.o
 .bss           0x2040011c        0x0 ./RTD/src/OsIf_Interrupts.o
 .bss           0x2040011c        0x0 ./RTD/src/OsIf_Software_Semaphore.o
 .bss           0x2040011c        0x0 ./RTD/src/OsIf_Timer.o
 .bss           0x2040011c        0x0 ./RTD/src/OsIf_Timer_System.o
 .bss           0x2040011c        0x0 ./RTD/src/OsIf_Timer_System_Internal_Systick.o
 .bss           0x2040011c        0x0 ./RTD/src/SchM_BaseNXP.o
 .bss           0x2040011c        0x0 ./RTD/src/SchM_Dio.o
 .bss           0x2040011c        0x0 ./RTD/src/SchM_I2c.o
 .bss           0x2040011c        0x0 ./RTD/src/SchM_Mcu.o
 .bss           0x2040011c        0x0 ./RTD/src/SchM_Port.o
 .bss           0x2040011c        0x0 ./RTD/src/SchM_Spi.o
 .bss           0x2040011c        0x0 ./RTD/src/Siul2_Dio_Ip.o
 .bss           0x2040011c        0x0 ./RTD/src/Siul2_Port_Ip.o
 .bss           0x2040011c        0x0 ./RTD/src/Tspc_Port_Ip.o
 .bss           0x2040011c        0x0 ./board/Siul2_Port_Ip_Cfg.o
 .bss           0x2040011c        0x0 ./board/Tspc_Port_Ip_Cfg.o
 .bss           0x2040011c        0x0 ./generate/src/Clock_Ip_Cfg.o
 .bss           0x2040011c        0x0 ./generate/src/Igf_Port_Ip_Cfg.o
 .bss           0x2040011c        0x0 ./generate/src/Lpi2c_Ip_Sa_PBcfg.o
 .bss           0x2040011c        0x0 ./generate/src/Lpspi_Ip_Sa_PBcfg.o
 .bss           0x2040011c        0x0 ./generate/src/OsIf_Cfg.o
 .bss           0x2040011c        0x4 ./src/main.o
                0x2040011c                exit_code
 .bss           0x20400120        0x0 c:/nxp/s32ds.3.6.1/s32ds/build_tools/gcc_v10.2/gcc-10.2-arm32-eabi/bin/../lib/gcc/arm-none-eabi/10.2.0/../../../../arm-none-eabi/lib/thumb/v7e-m+fp/hard\libc_nano.a(lib_a-atoi.o)
 .bss           0x20400120        0x0 c:/nxp/s32ds.3.6.1/s32ds/build_tools/gcc_v10.2/gcc-10.2-arm32-eabi/bin/../lib/gcc/arm-none-eabi/10.2.0/../../../../arm-none-eabi/lib/thumb/v7e-m+fp/hard\libc_nano.a(lib_a-atol.o)
 .bss           0x20400120        0x0 c:/nxp/s32ds.3.6.1/s32ds/build_tools/gcc_v10.2/gcc-10.2-arm32-eabi/bin/../lib/gcc/arm-none-eabi/10.2.0/../../../../arm-none-eabi/lib/thumb/v7e-m+fp/hard\libc_nano.a(lib_a-memcpy-stub.o)
 .bss           0x20400120        0x0 c:/nxp/s32ds.3.6.1/s32ds/build_tools/gcc_v10.2/gcc-10.2-arm32-eabi/bin/../lib/gcc/arm-none-eabi/10.2.0/../../../../arm-none-eabi/lib/thumb/v7e-m+fp/hard\libc_nano.a(lib_a-memmove.o)
 .bss           0x20400120        0x0 c:/nxp/s32ds.3.6.1/s32ds/build_tools/gcc_v10.2/gcc-10.2-arm32-eabi/bin/../lib/gcc/arm-none-eabi/10.2.0/../../../../arm-none-eabi/lib/thumb/v7e-m+fp/hard\libc_nano.a(lib_a-memset.o)
 .bss           0x20400120        0x0 c:/nxp/s32ds.3.6.1/s32ds/build_tools/gcc_v10.2/gcc-10.2-arm32-eabi/bin/../lib/gcc/arm-none-eabi/10.2.0/../../../../arm-none-eabi/lib/thumb/v7e-m+fp/hard\libc_nano.a(lib_a-strchr.o)
 .bss           0x20400120        0x0 c:/nxp/s32ds.3.6.1/s32ds/build_tools/gcc_v10.2/gcc-10.2-arm32-eabi/bin/../lib/gcc/arm-none-eabi/10.2.0/../../../../arm-none-eabi/lib/thumb/v7e-m+fp/hard\libc_nano.a(lib_a-strstr.o)
 .bss           0x20400120        0x0 c:/nxp/s32ds.3.6.1/s32ds/build_tools/gcc_v10.2/gcc-10.2-arm32-eabi/bin/../lib/gcc/arm-none-eabi/10.2.0/../../../../arm-none-eabi/lib/thumb/v7e-m+fp/hard\libc_nano.a(lib_a-strtol.o)
 .bss           0x20400120        0x0 c:/nxp/s32ds.3.6.1/s32ds/build_tools/gcc_v10.2/gcc-10.2-arm32-eabi/bin/../lib/gcc/arm-none-eabi/10.2.0/../../../../arm-none-eabi/lib/thumb/v7e-m+fp/hard\libc_nano.a(lib_a-ctype_.o)
 .bss           0x20400120        0x0 c:/nxp/s32ds.3.6.1/s32ds/build_tools/gcc_v10.2/gcc-10.2-arm32-eabi/bin/../lib/gcc/arm-none-eabi/10.2.0/../../../../arm-none-eabi/lib/thumb/v7e-m+fp/hard\libc_nano.a(lib_a-errno.o)
 .bss           0x20400120        0x0 c:/nxp/s32ds.3.6.1/s32ds/build_tools/gcc_v10.2/gcc-10.2-arm32-eabi/bin/../lib/gcc/arm-none-eabi/10.2.0/../../../../arm-none-eabi/lib/thumb/v7e-m+fp/hard\libc_nano.a(lib_a-impure.o)
 .bss           0x20400120        0x0 c:/nxp/s32ds.3.6.1/s32ds/build_tools/gcc_v10.2/gcc-10.2-arm32-eabi/bin/../lib/gcc/arm-none-eabi/10.2.0/thumb/v7e-m+fp/hard\libgcc.a(_arm_addsubsf3.o)
 .bss           0x20400120        0x0 c:/nxp/s32ds.3.6.1/s32ds/build_tools/gcc_v10.2/gcc-10.2-arm32-eabi/bin/../lib/gcc/arm-none-eabi/10.2.0/thumb/v7e-m+fp/hard\libgcc.a(_aeabi_ldivmod.o)
 .bss           0x20400120        0x0 c:/nxp/s32ds.3.6.1/s32ds/build_tools/gcc_v10.2/gcc-10.2-arm32-eabi/bin/../lib/gcc/arm-none-eabi/10.2.0/thumb/v7e-m+fp/hard\libgcc.a(_aeabi_uldivmod.o)
 .bss           0x20400120        0x0 c:/nxp/s32ds.3.6.1/s32ds/build_tools/gcc_v10.2/gcc-10.2-arm32-eabi/bin/../lib/gcc/arm-none-eabi/10.2.0/thumb/v7e-m+fp/hard\libgcc.a(_udivmoddi4.o)
 .bss           0x20400120        0x0 c:/nxp/s32ds.3.6.1/s32ds/build_tools/gcc_v10.2/gcc-10.2-arm32-eabi/bin/../lib/gcc/arm-none-eabi/10.2.0/thumb/v7e-m+fp/hard\libgcc.a(_dvmd_tls.o)
 *(.bss*)
                0x20400120                . = ALIGN (0x10)
 *(.mcal_bss)
 .mcal_bss      0x20400120        0x4 ./Project_Settings/Startup_Code/system.o
                0x20400120                RESET_CATCH_CORE
 .mcal_bss      0x20400124       0x61 ./RTD/src/Clock_Ip.o
                0x20400128                Clock_Ip_FreqIds
                0x20400180                Clock_Ip_pxConfig
 *fill*         0x20400185        0x3 
 .mcal_bss      0x20400188        0xc ./RTD/src/Clock_Ip_Monitor.o
 *fill*         0x20400194        0x4 
 .mcal_bss      0x20400198        0x8 ./RTD/src/Clock_Ip_ProgFreqSwitch.o
 .mcal_bss      0x204001a0        0xc ./RTD/src/Clock_Ip_Specific.o
 .mcal_bss      0x204001ac        0x8 ./RTD/src/Siul2_Port_Ip.o
                0x204001b4                . = ALIGN (0x4)
                0x204001b4                __sram_bss_end = .

.sram_data      0x204001b8      0x190 load address 0x0040e29c
                0x204001b8                . = ALIGN (0x4)
                0x204001b8                __sram_data_begin__ = .
                0x204001b8                . = ALIGN (0x4)
 *(.ramcode)
 .ramcode       0x204001b8       0x98 ./RTD/src/Clock_Ip_Specific.o
                0x20400250                . = ALIGN (0x4)
 *(.data)
 .data          0x20400250        0x0 ./ASW/SWC_Main_Controller/Src/Init_Modules.o
 .data          0x20400250        0x8 ./ASW/SWC_Main_Controller/Src/swc_main_controller.o
                0x20400250                managment
 .data          0x20400258        0x0 ./ASW/SWC_Main_Controller/Src/swc_os.o
 .data          0x20400258        0x0 ./ASW/SWC_Memory/Src/swc_memory.o
 .data          0x20400258        0x0 ./ASW/SWC_Tem_Pre_Hum/Src/swc_tem_pre_hum.o
 .data          0x20400258        0x0 ./BSW/ecu/DRIVER_HUM/IF/Src/humidity.o
 .data          0x20400258        0x0 ./BSW/ecu/DRIVER_IOHWAB/DIO/IF/Src/Init_DRV.o
 .data          0x20400258        0x0 ./BSW/ecu/DRIVER_IRIDIUM/Src/Iridium9603.o
 .data          0x20400258        0x0 ./BSW/ecu/DRIVER_MEM/IF/Src/mem.o
 .data          0x20400258        0x0 ./BSW/ecu/DRIVER_MEM/MAL/Src/SPIF_Driver.o
 .data          0x20400258        0x0 ./BSW/ecu/DRIVER_MS8607/SER/Src/MS8607_PTH.o
 .data          0x20400258        0x0 ./BSW/ecu/TimeCounter/IF/Src/timeCounter.o
 .data          0x20400258        0x0 ./BSW/mcal/Delay/Delay.o
 .data          0x20400258        0x0 ./BSW/mcal/GPIO/GPIO.o
 .data          0x20400258        0x0 ./BSW/mcal/I2C_MCAL/I2C.o
 .data          0x20400258        0x0 ./BSW/mcal/SPI_MCAL/SPI_MCAL.o
 .data          0x20400258        0x0 ./Project_Settings/Startup_Code/Vector_Table.o
 .data          0x20400258        0x0 ./Project_Settings/Startup_Code/exceptions.o
 .data          0x20400258        0x0 ./Project_Settings/Startup_Code/nvic.o
 .data          0x20400258        0x0 ./Project_Settings/Startup_Code/startup.o
 .data          0x20400258        0x0 ./Project_Settings/Startup_Code/startup_cm7.o
 .data          0x20400258        0x0 ./Project_Settings/Startup_Code/system.o
 .data          0x20400258        0x4 ./RTD/src/Clock_Ip.o
 .data          0x2040025c        0x0 ./RTD/src/Clock_Ip_Data.o
 .data          0x2040025c        0x0 ./RTD/src/Clock_Ip_Divider.o
 .data          0x2040025c        0x0 ./RTD/src/Clock_Ip_DividerTrigger.o
 .data          0x2040025c        0x0 ./RTD/src/Clock_Ip_ExtOsc.o
 .data          0x2040025c        0x0 ./RTD/src/Clock_Ip_FracDiv.o
 .data          0x2040025c        0x0 ./RTD/src/Clock_Ip_Frequency.o
 .data          0x2040025c        0x0 ./RTD/src/Clock_Ip_Gate.o
 .data          0x2040025c        0x0 ./RTD/src/Clock_Ip_IntOsc.o
 .data          0x2040025c        0x0 ./RTD/src/Clock_Ip_Irq.o
 .data          0x2040025c        0x0 ./RTD/src/Clock_Ip_Monitor.o
 .data          0x2040025c        0x0 ./RTD/src/Clock_Ip_Pll.o
 .data          0x2040025c        0x0 ./RTD/src/Clock_Ip_ProgFreqSwitch.o
 .data          0x2040025c        0x0 ./RTD/src/Clock_Ip_Selector.o
 .data          0x2040025c        0x0 ./RTD/src/Clock_Ip_Specific.o
 .data          0x2040025c        0x0 ./RTD/src/Det.o
 .data          0x2040025c        0x0 ./RTD/src/Det_stub.o
 .data          0x2040025c        0x0 ./RTD/src/Igf_Port_Ip.o
 .data          0x2040025c        0x0 ./RTD/src/Lpi2c_Ip.o
 .data          0x2040025c        0x0 ./RTD/src/Lpi2c_Ip_Irq.o
 .data          0x2040025c        0x0 ./RTD/src/Lpspi_Ip.o
 .data          0x2040025c        0x0 ./RTD/src/Lpspi_Ip_Irq.o
 .data          0x2040025c        0x0 ./RTD/src/OsIf_Interrupts.o
 .data          0x2040025c        0x0 ./RTD/src/OsIf_Software_Semaphore.o
 .data          0x2040025c        0x0 ./RTD/src/OsIf_Timer.o
 .data          0x2040025c        0x0 ./RTD/src/OsIf_Timer_System.o
 .data          0x2040025c        0x0 ./RTD/src/OsIf_Timer_System_Internal_Systick.o
 .data          0x2040025c        0x0 ./RTD/src/SchM_BaseNXP.o
 .data          0x2040025c        0x0 ./RTD/src/SchM_Dio.o
 .data          0x2040025c        0x0 ./RTD/src/SchM_I2c.o
 .data          0x2040025c        0x0 ./RTD/src/SchM_Mcu.o
 .data          0x2040025c        0x0 ./RTD/src/SchM_Port.o
 .data          0x2040025c        0x0 ./RTD/src/SchM_Spi.o
 .data          0x2040025c        0x0 ./RTD/src/Siul2_Dio_Ip.o
 .data          0x2040025c        0x0 ./RTD/src/Siul2_Port_Ip.o
 .data          0x2040025c        0x0 ./RTD/src/Tspc_Port_Ip.o
 .data          0x2040025c        0x0 ./board/Siul2_Port_Ip_Cfg.o
 .data          0x2040025c        0x0 ./board/Tspc_Port_Ip_Cfg.o
 .data          0x2040025c        0x0 ./generate/src/Clock_Ip_Cfg.o
 .data          0x2040025c        0x0 ./generate/src/Igf_Port_Ip_Cfg.o
 .data          0x2040025c        0x0 ./generate/src/Lpi2c_Ip_Sa_PBcfg.o
 .data          0x2040025c        0x0 ./generate/src/Lpspi_Ip_Sa_PBcfg.o
 .data          0x2040025c        0x0 ./generate/src/OsIf_Cfg.o
 .data          0x2040025c        0x0 ./src/main.o
 .data          0x2040025c        0x0 c:/nxp/s32ds.3.6.1/s32ds/build_tools/gcc_v10.2/gcc-10.2-arm32-eabi/bin/../lib/gcc/arm-none-eabi/10.2.0/../../../../arm-none-eabi/lib/thumb/v7e-m+fp/hard\libc_nano.a(lib_a-atoi.o)
 .data          0x2040025c        0x0 c:/nxp/s32ds.3.6.1/s32ds/build_tools/gcc_v10.2/gcc-10.2-arm32-eabi/bin/../lib/gcc/arm-none-eabi/10.2.0/../../../../arm-none-eabi/lib/thumb/v7e-m+fp/hard\libc_nano.a(lib_a-atol.o)
 .data          0x2040025c        0x0 c:/nxp/s32ds.3.6.1/s32ds/build_tools/gcc_v10.2/gcc-10.2-arm32-eabi/bin/../lib/gcc/arm-none-eabi/10.2.0/../../../../arm-none-eabi/lib/thumb/v7e-m+fp/hard\libc_nano.a(lib_a-memcpy-stub.o)
 .data          0x2040025c        0x0 c:/nxp/s32ds.3.6.1/s32ds/build_tools/gcc_v10.2/gcc-10.2-arm32-eabi/bin/../lib/gcc/arm-none-eabi/10.2.0/../../../../arm-none-eabi/lib/thumb/v7e-m+fp/hard\libc_nano.a(lib_a-memmove.o)
 .data          0x2040025c        0x0 c:/nxp/s32ds.3.6.1/s32ds/build_tools/gcc_v10.2/gcc-10.2-arm32-eabi/bin/../lib/gcc/arm-none-eabi/10.2.0/../../../../arm-none-eabi/lib/thumb/v7e-m+fp/hard\libc_nano.a(lib_a-memset.o)
 .data          0x2040025c        0x0 c:/nxp/s32ds.3.6.1/s32ds/build_tools/gcc_v10.2/gcc-10.2-arm32-eabi/bin/../lib/gcc/arm-none-eabi/10.2.0/../../../../arm-none-eabi/lib/thumb/v7e-m+fp/hard\libc_nano.a(lib_a-strchr.o)
 .data          0x2040025c        0x0 c:/nxp/s32ds.3.6.1/s32ds/build_tools/gcc_v10.2/gcc-10.2-arm32-eabi/bin/../lib/gcc/arm-none-eabi/10.2.0/../../../../arm-none-eabi/lib/thumb/v7e-m+fp/hard\libc_nano.a(lib_a-strstr.o)
 .data          0x2040025c        0x0 c:/nxp/s32ds.3.6.1/s32ds/build_tools/gcc_v10.2/gcc-10.2-arm32-eabi/bin/../lib/gcc/arm-none-eabi/10.2.0/../../../../arm-none-eabi/lib/thumb/v7e-m+fp/hard\libc_nano.a(lib_a-strtol.o)
 .data          0x2040025c        0x0 c:/nxp/s32ds.3.6.1/s32ds/build_tools/gcc_v10.2/gcc-10.2-arm32-eabi/bin/../lib/gcc/arm-none-eabi/10.2.0/../../../../arm-none-eabi/lib/thumb/v7e-m+fp/hard\libc_nano.a(lib_a-ctype_.o)
 .data          0x2040025c        0x0 c:/nxp/s32ds.3.6.1/s32ds/build_tools/gcc_v10.2/gcc-10.2-arm32-eabi/bin/../lib/gcc/arm-none-eabi/10.2.0/../../../../arm-none-eabi/lib/thumb/v7e-m+fp/hard\libc_nano.a(lib_a-errno.o)
 .data          0x2040025c        0x0 c:/nxp/s32ds.3.6.1/s32ds/build_tools/gcc_v10.2/gcc-10.2-arm32-eabi/bin/../lib/gcc/arm-none-eabi/10.2.0/../../../../arm-none-eabi/lib/thumb/v7e-m+fp/hard\libc_nano.a(lib_a-impure.o)
 .data          0x2040025c        0x0 c:/nxp/s32ds.3.6.1/s32ds/build_tools/gcc_v10.2/gcc-10.2-arm32-eabi/bin/../lib/gcc/arm-none-eabi/10.2.0/thumb/v7e-m+fp/hard\libgcc.a(_arm_addsubsf3.o)
 .data          0x2040025c        0x0 c:/nxp/s32ds.3.6.1/s32ds/build_tools/gcc_v10.2/gcc-10.2-arm32-eabi/bin/../lib/gcc/arm-none-eabi/10.2.0/thumb/v7e-m+fp/hard\libgcc.a(_aeabi_ldivmod.o)
 .data          0x2040025c        0x0 c:/nxp/s32ds.3.6.1/s32ds/build_tools/gcc_v10.2/gcc-10.2-arm32-eabi/bin/../lib/gcc/arm-none-eabi/10.2.0/thumb/v7e-m+fp/hard\libgcc.a(_aeabi_uldivmod.o)
 .data          0x2040025c        0x0 c:/nxp/s32ds.3.6.1/s32ds/build_tools/gcc_v10.2/gcc-10.2-arm32-eabi/bin/../lib/gcc/arm-none-eabi/10.2.0/thumb/v7e-m+fp/hard\libgcc.a(_udivmoddi4.o)
 .data          0x2040025c        0x0 c:/nxp/s32ds.3.6.1/s32ds/build_tools/gcc_v10.2/gcc-10.2-arm32-eabi/bin/../lib/gcc/arm-none-eabi/10.2.0/thumb/v7e-m+fp/hard\libgcc.a(_dvmd_tls.o)
 *(.data*)
 .data._impure_ptr
                0x2040025c        0x4 c:/nxp/s32ds.3.6.1/s32ds/build_tools/gcc_v10.2/gcc-10.2-arm32-eabi/bin/../lib/gcc/arm-none-eabi/10.2.0/../../../../arm-none-eabi/lib/thumb/v7e-m+fp/hard\libc_nano.a(lib_a-impure.o)
                0x2040025c                _impure_ptr
 .data.impure_data
                0x20400260       0x60 c:/nxp/s32ds.3.6.1/s32ds/build_tools/gcc_v10.2/gcc-10.2-arm32-eabi/bin/../lib/gcc/arm-none-eabi/10.2.0/../../../../arm-none-eabi/lib/thumb/v7e-m+fp/hard\libc_nano.a(lib_a-impure.o)
                0x204002c0                . = ALIGN (0x4)
 *(.mcal_data)
 .mcal_data     0x204002c0       0x7c ./RTD/src/Clock_Ip_Frequency.o
 .mcal_data     0x2040033c        0x4 ./RTD/src/Siul2_Dio_Ip.o
                0x2040033c                Siul2_Dio_Ip_au32BaseAdresses
 .mcal_data     0x20400340        0x8 ./generate/src/Lpspi_Ip_Sa_PBcfg.o
                0x20400348                . = ALIGN (0x4)
                0x20400348                __sram_data_end__ = .
                0x0040e42c                __sram_data_rom_end = (__sram_data_rom + (__sram_data_end__ - __sram_data_begin__))

.heap           0x20400348      0x200 load address 0x0040e42c
                0x00000000                . = (. + ALIGN (0x4))
                0x20400348                _end = .
                0x20400348                end = .
                0x20400348                _heap_start = .
                0x00000200                . = (. + HEAP_SIZE)
 *fill*         0x20400348      0x200 
                0x20400548                _heap_end = .

.acfls_code_ram
                0x20407f00        0x0
                0x20407f00                __acfls_code_ram_start = .
 *(.acfls_code_ram)
                0x20407f00                __acfls_code_ram_end = .
                0x20407f00                __acmem_43_infls_code_ram_start = .
 *(.acmem_43_infls_code_ram)
                0x20407f00                __acmem_43_infls_code_ram_end = .
                0x0040e42c                __non_cacheable_data_rom = __sram_data_rom_end

.non_cacheable_data
                0x20408000        0x4 load address 0x0040e42c
                0x20408000                . = ALIGN (0x4)
                0x20408000                __non_cacheable_data_start__ = .
 *(.mcal_data_no_cacheable)
                0x20408000                . = ALIGN (0x4)
 *(.mcal_const_no_cacheable)
                0x20408000                . = ALIGN (0x4)
                0x20408000                HSE_LOOP_ADDR = .
                0x20408000        0x4 LONG 0x0
                0x20408004                __non_cacheable_data_end__ = .
                0x0040e430                __non_cacheable_data_rom_end = (__non_cacheable_data_rom + (__non_cacheable_data_end__ - __non_cacheable_data_start__))

.igot.plt       0x20408004        0x0 load address 0x0040e430
 .igot.plt      0x20408004        0x0 ./ASW/SWC_Main_Controller/Src/Init_Modules.o

.non_cacheable_bss
                0x20408004     0x148c load address 0x0040e430
                0x20408010                . = ALIGN (0x10)
 *fill*         0x20408004        0xc 
                0x20408010                __non_cacheable_bss_start = .
 *(.mcal_bss_no_cacheable)
 .mcal_bss_no_cacheable
                0x20408010      0x7a0 ./RTD/src/Det.o
                0x20408010                Det_NextIdxList
                0x20408060                Det_RuntimeErrorId
                0x20408088                Det_aErrorState
                0x204081a8                Det_Runtime_NextIdxList
                0x204081f8                Det_aRuntimeErrorState
                0x20408318                Det_ModuleId
                0x20408368                Det_numTransientEventErrors
                0x20408388                Det_TransientInstanceId
                0x204083b0                Det_RuntimeModuleId
                0x20408400                Det_TransientFaultId
                0x20408428                Det_OverflowErrorFlag
                0x20408430                Det_Transient_Head
                0x20408440                Det_RuntimeInstanceId
                0x20408468                Det_ModuleState
                0x20408488                Det_OverflowRuntimeErrorFlag
                0x20408490                Det_RuntimeApiId
                0x204084b8                Det_OverflowTransientErrorFlag
                0x204084c0                Det_Head
                0x204084d0                Det_numEventErrors
                0x204084f0                Det_Runtime_Head
                0x20408500                Det_Tail
                0x20408510                Det_InstanceId
                0x20408538                Det_numRuntimeEventErrors
                0x20408558                Det_Runtime_Tail
                0x20408568                Det_TransientApiId
                0x20408590                Det_ApiId
                0x204085b8                Det_Transient_NextIdxList
                0x20408608                Det_aTransientErrorState
                0x20408728                Det_Transient_Tail
                0x20408738                Det_ErrorId
                0x20408760                Det_TransientModuleId
 .mcal_bss_no_cacheable
                0x204087b0       0xb8 ./RTD/src/Lpi2c_Ip.o
 .mcal_bss_no_cacheable
                0x20408868       0x68 ./RTD/src/Lpspi_Ip.o
 .mcal_bss_no_cacheable
                0x204088d0       0x40 ./RTD/src/SchM_BaseNXP.o
 .mcal_bss_no_cacheable
                0x20408910       0x40 ./RTD/src/SchM_Dio.o
 .mcal_bss_no_cacheable
                0x20408950      0x420 ./RTD/src/SchM_I2c.o
 .mcal_bss_no_cacheable
                0x20408d70       0x60 ./RTD/src/SchM_Mcu.o
 .mcal_bss_no_cacheable
                0x20408dd0      0x380 ./RTD/src/SchM_Port.o
 .mcal_bss_no_cacheable
                0x20409150      0x340 ./RTD/src/SchM_Spi.o
                0x20409490                . = ALIGN (0x4)
                0x20409490                __non_cacheable_bss_end = .

.int_results    0x2040ff00      0x100
                0x2040ff00                . = ALIGN (0x4)
 *(.int_results)
                0x20410000                . = (. + 0x100)
 *fill*         0x2040ff00      0x100 
                0x0040e430                __shareable_data_rom = __non_cacheable_data_rom_end

.shareable_data
                0x20410000        0x0 load address 0x0040e430
                0x20410000                . = ALIGN (0x4)
                0x20410000                __shareable_data_start__ = .
 *(.mcal_shared_data)
                0x20410000                . = ALIGN (0x4)
                0x20410000                __shareable_data_end__ = .
                0x0040e430                __shareable_data_rom_end = (__shareable_data_rom + (__shareable_data_end__ - __shareable_data_start__))

.int_vector     0x20000000      0x408
                0x20000000                . = ALIGN (0x800)
                0x20000000                __interrupts_ram_start = .
                0x20000408                . = (. + (__interrupts_init_end - __interrupts_init_start))
 *fill*         0x20000000      0x408 
                0x20000408                . = ALIGN (0x4)
                0x20000408                __interrupts_ram_end = .
                0x0040e430                __tcm_data_rom = __shareable_data_rom_end

.data_tcm_data  0x20000408        0x0 load address 0x0040e430
                0x20000408                . = ALIGN (0x4)
                0x20000408                __dtcm_data_start__ = .
 *(.dtcm_data*)
                0x20000408                . = ALIGN (0x4)
                0x20000408                __dtcm_data_end__ = .
                0x0040e430                __tcm_data_rom_end = (__tcm_data_rom + (__dtcm_data_end__ - __dtcm_data_start__))

.bss_tcm_data   0x20000408        0x0
                0x20000408                . = ALIGN (0x4)
                0x20000408                __dtcm_bss_start__ = .
 *(.dtcm_bss*)
                0x20000408                . = ALIGN (0x4)
                0x20000408                __dtcm_bss_end__ = .
                0x0040e430                __tcm_code_rom_start = __tcm_data_rom_end

.itcm_text      0x00000000        0x0 load address 0x0040e430
                0x00000000                . = ALIGN (0x4)
                0x00000000                __itcm_start__ = .
 *(.itcm_text*)
                0x00000000                . = ALIGN (0x4)
                0x00000000                __itcm_end__ = .
                0x0040e430                __tcm_code_rom_end = (__tcm_code_rom_start + (__itcm_end__ - __itcm_start__))

.shareable_bss  0x20410000        0x0
                0x20410000                . = ALIGN (0x10)
                0x20410000                __shareable_bss_start = .
 *(.mcal_shared_bss)
                0x20410000                . = ALIGN (0x4)
                0x20410000                __shareable_bss_end = .
                0x2000f000                __Stack_dtcm_end = ORIGIN (int_stack_dtcm)
                0x20010000                __Stack_dtcm_start = (ORIGIN (int_stack_dtcm) + LENGTH (int_stack_dtcm))
                0x20400000                __INT_SRAM_START = ORIGIN (int_sram)
                0x20418000                __INT_SRAM_END = ORIGIN (ram_rsvd2)
                0x00000000                __INT_ITCM_START = ORIGIN (int_itcm)
                0x00008000                __INT_ITCM_END = (ORIGIN (int_itcm) + LENGTH (int_itcm))
                0x20000000                __INT_DTCM_START = ORIGIN (int_dtcm)
                0x20010000                __INT_DTCM_END = ((ORIGIN (int_dtcm) + LENGTH (int_dtcm)) + LENGTH (int_stack_dtcm))
                0x20410000                __RAM_SHAREABLE_START = __shareable_data_start__
                0x0000000f                __RAM_SHAREABLE_SIZE = 0xf
                0x0040e430                __ROM_SHAREABLE_START = __shareable_data_rom
                0x0040e430                __ROM_SHAREABLE_END = __shareable_data_rom_end
                0x20408000                __RAM_NO_CACHEABLE_START = __non_cacheable_data_start__
                0x0000000f                __RAM_NO_CACHEABLE_SIZE = 0xf
                0x0040e42c                __ROM_NO_CACHEABLE_START = __non_cacheable_data_rom
                0x0040e430                __ROM_NO_CACHEABLE_END = __non_cacheable_data_rom_end
                0x204001b8                __RAM_CACHEABLE_START = __sram_data_begin__
                0x0000000f                __RAM_CACHEABLE_SIZE = 0xf
                0x0040e29c                __ROM_CACHEABLE_START = __sram_data_rom
                0x0040e42c                __ROM_CACHEABLE_END = __sram_data_rom_end
                0x00400000                __ROM_CODE_START = ORIGIN (int_pflash)
                0x10000000                __ROM_DATA_START = ORIGIN (int_dflash)
                0x20400000                __BSS_SRAM_START = __sram_bss_start
                0x204001b4                __BSS_SRAM_END = __sram_bss_end
                0x000001b4                __BSS_SRAM_SIZE = (__sram_bss_end - __sram_bss_start)
                0x20408010                __BSS_SRAM_NC_START = __non_cacheable_bss_start
                0x00001480                __BSS_SRAM_NC_SIZE = (__non_cacheable_bss_end - __non_cacheable_bss_start)
                0x20409490                __BSS_SRAM_NC_END = __non_cacheable_bss_end
                0x20410000                __BSS_SRAM_SH_START = __shareable_bss_start
                0x00000000                __BSS_SRAM_SH_SIZE = (__shareable_bss_end - __shareable_bss_start)
                0x20410000                __BSS_SRAM_SH_END = __shareable_bss_end
                0x20000000                __RAM_INTERRUPT_START = __interrupts_ram_start
                0x00402000                __INIT_INTERRUPT_START = __interrupts_init_start
                0x00402408                __INIT_INTERRUPT_END = __interrupts_init_end
                0x00000000                __RAM_ITCM_START = __itcm_start__
                0x0040e430                __ROM_ITCM_START = __tcm_code_rom_start
                0x0040e430                __ROM_ITCM_END = __tcm_code_rom_end
                0x20000408                __RAM_DTCM_DATA_START = __dtcm_data_start__
                0x0040e430                __ROM_DTCM_DATA_START = __tcm_data_rom
                0x0040e430                __ROM_DTCM_END = __tcm_data_rom_end
                0x0040e22c                __INIT_TABLE = __init_table
                0x0040e278                __ZERO_TABLE = __zero_table
                0x00000001                __RAM_INIT = 0x1
                0x00000001                __ITCM_INIT = 0x1
                0x00000001                __DTCM_INIT = 0x1
                0x0040c1b0                Fls_ACEraseRomStart = __acfls_code_rom_start
                0x0040c200                Fls_ACEraseRomEnd = __acfls_code_rom_end
                0x00000014                Fls_ACEraseSize = ((__acfls_code_rom_end - __acfls_code_rom_start) / 0x4)
                0x0040c1b0                Fls_ACWriteRomStart = __acfls_code_rom_start
                0x0040c200                Fls_ACWriteRomEnd = __acfls_code_rom_end
                0x00000014                Fls_ACWriteSize = ((__acfls_code_rom_end - __acfls_code_rom_start) / 0x4)
                0x20407f00                _ERASE_FUNC_ADDRESS_ = __acfls_code_ram_start
                0x20407f00                _WRITE_FUNC_ADDRESS_ = __acfls_code_ram_start
                0x0040c200                Mem_43_INFLS_ACEraseRomStart = __acmem_43_infls_code_rom_start
                0x0040c200                Mem_43_INFLS_ACEraseRomEnd = __acmem_43_infls_code_rom_end
                0x00000000                Mem_43_INFLS_ACEraseSize = (((__acmem_43_infls_code_rom_end - __acmem_43_infls_code_rom_start) + 0x3) / 0x4)
                0x0040c200                Mem_43_INFLS_ACWriteRomStart = __acmem_43_infls_code_rom_start
                0x0040c200                Mem_43_INFLS_ACWriteRomEnd = __acmem_43_infls_code_rom_end
                0x00000000                Mem_43_INFLS_ACWriteSize = (((__acmem_43_infls_code_rom_end - __acmem_43_infls_code_rom_start) + 0x3) / 0x4)
                0x20407f00                _MEM_43_INFLS_ERASE_FUNC_ADDRESS_ = __acmem_43_infls_code_ram_start
                0x20407f00                _MEM_43_INFLS_WRITE_FUNC_ADDRESS_ = __acmem_43_infls_code_ram_start
                0x00402000                __ENTRY_VTABLE = __INIT_INTERRUPT_START
                0x00402000                __CORE0_VTOR = __INIT_INTERRUPT_START
                0x00402000                __CORE1_VTOR = __INIT_INTERRUPT_START
                0x00402000                __CORE2_VTOR = __INIT_INTERRUPT_START
                0x00402000                __CORE3_VTOR = __INIT_INTERRUPT_START
                0x00000003                __INDEX_COPY_CORE2 = 0x3
                0x00000001                ASSERT ((__standby_ram_end__ <= __STANDBY_RAM_LIMIT_END), Memory for standby ram overflow)
OUTPUT(EMIDSS_8.elf elf32-littlearm)
LOAD linker stubs

.debug_info     0x00000000    0x2f718
 .debug_info    0x00000000       0xf3 ./ASW/SWC_Main_Controller/Src/Init_Modules.o